[2024-12-04T11:12:19.075+0100][gc,init] CardTable entry size: 512
[2024-12-04T11:12:19.075+0100][gc     ] Using G1
[2024-12-04T11:12:19.086+0100][gc,init] Version: 22+36-2370 (release)
[2024-12-04T11:12:19.086+0100][gc,init] CPUs: 8 total, 8 available
[2024-12-04T11:12:19.086+0100][gc,init] Memory: 15667M
[2024-12-04T11:12:19.086+0100][gc,init] Large Page Support: Disabled
[2024-12-04T11:12:19.086+0100][gc,init] NUMA Support: Disabled
[2024-12-04T11:12:19.086+0100][gc,init] Compressed Oops: Enabled (32-bit)
[2024-12-04T11:12:19.086+0100][gc,init] Heap Region Size: 1M
[2024-12-04T11:12:19.086+0100][gc,init] Heap Min Capacity: 1G
[2024-12-04T11:12:19.086+0100][gc,init] Heap Initial Capacity: 1G
[2024-12-04T11:12:19.086+0100][gc,init] Heap Max Capacity: 1G
[2024-12-04T11:12:19.086+0100][gc,init] Pre-touch: Disabled
[2024-12-04T11:12:19.086+0100][gc,init] Parallel Workers: 8
[2024-12-04T11:12:19.086+0100][gc,init] Concurrent Workers: 2
[2024-12-04T11:12:19.086+0100][gc,init] Concurrent Refinement Workers: 8
[2024-12-04T11:12:19.086+0100][gc,init] Periodic GC: Disabled
[2024-12-04T11:12:19.091+0100][gc,metaspace] CDS archive(s) mapped at: [0x000074905a000000-0x000074905ac79000-0x000074905ac79000), size 13078528, SharedBaseAddress: 0x000074905a000000, ArchiveRelocationMode: 1.
[2024-12-04T11:12:19.091+0100][gc,metaspace] Compressed class space mapped at: 0x000074905b000000-0x000074909b000000, reserved size: 1073741824
[2024-12-04T11:12:19.091+0100][gc,metaspace] Narrow klass base: 0x000074905a000000, Narrow klass shift: 0, Narrow klass range: 0x100000000
[2024-12-04T11:12:19.985+0100][gc,start    ] GC(0) Pause Young (Normal) (G1 Evacuation Pause)
[2024-12-04T11:12:19.985+0100][gc,task     ] GC(0) Using 8 workers of 8 for evacuation
[2024-12-04T11:12:19.989+0100][gc,phases   ] GC(0)   Pre Evacuate Collection Set: 0.17ms
[2024-12-04T11:12:19.990+0100][gc,phases   ] GC(0)   Merge Heap Roots: 0.07ms
[2024-12-04T11:12:19.990+0100][gc,phases   ] GC(0)   Evacuate Collection Set: 3.46ms
[2024-12-04T11:12:19.990+0100][gc,phases   ] GC(0)   Post Evacuate Collection Set: 0.43ms
[2024-12-04T11:12:19.990+0100][gc,phases   ] GC(0)   Other: 0.62ms
[2024-12-04T11:12:19.990+0100][gc,heap     ] GC(0) Eden regions: 51->0(44)
[2024-12-04T11:12:19.990+0100][gc,heap     ] GC(0) Survivor regions: 0->7(7)
[2024-12-04T11:12:19.990+0100][gc,heap     ] GC(0) Old regions: 2->4
[2024-12-04T11:12:19.990+0100][gc,heap     ] GC(0) Humongous regions: 0->0
[2024-12-04T11:12:19.990+0100][gc,metaspace] GC(0) Metaspace: 17002K(17216K)->17002K(17216K) NonClass: 15065K(15232K)->15065K(15232K) Class: 1936K(1984K)->1936K(1984K)
[2024-12-04T11:12:19.990+0100][gc          ] GC(0) Pause Young (Normal) (G1 Evacuation Pause) 52M->9M(1024M) 4.941ms
[2024-12-04T11:12:19.990+0100][gc,cpu      ] GC(0) User=0.02s Sys=0.01s Real=0.01s
[2024-12-04T11:12:20.119+0100][gc,start    ] GC(1) Pause Young (Concurrent Start) (Metadata GC Threshold)
[2024-12-04T11:12:20.119+0100][gc,task     ] GC(1) Using 8 workers of 8 for evacuation
[2024-12-04T11:12:20.122+0100][gc,phases   ] GC(1)   Pre Evacuate Collection Set: 0.26ms
[2024-12-04T11:12:20.122+0100][gc,phases   ] GC(1)   Merge Heap Roots: 0.03ms
[2024-12-04T11:12:20.122+0100][gc,phases   ] GC(1)   Evacuate Collection Set: 2.51ms
[2024-12-04T11:12:20.122+0100][gc,phases   ] GC(1)   Post Evacuate Collection Set: 0.26ms
[2024-12-04T11:12:20.122+0100][gc,phases   ] GC(1)   Other: 0.07ms
[2024-12-04T11:12:20.122+0100][gc,heap     ] GC(1) Eden regions: 15->0(49)
[2024-12-04T11:12:20.122+0100][gc,heap     ] GC(1) Survivor regions: 7->2(7)
[2024-12-04T11:12:20.122+0100][gc,heap     ] GC(1) Old regions: 4->11
[2024-12-04T11:12:20.122+0100][gc,heap     ] GC(1) Humongous regions: 0->0
[2024-12-04T11:12:20.122+0100][gc,metaspace] GC(1) Metaspace: 21287K(21504K)->21287K(21504K) NonClass: 19029K(19136K)->19029K(19136K) Class: 2258K(2368K)->2258K(2368K)
[2024-12-04T11:12:20.122+0100][gc          ] GC(1) Pause Young (Concurrent Start) (Metadata GC Threshold) 24M->10M(1024M) 3.261ms
[2024-12-04T11:12:20.122+0100][gc,cpu      ] GC(1) User=0.02s Sys=0.00s Real=0.00s
[2024-12-04T11:12:20.122+0100][gc          ] GC(2) Concurrent Mark Cycle
[2024-12-04T11:12:20.122+0100][gc,marking  ] GC(2) Concurrent Scan Root Regions
[2024-12-04T11:12:20.124+0100][gc,marking  ] GC(2) Concurrent Scan Root Regions 1.922ms
[2024-12-04T11:12:20.125+0100][gc,marking  ] GC(2) Concurrent Mark
[2024-12-04T11:12:20.125+0100][gc,marking  ] GC(2) Concurrent Mark From Roots
[2024-12-04T11:12:20.125+0100][gc,task     ] GC(2) Using 2 workers of 2 for marking
[2024-12-04T11:12:20.127+0100][gc,marking  ] GC(2) Concurrent Mark From Roots 2.346ms
[2024-12-04T11:12:20.127+0100][gc,marking  ] GC(2) Concurrent Preclean
[2024-12-04T11:12:20.127+0100][gc,marking  ] GC(2) Concurrent Preclean 0.015ms
[2024-12-04T11:12:20.127+0100][gc,start    ] GC(2) Pause Remark
[2024-12-04T11:12:20.128+0100][gc          ] GC(2) Pause Remark 11M->11M(1024M) 1.175ms
[2024-12-04T11:12:20.128+0100][gc,cpu      ] GC(2) User=0.00s Sys=0.00s Real=0.00s
[2024-12-04T11:12:20.128+0100][gc,marking  ] GC(2) Concurrent Mark 3.794ms
[2024-12-04T11:12:20.128+0100][gc,marking  ] GC(2) Concurrent Rebuild Remembered Sets and Scrub Regions
[2024-12-04T11:12:20.130+0100][gc,marking  ] GC(2) Concurrent Rebuild Remembered Sets and Scrub Regions 1.982ms
[2024-12-04T11:12:20.131+0100][gc,start    ] GC(2) Pause Cleanup
[2024-12-04T11:12:20.131+0100][gc          ] GC(2) Pause Cleanup 11M->11M(1024M) 0.140ms
[2024-12-04T11:12:20.131+0100][gc,cpu      ] GC(2) User=0.00s Sys=0.00s Real=0.00s
[2024-12-04T11:12:20.131+0100][gc,marking  ] GC(2) Concurrent Clear Claimed Marks
[2024-12-04T11:12:20.131+0100][gc,marking  ] GC(2) Concurrent Clear Claimed Marks 0.015ms
[2024-12-04T11:12:20.131+0100][gc,marking  ] GC(2) Concurrent Cleanup for Next Mark
[2024-12-04T11:12:20.135+0100][gc,marking  ] GC(2) Concurrent Cleanup for Next Mark 3.889ms
[2024-12-04T11:12:20.135+0100][gc          ] GC(2) Concurrent Mark Cycle 12.645ms
[2024-12-04T11:12:20.866+0100][gc,start    ] GC(3) Pause Young (Prepare Mixed) (G1 Evacuation Pause)
[2024-12-04T11:12:20.866+0100][gc,task     ] GC(3) Using 8 workers of 8 for evacuation
[2024-12-04T11:12:20.869+0100][gc,phases   ] GC(3)   Pre Evacuate Collection Set: 0.19ms
[2024-12-04T11:12:20.869+0100][gc,phases   ] GC(3)   Merge Heap Roots: 0.04ms
[2024-12-04T11:12:20.869+0100][gc,phases   ] GC(3)   Evacuate Collection Set: 2.51ms
[2024-12-04T11:12:20.869+0100][gc,phases   ] GC(3)   Post Evacuate Collection Set: 0.34ms
[2024-12-04T11:12:20.869+0100][gc,phases   ] GC(3)   Other: 0.06ms
[2024-12-04T11:12:20.869+0100][gc,heap     ] GC(3) Eden regions: 49->0(45)
[2024-12-04T11:12:20.869+0100][gc,heap     ] GC(3) Survivor regions: 2->6(7)
[2024-12-04T11:12:20.869+0100][gc,heap     ] GC(3) Old regions: 11->11
[2024-12-04T11:12:20.869+0100][gc,heap     ] GC(3) Humongous regions: 9->9
[2024-12-04T11:12:20.869+0100][gc,metaspace] GC(3) Metaspace: 31176K(31552K)->31176K(31552K) NonClass: 27663K(27840K)->27663K(27840K) Class: 3513K(3712K)->3513K(3712K)
[2024-12-04T11:12:20.869+0100][gc          ] GC(3) Pause Young (Prepare Mixed) (G1 Evacuation Pause) 68M->23M(1024M) 3.308ms
[2024-12-04T11:12:20.869+0100][gc,cpu      ] GC(3) User=0.02s Sys=0.00s Real=0.01s
[2024-12-04T11:12:21.108+0100][gc,start    ] GC(4) Pause Young (Mixed) (Metadata GC Threshold)
[2024-12-04T11:12:21.108+0100][gc,task     ] GC(4) Using 8 workers of 8 for evacuation
[2024-12-04T11:12:21.114+0100][gc,phases   ] GC(4)   Pre Evacuate Collection Set: 0.25ms
[2024-12-04T11:12:21.114+0100][gc,phases   ] GC(4)   Merge Heap Roots: 0.05ms
[2024-12-04T11:12:21.114+0100][gc,phases   ] GC(4)   Evacuate Collection Set: 4.59ms
[2024-12-04T11:12:21.114+0100][gc,phases   ] GC(4)   Post Evacuate Collection Set: 0.47ms
[2024-12-04T11:12:21.114+0100][gc,phases   ] GC(4)   Other: 0.07ms
[2024-12-04T11:12:21.114+0100][gc,heap     ] GC(4) Eden regions: 36->0(46)
[2024-12-04T11:12:21.114+0100][gc,heap     ] GC(4) Survivor regions: 6->5(7)
[2024-12-04T11:12:21.114+0100][gc,heap     ] GC(4) Old regions: 11->14
[2024-12-04T11:12:21.114+0100][gc,heap     ] GC(4) Humongous regions: 9->9
[2024-12-04T11:12:21.114+0100][gc,metaspace] GC(4) Metaspace: 35783K(36096K)->35783K(36096K) NonClass: 31787K(31936K)->31787K(31936K) Class: 3996K(4160K)->3996K(4160K)
[2024-12-04T11:12:21.114+0100][gc          ] GC(4) Pause Young (Mixed) (Metadata GC Threshold) 59M->26M(1024M) 5.630ms
[2024-12-04T11:12:21.114+0100][gc,cpu      ] GC(4) User=0.03s Sys=0.01s Real=0.00s
[2024-12-04T11:12:21.128+0100][gc,start    ] GC(5) Pause Young (Concurrent Start) (Metadata GC Threshold)
[2024-12-04T11:12:21.128+0100][gc,task     ] GC(5) Using 8 workers of 8 for evacuation
[2024-12-04T11:12:21.132+0100][gc,phases   ] GC(5)   Pre Evacuate Collection Set: 0.32ms
[2024-12-04T11:12:21.132+0100][gc,phases   ] GC(5)   Merge Heap Roots: 0.04ms
[2024-12-04T11:12:21.132+0100][gc,phases   ] GC(5)   Evacuate Collection Set: 2.74ms
[2024-12-04T11:12:21.132+0100][gc,phases   ] GC(5)   Post Evacuate Collection Set: 0.25ms
[2024-12-04T11:12:21.132+0100][gc,phases   ] GC(5)   Other: 0.07ms
[2024-12-04T11:12:21.132+0100][gc,heap     ] GC(5) Eden regions: 1->0(50)
[2024-12-04T11:12:21.132+0100][gc,heap     ] GC(5) Survivor regions: 5->1(7)
[2024-12-04T11:12:21.132+0100][gc,heap     ] GC(5) Old regions: 14->18
[2024-12-04T11:12:21.132+0100][gc,heap     ] GC(5) Humongous regions: 9->9
[2024-12-04T11:12:21.132+0100][gc,metaspace] GC(5) Metaspace: 36057K(36416K)->36057K(36416K) NonClass: 32047K(32256K)->32047K(32256K) Class: 4009K(4160K)->4009K(4160K)
[2024-12-04T11:12:21.132+0100][gc          ] GC(5) Pause Young (Concurrent Start) (Metadata GC Threshold) 27M->26M(1024M) 3.604ms
[2024-12-04T11:12:21.132+0100][gc          ] GC(6) Concurrent Mark Cycle
[2024-12-04T11:12:21.132+0100][gc,cpu      ] GC(5) User=0.02s Sys=0.00s Real=0.00s
[2024-12-04T11:12:21.132+0100][gc,marking  ] GC(6) Concurrent Scan Root Regions
[2024-12-04T11:12:21.134+0100][gc,marking  ] GC(6) Concurrent Scan Root Regions 2.027ms
[2024-12-04T11:12:21.134+0100][gc,marking  ] GC(6) Concurrent Mark
[2024-12-04T11:12:21.134+0100][gc,marking  ] GC(6) Concurrent Mark From Roots
[2024-12-04T11:12:21.134+0100][gc,task     ] GC(6) Using 2 workers of 2 for marking
[2024-12-04T11:12:21.144+0100][gc,marking  ] GC(6) Concurrent Mark From Roots 9.581ms
[2024-12-04T11:12:21.144+0100][gc,marking  ] GC(6) Concurrent Preclean
[2024-12-04T11:12:21.144+0100][gc,marking  ] GC(6) Concurrent Preclean 0.040ms
[2024-12-04T11:12:21.144+0100][gc,start    ] GC(6) Pause Remark
[2024-12-04T11:12:21.146+0100][gc          ] GC(6) Pause Remark 27M->27M(1024M) 1.994ms
[2024-12-04T11:12:21.146+0100][gc,cpu      ] GC(6) User=0.01s Sys=0.00s Real=0.00s
[2024-12-04T11:12:21.146+0100][gc,marking  ] GC(6) Concurrent Mark 11.857ms
[2024-12-04T11:12:21.146+0100][gc,marking  ] GC(6) Concurrent Rebuild Remembered Sets and Scrub Regions
[2024-12-04T11:12:21.151+0100][gc,marking  ] GC(6) Concurrent Rebuild Remembered Sets and Scrub Regions 5.341ms
[2024-12-04T11:12:21.151+0100][gc,start    ] GC(6) Pause Cleanup
[2024-12-04T11:12:21.152+0100][gc          ] GC(6) Pause Cleanup 28M->28M(1024M) 0.235ms
[2024-12-04T11:12:21.152+0100][gc,cpu      ] GC(6) User=0.00s Sys=0.00s Real=0.00s
[2024-12-04T11:12:21.152+0100][gc,marking  ] GC(6) Concurrent Clear Claimed Marks
[2024-12-04T11:12:21.152+0100][gc,marking  ] GC(6) Concurrent Clear Claimed Marks 0.032ms
[2024-12-04T11:12:21.152+0100][gc,marking  ] GC(6) Concurrent Cleanup for Next Mark
[2024-12-04T11:12:21.153+0100][gc,marking  ] GC(6) Concurrent Cleanup for Next Mark 1.459ms
[2024-12-04T11:12:21.153+0100][gc          ] GC(6) Concurrent Mark Cycle 21.417ms
[2024-12-04T11:13:29.993+0100][gc,start    ] GC(7) Pause Young (Prepare Mixed) (G1 Evacuation Pause)
[2024-12-04T11:13:29.993+0100][gc,task     ] GC(7) Using 8 workers of 8 for evacuation
[2024-12-04T11:13:29.996+0100][gc,phases   ] GC(7)   Pre Evacuate Collection Set: 0.21ms
[2024-12-04T11:13:29.996+0100][gc,phases   ] GC(7)   Merge Heap Roots: 0.06ms
[2024-12-04T11:13:29.996+0100][gc,phases   ] GC(7)   Evacuate Collection Set: 2.38ms
[2024-12-04T11:13:29.996+0100][gc,phases   ] GC(7)   Post Evacuate Collection Set: 0.52ms
[2024-12-04T11:13:29.996+0100][gc,phases   ] GC(7)   Other: 0.08ms
[2024-12-04T11:13:29.996+0100][gc,heap     ] GC(7) Eden regions: 50->0(47)
[2024-12-04T11:13:29.996+0100][gc,heap     ] GC(7) Survivor regions: 1->4(7)
[2024-12-04T11:13:29.996+0100][gc,heap     ] GC(7) Old regions: 18->18
[2024-12-04T11:13:29.996+0100][gc,heap     ] GC(7) Humongous regions: 150->138
[2024-12-04T11:13:29.996+0100][gc,metaspace] GC(7) Metaspace: 43659K(44288K)->43659K(44288K) NonClass: 38514K(38912K)->38514K(38912K) Class: 5145K(5376K)->5145K(5376K)
[2024-12-04T11:13:29.996+0100][gc          ] GC(7) Pause Young (Prepare Mixed) (G1 Evacuation Pause) 217M->158M(1024M) 3.439ms
[2024-12-04T11:13:29.996+0100][gc,cpu      ] GC(7) User=0.02s Sys=0.00s Real=0.01s
[2024-12-04T11:19:25.097+0100][gc,start    ] GC(8) Pause Young (Mixed) (G1 Evacuation Pause)
[2024-12-04T11:19:25.097+0100][gc,task     ] GC(8) Using 8 workers of 8 for evacuation
[2024-12-04T11:19:25.102+0100][gc,phases   ] GC(8)   Pre Evacuate Collection Set: 0.38ms
[2024-12-04T11:19:25.102+0100][gc,phases   ] GC(8)   Merge Heap Roots: 0.08ms
[2024-12-04T11:19:25.102+0100][gc,phases   ] GC(8)   Evacuate Collection Set: 4.13ms
[2024-12-04T11:19:25.102+0100][gc,phases   ] GC(8)   Post Evacuate Collection Set: 0.47ms
[2024-12-04T11:19:25.102+0100][gc,phases   ] GC(8)   Other: 0.06ms
[2024-12-04T11:19:25.102+0100][gc,heap     ] GC(8) Eden regions: 47->0(45)
[2024-12-04T11:19:25.102+0100][gc,heap     ] GC(8) Survivor regions: 4->6(7)
[2024-12-04T11:19:25.102+0100][gc,heap     ] GC(8) Old regions: 18->18
[2024-12-04T11:19:25.102+0100][gc,heap     ] GC(8) Humongous regions: 138->138
[2024-12-04T11:19:25.102+0100][gc,metaspace] GC(8) Metaspace: 45260K(45888K)->45260K(45888K) NonClass: 40071K(40384K)->40071K(40384K) Class: 5188K(5504K)->5188K(5504K)
[2024-12-04T11:19:25.102+0100][gc          ] GC(8) Pause Young (Mixed) (G1 Evacuation Pause) 205M->161M(1024M) 5.277ms
[2024-12-04T11:19:25.102+0100][gc,cpu      ] GC(8) User=0.03s Sys=0.00s Real=0.00s
[2024-12-04T11:25:36.124+0100][gc,start    ] GC(9) Pause Young (Normal) (G1 Evacuation Pause)
[2024-12-04T11:25:36.124+0100][gc,task     ] GC(9) Using 8 workers of 8 for evacuation
[2024-12-04T11:25:36.129+0100][gc,phases   ] GC(9)   Pre Evacuate Collection Set: 0.36ms
[2024-12-04T11:25:36.129+0100][gc,phases   ] GC(9)   Merge Heap Roots: 0.05ms
[2024-12-04T11:25:36.129+0100][gc,phases   ] GC(9)   Evacuate Collection Set: 4.13ms
[2024-12-04T11:25:36.129+0100][gc,phases   ] GC(9)   Post Evacuate Collection Set: 0.44ms
[2024-12-04T11:25:36.129+0100][gc,phases   ] GC(9)   Other: 0.06ms
[2024-12-04T11:25:36.129+0100][gc,heap     ] GC(9) Eden regions: 45->0(47)
[2024-12-04T11:25:36.129+0100][gc,heap     ] GC(9) Survivor regions: 6->4(7)
[2024-12-04T11:25:36.129+0100][gc,heap     ] GC(9) Old regions: 18->21
[2024-12-04T11:25:36.129+0100][gc,heap     ] GC(9) Humongous regions: 138->138
[2024-12-04T11:25:36.129+0100][gc,metaspace] GC(9) Metaspace: 45589K(46208K)->45589K(46208K) NonClass: 40374K(40704K)->40374K(40704K) Class: 5215K(5504K)->5215K(5504K)
[2024-12-04T11:25:36.129+0100][gc          ] GC(9) Pause Young (Normal) (G1 Evacuation Pause) 206M->162M(1024M) 5.206ms
[2024-12-04T11:25:36.130+0100][gc,cpu      ] GC(9) User=0.03s Sys=0.00s Real=0.01s
[2024-12-04T11:28:44.336+0100][gc,heap,exit] Heap
[2024-12-04T11:28:44.336+0100][gc,heap,exit]  garbage-first heap   total reserved 1048576K, committed 1048576K, used 202149K [0x00000000c0000000, 0x0000000100000000)
[2024-12-04T11:28:44.336+0100][gc,heap,exit]   region size 1024K, 39 young (39936K), 4 survivors (4096K)
[2024-12-04T11:28:44.336+0100][gc,heap,exit]  Metaspace       used 46411K, committed 47040K, reserved 1114112K
[2024-12-04T11:28:44.336+0100][gc,heap,exit]   class space    used 5401K, committed 5696K, reserved 1048576K
