[2024-12-04T11:29:20.214+0100][gc,init] CardTable entry size: 512
[2024-12-04T11:29:20.214+0100][gc     ] Using G1
[2024-12-04T11:29:20.221+0100][gc,init] Version: 22+36-2370 (release)
[2024-12-04T11:29:20.222+0100][gc,init] CPUs: 8 total, 8 available
[2024-12-04T11:29:20.222+0100][gc,init] Memory: 15667M
[2024-12-04T11:29:20.222+0100][gc,init] Large Page Support: Disabled
[2024-12-04T11:29:20.222+0100][gc,init] NUMA Support: Disabled
[2024-12-04T11:29:20.222+0100][gc,init] Compressed Oops: Enabled (32-bit)
[2024-12-04T11:29:20.222+0100][gc,init] Heap Region Size: 1M
[2024-12-04T11:29:20.222+0100][gc,init] Heap Min Capacity: 1G
[2024-12-04T11:29:20.222+0100][gc,init] Heap Initial Capacity: 1G
[2024-12-04T11:29:20.222+0100][gc,init] Heap Max Capacity: 1G
[2024-12-04T11:29:20.222+0100][gc,init] Pre-touch: Disabled
[2024-12-04T11:29:20.222+0100][gc,init] Parallel Workers: 8
[2024-12-04T11:29:20.222+0100][gc,init] Concurrent Workers: 2
[2024-12-04T11:29:20.222+0100][gc,init] Concurrent Refinement Workers: 8
[2024-12-04T11:29:20.222+0100][gc,init] Periodic GC: Disabled
[2024-12-04T11:29:20.226+0100][gc,metaspace] CDS archive(s) mapped at: [0x00007e6dc6000000-0x00007e6dc6c79000-0x00007e6dc6c79000), size 13078528, SharedBaseAddress: 0x00007e6dc6000000, ArchiveRelocationMode: 1.
[2024-12-04T11:29:20.226+0100][gc,metaspace] Compressed class space mapped at: 0x00007e6dc7000000-0x00007e6e07000000, reserved size: 1073741824
[2024-12-04T11:29:20.227+0100][gc,metaspace] Narrow klass base: 0x00007e6dc6000000, Narrow klass shift: 0, Narrow klass range: 0x100000000
[2024-12-04T11:29:21.050+0100][gc,start    ] GC(0) Pause Young (Normal) (G1 Evacuation Pause)
[2024-12-04T11:29:21.052+0100][gc,task     ] GC(0) Using 8 workers of 8 for evacuation
[2024-12-04T11:29:21.057+0100][gc,phases   ] GC(0)   Pre Evacuate Collection Set: 0.20ms
[2024-12-04T11:29:21.057+0100][gc,phases   ] GC(0)   Merge Heap Roots: 0.06ms
[2024-12-04T11:29:21.057+0100][gc,phases   ] GC(0)   Evacuate Collection Set: 3.66ms
[2024-12-04T11:29:21.057+0100][gc,phases   ] GC(0)   Post Evacuate Collection Set: 0.54ms
[2024-12-04T11:29:21.057+0100][gc,phases   ] GC(0)   Other: 1.90ms
[2024-12-04T11:29:21.057+0100][gc,heap     ] GC(0) Eden regions: 51->0(44)
[2024-12-04T11:29:21.057+0100][gc,heap     ] GC(0) Survivor regions: 0->7(7)
[2024-12-04T11:29:21.057+0100][gc,heap     ] GC(0) Old regions: 2->4
[2024-12-04T11:29:21.057+0100][gc,heap     ] GC(0) Humongous regions: 0->0
[2024-12-04T11:29:21.057+0100][gc,metaspace] GC(0) Metaspace: 16987K(17152K)->16987K(17152K) NonClass: 15051K(15168K)->15051K(15168K) Class: 1936K(1984K)->1936K(1984K)
[2024-12-04T11:29:21.057+0100][gc          ] GC(0) Pause Young (Normal) (G1 Evacuation Pause) 52M->9M(1024M) 6.799ms
[2024-12-04T11:29:21.057+0100][gc,cpu      ] GC(0) User=0.02s Sys=0.00s Real=0.01s
[2024-12-04T11:29:21.184+0100][gc,start    ] GC(1) Pause Young (Concurrent Start) (Metadata GC Threshold)
[2024-12-04T11:29:21.184+0100][gc,task     ] GC(1) Using 8 workers of 8 for evacuation
[2024-12-04T11:29:21.188+0100][gc,phases   ] GC(1)   Pre Evacuate Collection Set: 0.21ms
[2024-12-04T11:29:21.188+0100][gc,phases   ] GC(1)   Merge Heap Roots: 0.03ms
[2024-12-04T11:29:21.188+0100][gc,phases   ] GC(1)   Evacuate Collection Set: 3.23ms
[2024-12-04T11:29:21.188+0100][gc,phases   ] GC(1)   Post Evacuate Collection Set: 0.27ms
[2024-12-04T11:29:21.188+0100][gc,phases   ] GC(1)   Other: 0.09ms
[2024-12-04T11:29:21.188+0100][gc,heap     ] GC(1) Eden regions: 15->0(49)
[2024-12-04T11:29:21.188+0100][gc,heap     ] GC(1) Survivor regions: 7->2(7)
[2024-12-04T11:29:21.188+0100][gc,heap     ] GC(1) Old regions: 4->11
[2024-12-04T11:29:21.188+0100][gc,heap     ] GC(1) Humongous regions: 0->0
[2024-12-04T11:29:21.188+0100][gc,metaspace] GC(1) Metaspace: 21287K(21504K)->21287K(21504K) NonClass: 19028K(19136K)->19028K(19136K) Class: 2258K(2368K)->2258K(2368K)
[2024-12-04T11:29:21.188+0100][gc          ] GC(1) Pause Young (Concurrent Start) (Metadata GC Threshold) 24M->10M(1024M) 3.987ms
[2024-12-04T11:29:21.188+0100][gc,cpu      ] GC(1) User=0.01s Sys=0.00s Real=0.01s
[2024-12-04T11:29:21.188+0100][gc          ] GC(2) Concurrent Mark Cycle
[2024-12-04T11:29:21.188+0100][gc,marking  ] GC(2) Concurrent Scan Root Regions
[2024-12-04T11:29:21.191+0100][gc,marking  ] GC(2) Concurrent Scan Root Regions 2.418ms
[2024-12-04T11:29:21.191+0100][gc,marking  ] GC(2) Concurrent Mark
[2024-12-04T11:29:21.191+0100][gc,marking  ] GC(2) Concurrent Mark From Roots
[2024-12-04T11:29:21.191+0100][gc,task     ] GC(2) Using 2 workers of 2 for marking
[2024-12-04T11:29:21.193+0100][gc,marking  ] GC(2) Concurrent Mark From Roots 2.670ms
[2024-12-04T11:29:21.193+0100][gc,marking  ] GC(2) Concurrent Preclean
[2024-12-04T11:29:21.193+0100][gc,marking  ] GC(2) Concurrent Preclean 0.010ms
[2024-12-04T11:29:21.193+0100][gc,start    ] GC(2) Pause Remark
[2024-12-04T11:29:21.195+0100][gc          ] GC(2) Pause Remark 11M->11M(1024M) 1.736ms
[2024-12-04T11:29:21.195+0100][gc,cpu      ] GC(2) User=0.01s Sys=0.01s Real=0.01s
[2024-12-04T11:29:21.195+0100][gc,marking  ] GC(2) Concurrent Mark 4.638ms
[2024-12-04T11:29:21.195+0100][gc,marking  ] GC(2) Concurrent Rebuild Remembered Sets and Scrub Regions
[2024-12-04T11:29:21.198+0100][gc,marking  ] GC(2) Concurrent Rebuild Remembered Sets and Scrub Regions 2.236ms
[2024-12-04T11:29:21.198+0100][gc,start    ] GC(2) Pause Cleanup
[2024-12-04T11:29:21.198+0100][gc          ] GC(2) Pause Cleanup 11M->11M(1024M) 0.156ms
[2024-12-04T11:29:21.198+0100][gc,cpu      ] GC(2) User=0.00s Sys=0.00s Real=0.00s
[2024-12-04T11:29:21.198+0100][gc,marking  ] GC(2) Concurrent Clear Claimed Marks
[2024-12-04T11:29:21.198+0100][gc,marking  ] GC(2) Concurrent Clear Claimed Marks 0.015ms
[2024-12-04T11:29:21.198+0100][gc,marking  ] GC(2) Concurrent Cleanup for Next Mark
[2024-12-04T11:29:21.202+0100][gc,marking  ] GC(2) Concurrent Cleanup for Next Mark 4.229ms
[2024-12-04T11:29:21.202+0100][gc          ] GC(2) Concurrent Mark Cycle 13.964ms
[2024-12-04T11:29:21.868+0100][gc,start    ] GC(3) Pause Young (Prepare Mixed) (G1 Evacuation Pause)
[2024-12-04T11:29:21.868+0100][gc,task     ] GC(3) Using 8 workers of 8 for evacuation
[2024-12-04T11:29:21.871+0100][gc,phases   ] GC(3)   Pre Evacuate Collection Set: 0.18ms
[2024-12-04T11:29:21.871+0100][gc,phases   ] GC(3)   Merge Heap Roots: 0.06ms
[2024-12-04T11:29:21.871+0100][gc,phases   ] GC(3)   Evacuate Collection Set: 2.23ms
[2024-12-04T11:29:21.871+0100][gc,phases   ] GC(3)   Post Evacuate Collection Set: 0.39ms
[2024-12-04T11:29:21.871+0100][gc,phases   ] GC(3)   Other: 0.05ms
[2024-12-04T11:29:21.871+0100][gc,heap     ] GC(3) Eden regions: 49->0(46)
[2024-12-04T11:29:21.871+0100][gc,heap     ] GC(3) Survivor regions: 2->5(7)
[2024-12-04T11:29:21.871+0100][gc,heap     ] GC(3) Old regions: 11->12
[2024-12-04T11:29:21.871+0100][gc,heap     ] GC(3) Humongous regions: 9->9
[2024-12-04T11:29:21.871+0100][gc,metaspace] GC(3) Metaspace: 30790K(31104K)->30790K(31104K) NonClass: 27313K(27456K)->27313K(27456K) Class: 3477K(3648K)->3477K(3648K)
[2024-12-04T11:29:21.871+0100][gc          ] GC(3) Pause Young (Prepare Mixed) (G1 Evacuation Pause) (Evacuation Failure: Pinned) 68M->24M(1024M) 3.074ms
[2024-12-04T11:29:21.871+0100][gc,cpu      ] GC(3) User=0.02s Sys=0.00s Real=0.00s
[2024-12-04T11:29:22.156+0100][gc,start    ] GC(4) Pause Young (Mixed) (Metadata GC Threshold)
[2024-12-04T11:29:22.156+0100][gc,task     ] GC(4) Using 8 workers of 8 for evacuation
[2024-12-04T11:29:22.161+0100][gc,phases   ] GC(4)   Pre Evacuate Collection Set: 0.23ms
[2024-12-04T11:29:22.161+0100][gc,phases   ] GC(4)   Merge Heap Roots: 0.04ms
[2024-12-04T11:29:22.161+0100][gc,phases   ] GC(4)   Evacuate Collection Set: 4.92ms
[2024-12-04T11:29:22.161+0100][gc,phases   ] GC(4)   Post Evacuate Collection Set: 0.44ms
[2024-12-04T11:29:22.161+0100][gc,phases   ] GC(4)   Other: 0.06ms
[2024-12-04T11:29:22.161+0100][gc,heap     ] GC(4) Eden regions: 40->0(44)
[2024-12-04T11:29:22.161+0100][gc,heap     ] GC(4) Survivor regions: 5->7(7)
[2024-12-04T11:29:22.161+0100][gc,heap     ] GC(4) Old regions: 12->11
[2024-12-04T11:29:22.161+0100][gc,heap     ] GC(4) Humongous regions: 9->9
[2024-12-04T11:29:22.161+0100][gc,metaspace] GC(4) Metaspace: 35776K(36096K)->35776K(36096K) NonClass: 31781K(31936K)->31781K(31936K) Class: 3994K(4160K)->3994K(4160K)
[2024-12-04T11:29:22.161+0100][gc          ] GC(4) Pause Young (Mixed) (Metadata GC Threshold) 63M->26M(1024M) 5.847ms
[2024-12-04T11:29:22.161+0100][gc,cpu      ] GC(4) User=0.03s Sys=0.00s Real=0.00s
[2024-12-04T11:29:22.177+0100][gc,start    ] GC(5) Pause Young (Concurrent Start) (Metadata GC Threshold)
[2024-12-04T11:29:22.177+0100][gc,task     ] GC(5) Using 8 workers of 8 for evacuation
[2024-12-04T11:29:22.182+0100][gc,phases   ] GC(5)   Pre Evacuate Collection Set: 0.29ms
[2024-12-04T11:29:22.182+0100][gc,phases   ] GC(5)   Merge Heap Roots: 0.04ms
[2024-12-04T11:29:22.182+0100][gc,phases   ] GC(5)   Evacuate Collection Set: 3.81ms
[2024-12-04T11:29:22.182+0100][gc,phases   ] GC(5)   Post Evacuate Collection Set: 0.34ms
[2024-12-04T11:29:22.182+0100][gc,phases   ] GC(5)   Other: 0.06ms
[2024-12-04T11:29:22.182+0100][gc,heap     ] GC(5) Eden regions: 2->0(50)
[2024-12-04T11:29:22.182+0100][gc,heap     ] GC(5) Survivor regions: 7->1(7)
[2024-12-04T11:29:22.182+0100][gc,heap     ] GC(5) Old regions: 11->18
[2024-12-04T11:29:22.182+0100][gc,heap     ] GC(5) Humongous regions: 9->9
[2024-12-04T11:29:22.182+0100][gc,metaspace] GC(5) Metaspace: 36112K(36416K)->36112K(36416K) NonClass: 32102K(32256K)->32102K(32256K) Class: 4009K(4160K)->4009K(4160K)
[2024-12-04T11:29:22.182+0100][gc          ] GC(5) Pause Young (Concurrent Start) (Metadata GC Threshold) 28M->27M(1024M) 4.714ms
[2024-12-04T11:29:22.182+0100][gc          ] GC(6) Concurrent Mark Cycle
[2024-12-04T11:29:22.182+0100][gc,cpu      ] GC(5) User=0.03s Sys=0.00s Real=0.00s
[2024-12-04T11:29:22.182+0100][gc,marking  ] GC(6) Concurrent Scan Root Regions
[2024-12-04T11:29:22.186+0100][gc,marking  ] GC(6) Concurrent Scan Root Regions 3.737ms
[2024-12-04T11:29:22.186+0100][gc,marking  ] GC(6) Concurrent Mark
[2024-12-04T11:29:22.186+0100][gc,marking  ] GC(6) Concurrent Mark From Roots
[2024-12-04T11:29:22.186+0100][gc,task     ] GC(6) Using 2 workers of 2 for marking
[2024-12-04T11:29:22.197+0100][gc,marking  ] GC(6) Concurrent Mark From Roots 10.850ms
[2024-12-04T11:29:22.197+0100][gc,marking  ] GC(6) Concurrent Preclean
[2024-12-04T11:29:22.197+0100][gc,marking  ] GC(6) Concurrent Preclean 0.109ms
[2024-12-04T11:29:22.198+0100][gc,start    ] GC(6) Pause Remark
[2024-12-04T11:29:22.200+0100][gc          ] GC(6) Pause Remark 28M->28M(1024M) 2.546ms
[2024-12-04T11:29:22.200+0100][gc,cpu      ] GC(6) User=0.02s Sys=0.00s Real=0.00s
[2024-12-04T11:29:22.200+0100][gc,marking  ] GC(6) Concurrent Mark 14.495ms
[2024-12-04T11:29:22.200+0100][gc,marking  ] GC(6) Concurrent Rebuild Remembered Sets and Scrub Regions
[2024-12-04T11:29:22.208+0100][gc,marking  ] GC(6) Concurrent Rebuild Remembered Sets and Scrub Regions 7.949ms
[2024-12-04T11:29:22.209+0100][gc,start    ] GC(6) Pause Cleanup
[2024-12-04T11:29:22.209+0100][gc          ] GC(6) Pause Cleanup 28M->28M(1024M) 0.214ms
[2024-12-04T11:29:22.209+0100][gc,cpu      ] GC(6) User=0.00s Sys=0.00s Real=0.00s
[2024-12-04T11:29:22.209+0100][gc,marking  ] GC(6) Concurrent Clear Claimed Marks
[2024-12-04T11:29:22.209+0100][gc,marking  ] GC(6) Concurrent Clear Claimed Marks 0.042ms
[2024-12-04T11:29:22.209+0100][gc,marking  ] GC(6) Concurrent Cleanup for Next Mark
[2024-12-04T11:29:22.210+0100][gc,marking  ] GC(6) Concurrent Cleanup for Next Mark 1.544ms
[2024-12-04T11:29:22.211+0100][gc          ] GC(6) Concurrent Mark Cycle 28.510ms
[2024-12-04T11:30:22.584+0100][gc,start    ] GC(7) Pause Young (Prepare Mixed) (G1 Evacuation Pause)
[2024-12-04T11:30:22.584+0100][gc,task     ] GC(7) Using 8 workers of 8 for evacuation
[2024-12-04T11:30:22.587+0100][gc,phases   ] GC(7)   Pre Evacuate Collection Set: 0.19ms
[2024-12-04T11:30:22.587+0100][gc,phases   ] GC(7)   Merge Heap Roots: 0.06ms
[2024-12-04T11:30:22.587+0100][gc,phases   ] GC(7)   Evacuate Collection Set: 1.97ms
[2024-12-04T11:30:22.587+0100][gc,phases   ] GC(7)   Post Evacuate Collection Set: 0.42ms
[2024-12-04T11:30:22.587+0100][gc,phases   ] GC(7)   Other: 0.06ms
[2024-12-04T11:30:22.587+0100][gc,heap     ] GC(7) Eden regions: 50->0(47)
[2024-12-04T11:30:22.587+0100][gc,heap     ] GC(7) Survivor regions: 1->4(7)
[2024-12-04T11:30:22.587+0100][gc,heap     ] GC(7) Old regions: 18->18
[2024-12-04T11:30:22.587+0100][gc,heap     ] GC(7) Humongous regions: 150->138
[2024-12-04T11:30:22.587+0100][gc,metaspace] GC(7) Metaspace: 42739K(43392K)->42739K(43392K) NonClass: 37733K(38080K)->37733K(38080K) Class: 5005K(5312K)->5005K(5312K)
[2024-12-04T11:30:22.587+0100][gc          ] GC(7) Pause Young (Prepare Mixed) (G1 Evacuation Pause) 218M->159M(1024M) 2.874ms
[2024-12-04T11:30:22.587+0100][gc,cpu      ] GC(7) User=0.02s Sys=0.00s Real=0.00s
[2024-12-04T11:36:23.915+0100][gc,start    ] GC(8) Pause Young (Mixed) (G1 Evacuation Pause)
[2024-12-04T11:36:23.915+0100][gc,task     ] GC(8) Using 8 workers of 8 for evacuation
[2024-12-04T11:36:23.920+0100][gc,phases   ] GC(8)   Pre Evacuate Collection Set: 0.28ms
[2024-12-04T11:36:23.920+0100][gc,phases   ] GC(8)   Merge Heap Roots: 0.08ms
[2024-12-04T11:36:23.920+0100][gc,phases   ] GC(8)   Evacuate Collection Set: 3.97ms
[2024-12-04T11:36:23.920+0100][gc,phases   ] GC(8)   Post Evacuate Collection Set: 0.69ms
[2024-12-04T11:36:23.920+0100][gc,phases   ] GC(8)   Other: 0.05ms
[2024-12-04T11:36:23.920+0100][gc,heap     ] GC(8) Eden regions: 47->0(44)
[2024-12-04T11:36:23.920+0100][gc,heap     ] GC(8) Survivor regions: 4->7(7)
[2024-12-04T11:36:23.920+0100][gc,heap     ] GC(8) Old regions: 18->18
[2024-12-04T11:36:23.920+0100][gc,heap     ] GC(8) Humongous regions: 138->138
[2024-12-04T11:36:23.920+0100][gc,metaspace] GC(8) Metaspace: 44064K(44736K)->44064K(44736K) NonClass: 39058K(39424K)->39058K(39424K) Class: 5005K(5312K)->5005K(5312K)
[2024-12-04T11:36:23.920+0100][gc          ] GC(8) Pause Young (Mixed) (G1 Evacuation Pause) 206M->162M(1024M) 5.225ms
[2024-12-04T11:36:23.920+0100][gc,cpu      ] GC(8) User=0.03s Sys=0.00s Real=0.00s
[2024-12-04T11:42:26.771+0100][gc,start    ] GC(9) Pause Young (Normal) (G1 Evacuation Pause)
[2024-12-04T11:42:26.771+0100][gc,task     ] GC(9) Using 8 workers of 8 for evacuation
[2024-12-04T11:42:26.775+0100][gc,phases   ] GC(9)   Pre Evacuate Collection Set: 0.20ms
[2024-12-04T11:42:26.775+0100][gc,phases   ] GC(9)   Merge Heap Roots: 0.04ms
[2024-12-04T11:42:26.775+0100][gc,phases   ] GC(9)   Evacuate Collection Set: 3.35ms
[2024-12-04T11:42:26.775+0100][gc,phases   ] GC(9)   Post Evacuate Collection Set: 0.36ms
[2024-12-04T11:42:26.775+0100][gc,phases   ] GC(9)   Other: 0.05ms
[2024-12-04T11:42:26.775+0100][gc,heap     ] GC(9) Eden regions: 44->0(47)
[2024-12-04T11:42:26.775+0100][gc,heap     ] GC(9) Survivor regions: 7->4(7)
[2024-12-04T11:42:26.775+0100][gc,heap     ] GC(9) Old regions: 18->21
[2024-12-04T11:42:26.775+0100][gc,heap     ] GC(9) Humongous regions: 138->138
[2024-12-04T11:42:26.775+0100][gc,metaspace] GC(9) Metaspace: 44500K(45120K)->44500K(45120K) NonClass: 39467K(39808K)->39467K(39808K) Class: 5033K(5312K)->5033K(5312K)
[2024-12-04T11:42:26.775+0100][gc          ] GC(9) Pause Young (Normal) (G1 Evacuation Pause) 206M->162M(1024M) 4.120ms
[2024-12-04T11:42:26.775+0100][gc,cpu      ] GC(9) User=0.02s Sys=0.00s Real=0.00s
[2024-12-04T11:49:21.440+0100][gc,start    ] GC(10) Pause Young (Normal) (G1 Evacuation Pause)
[2024-12-04T11:49:21.440+0100][gc,task     ] GC(10) Using 8 workers of 8 for evacuation
[2024-12-04T11:49:21.443+0100][gc,phases   ] GC(10)   Pre Evacuate Collection Set: 0.26ms
[2024-12-04T11:49:21.443+0100][gc,phases   ] GC(10)   Merge Heap Roots: 0.05ms
[2024-12-04T11:49:21.443+0100][gc,phases   ] GC(10)   Evacuate Collection Set: 2.43ms
[2024-12-04T11:49:21.443+0100][gc,phases   ] GC(10)   Post Evacuate Collection Set: 0.26ms
[2024-12-04T11:49:21.443+0100][gc,phases   ] GC(10)   Other: 0.05ms
[2024-12-04T11:49:21.443+0100][gc,heap     ] GC(10) Eden regions: 47->0(46)
[2024-12-04T11:49:21.443+0100][gc,heap     ] GC(10) Survivor regions: 4->5(7)
[2024-12-04T11:49:21.443+0100][gc,heap     ] GC(10) Old regions: 21->21
[2024-12-04T11:49:21.443+0100][gc,heap     ] GC(10) Humongous regions: 138->138
[2024-12-04T11:49:21.443+0100][gc,metaspace] GC(10) Metaspace: 44632K(45248K)->44632K(45248K) NonClass: 39599K(39936K)->39599K(39936K) Class: 5033K(5312K)->5033K(5312K)
[2024-12-04T11:49:21.443+0100][gc          ] GC(10) Pause Young (Normal) (G1 Evacuation Pause) 209M->163M(1024M) 3.314ms
[2024-12-04T11:49:21.443+0100][gc,cpu      ] GC(10) User=0.01s Sys=0.01s Real=0.00s
[2024-12-04T11:56:07.688+0100][gc,start    ] GC(11) Pause Young (Normal) (G1 Evacuation Pause)
[2024-12-04T11:56:07.688+0100][gc,task     ] GC(11) Using 8 workers of 8 for evacuation
[2024-12-04T11:56:07.693+0100][gc,phases   ] GC(11)   Pre Evacuate Collection Set: 0.26ms
[2024-12-04T11:56:07.693+0100][gc,phases   ] GC(11)   Merge Heap Roots: 0.05ms
[2024-12-04T11:56:07.693+0100][gc,phases   ] GC(11)   Evacuate Collection Set: 3.93ms
[2024-12-04T11:56:07.693+0100][gc,phases   ] GC(11)   Post Evacuate Collection Set: 0.37ms
[2024-12-04T11:56:07.693+0100][gc,phases   ] GC(11)   Other: 0.07ms
[2024-12-04T11:56:07.693+0100][gc,heap     ] GC(11) Eden regions: 46->0(44)
[2024-12-04T11:56:07.693+0100][gc,heap     ] GC(11) Survivor regions: 5->7(7)
[2024-12-04T11:56:07.693+0100][gc,heap     ] GC(11) Old regions: 21->22
[2024-12-04T11:56:07.693+0100][gc,heap     ] GC(11) Humongous regions: 138->138
[2024-12-04T11:56:07.693+0100][gc,metaspace] GC(11) Metaspace: 44704K(45312K)->44704K(45312K) NonClass: 39670K(40000K)->39670K(40000K) Class: 5033K(5312K)->5033K(5312K)
[2024-12-04T11:56:07.693+0100][gc          ] GC(11) Pause Young (Normal) (G1 Evacuation Pause) 209M->166M(1024M) 4.858ms
[2024-12-04T11:56:07.693+0100][gc,cpu      ] GC(11) User=0.03s Sys=0.00s Real=0.00s
[2024-12-04T11:56:16.468+0100][gc,heap,exit] Heap
[2024-12-04T11:56:16.469+0100][gc,heap,exit]  garbage-first heap   total reserved 1048576K, committed 1048576K, used 185454K [0x00000000c0000000, 0x0000000100000000)
[2024-12-04T11:56:16.469+0100][gc,heap,exit]   region size 1024K, 22 young (22528K), 7 survivors (7168K)
[2024-12-04T11:56:16.469+0100][gc,heap,exit]  Metaspace       used 45515K, committed 46144K, reserved 1114112K
[2024-12-04T11:56:16.469+0100][gc,heap,exit]   class space    used 5227K, committed 5504K, reserved 1048576K
