[2024-12-16T11:27:31.452+0100][gc,init] CardTable entry size: 512
[2024-12-16T11:27:31.452+0100][gc     ] Using G1
[2024-12-16T11:27:31.459+0100][gc,init] Version: 22+36-2370 (release)
[2024-12-16T11:27:31.459+0100][gc,init] CPUs: 8 total, 8 available
[2024-12-16T11:27:31.459+0100][gc,init] Memory: 15667M
[2024-12-16T11:27:31.459+0100][gc,init] Large Page Support: Disabled
[2024-12-16T11:27:31.459+0100][gc,init] NUMA Support: Disabled
[2024-12-16T11:27:31.459+0100][gc,init] Compressed Oops: Enabled (32-bit)
[2024-12-16T11:27:31.459+0100][gc,init] Heap Region Size: 1M
[2024-12-16T11:27:31.459+0100][gc,init] Heap Min Capacity: 1G
[2024-12-16T11:27:31.459+0100][gc,init] Heap Initial Capacity: 1G
[2024-12-16T11:27:31.459+0100][gc,init] Heap Max Capacity: 1G
[2024-12-16T11:27:31.459+0100][gc,init] Pre-touch: Disabled
[2024-12-16T11:27:31.459+0100][gc,init] Parallel Workers: 8
[2024-12-16T11:27:31.459+0100][gc,init] Concurrent Workers: 2
[2024-12-16T11:27:31.459+0100][gc,init] Concurrent Refinement Workers: 8
[2024-12-16T11:27:31.459+0100][gc,init] Periodic GC: Disabled
[2024-12-16T11:27:31.464+0100][gc,metaspace] CDS archive(s) mapped at: [0x0000717d8e000000-0x0000717d8ec79000-0x0000717d8ec79000), size 13078528, SharedBaseAddress: 0x0000717d8e000000, ArchiveRelocationMode: 1.
[2024-12-16T11:27:31.464+0100][gc,metaspace] Compressed class space mapped at: 0x0000717d8f000000-0x0000717dcf000000, reserved size: 1073741824
[2024-12-16T11:27:31.464+0100][gc,metaspace] Narrow klass base: 0x0000717d8e000000, Narrow klass shift: 0, Narrow klass range: 0x100000000
[2024-12-16T11:27:32.167+0100][gc,heap,exit] Heap
[2024-12-16T11:27:32.167+0100][gc,heap,exit]  garbage-first heap   total reserved 1048576K, committed 1048576K, used 42531K [0x00000000c0000000, 0x0000000100000000)
[2024-12-16T11:27:32.167+0100][gc,heap,exit]   region size 1024K, 41 young (41984K), 0 survivors (0K)
[2024-12-16T11:27:32.167+0100][gc,heap,exit]  Metaspace       used 13530K, committed 13696K, reserved 1114112K
[2024-12-16T11:27:32.167+0100][gc,heap,exit]   class space    used 1663K, committed 1728K, reserved 1048576K
