[2024-12-04T15:01:58.131+0100][gc,init] CardTable entry size: 512
[2024-12-04T15:01:58.131+0100][gc     ] Using G1
[2024-12-04T15:01:58.140+0100][gc,init] Version: 22+36-2370 (release)
[2024-12-04T15:01:58.140+0100][gc,init] CPUs: 8 total, 8 available
[2024-12-04T15:01:58.140+0100][gc,init] Memory: 15667M
[2024-12-04T15:01:58.140+0100][gc,init] Large Page Support: Disabled
[2024-12-04T15:01:58.140+0100][gc,init] NUMA Support: Disabled
[2024-12-04T15:01:58.140+0100][gc,init] Compressed Oops: Enabled (32-bit)
[2024-12-04T15:01:58.140+0100][gc,init] Heap Region Size: 1M
[2024-12-04T15:01:58.140+0100][gc,init] Heap Min Capacity: 1G
[2024-12-04T15:01:58.140+0100][gc,init] Heap Initial Capacity: 1G
[2024-12-04T15:01:58.140+0100][gc,init] Heap Max Capacity: 1G
[2024-12-04T15:01:58.140+0100][gc,init] Pre-touch: Disabled
[2024-12-04T15:01:58.140+0100][gc,init] Parallel Workers: 8
[2024-12-04T15:01:58.140+0100][gc,init] Concurrent Workers: 2
[2024-12-04T15:01:58.140+0100][gc,init] Concurrent Refinement Workers: 8
[2024-12-04T15:01:58.140+0100][gc,init] Periodic GC: Disabled
[2024-12-04T15:01:58.145+0100][gc,metaspace] CDS archive(s) mapped at: [0x00007fd41a000000-0x00007fd41ac79000-0x00007fd41ac79000), size 13078528, SharedBaseAddress: 0x00007fd41a000000, ArchiveRelocationMode: 1.
[2024-12-04T15:01:58.145+0100][gc,metaspace] Compressed class space mapped at: 0x00007fd41b000000-0x00007fd45b000000, reserved size: 1073741824
[2024-12-04T15:01:58.145+0100][gc,metaspace] Narrow klass base: 0x00007fd41a000000, Narrow klass shift: 0, Narrow klass range: 0x100000000
[2024-12-04T15:01:59.112+0100][gc,start    ] GC(0) Pause Young (Normal) (G1 Evacuation Pause)
[2024-12-04T15:01:59.114+0100][gc,task     ] GC(0) Using 8 workers of 8 for evacuation
[2024-12-04T15:01:59.119+0100][gc,phases   ] GC(0)   Pre Evacuate Collection Set: 0.21ms
[2024-12-04T15:01:59.119+0100][gc,phases   ] GC(0)   Merge Heap Roots: 0.06ms
[2024-12-04T15:01:59.119+0100][gc,phases   ] GC(0)   Evacuate Collection Set: 4.05ms
[2024-12-04T15:01:59.119+0100][gc,phases   ] GC(0)   Post Evacuate Collection Set: 0.78ms
[2024-12-04T15:01:59.119+0100][gc,phases   ] GC(0)   Other: 1.51ms
[2024-12-04T15:01:59.119+0100][gc,heap     ] GC(0) Eden regions: 51->0(44)
[2024-12-04T15:01:59.119+0100][gc,heap     ] GC(0) Survivor regions: 0->7(7)
[2024-12-04T15:01:59.119+0100][gc,heap     ] GC(0) Old regions: 2->4
[2024-12-04T15:01:59.119+0100][gc,heap     ] GC(0) Humongous regions: 0->0
[2024-12-04T15:01:59.119+0100][gc,metaspace] GC(0) Metaspace: 16994K(17280K)->16994K(17280K) NonClass: 15057K(15232K)->15057K(15232K) Class: 1936K(2048K)->1936K(2048K)
[2024-12-04T15:01:59.119+0100][gc          ] GC(0) Pause Young (Normal) (G1 Evacuation Pause) 52M->9M(1024M) 6.983ms
[2024-12-04T15:01:59.119+0100][gc,cpu      ] GC(0) User=0.02s Sys=0.02s Real=0.00s
[2024-12-04T15:01:59.244+0100][gc,start    ] GC(1) Pause Young (Concurrent Start) (Metadata GC Threshold)
[2024-12-04T15:01:59.244+0100][gc,task     ] GC(1) Using 8 workers of 8 for evacuation
[2024-12-04T15:01:59.248+0100][gc,phases   ] GC(1)   Pre Evacuate Collection Set: 0.23ms
[2024-12-04T15:01:59.248+0100][gc,phases   ] GC(1)   Merge Heap Roots: 0.04ms
[2024-12-04T15:01:59.248+0100][gc,phases   ] GC(1)   Evacuate Collection Set: 3.65ms
[2024-12-04T15:01:59.248+0100][gc,phases   ] GC(1)   Post Evacuate Collection Set: 0.35ms
[2024-12-04T15:01:59.248+0100][gc,phases   ] GC(1)   Other: 0.10ms
[2024-12-04T15:01:59.248+0100][gc,heap     ] GC(1) Eden regions: 15->0(49)
[2024-12-04T15:01:59.248+0100][gc,heap     ] GC(1) Survivor regions: 7->2(7)
[2024-12-04T15:01:59.248+0100][gc,heap     ] GC(1) Old regions: 4->11
[2024-12-04T15:01:59.248+0100][gc,heap     ] GC(1) Humongous regions: 0->0
[2024-12-04T15:01:59.248+0100][gc,metaspace] GC(1) Metaspace: 21292K(21504K)->21292K(21504K) NonClass: 19033K(19136K)->19033K(19136K) Class: 2258K(2368K)->2258K(2368K)
[2024-12-04T15:01:59.248+0100][gc          ] GC(1) Pause Young (Concurrent Start) (Metadata GC Threshold) 24M->11M(1024M) 4.532ms
[2024-12-04T15:01:59.248+0100][gc,cpu      ] GC(1) User=0.02s Sys=0.01s Real=0.01s
[2024-12-04T15:01:59.248+0100][gc          ] GC(2) Concurrent Mark Cycle
[2024-12-04T15:01:59.248+0100][gc,marking  ] GC(2) Concurrent Scan Root Regions
[2024-12-04T15:01:59.251+0100][gc,marking  ] GC(2) Concurrent Scan Root Regions 2.733ms
[2024-12-04T15:01:59.251+0100][gc,marking  ] GC(2) Concurrent Mark
[2024-12-04T15:01:59.251+0100][gc,marking  ] GC(2) Concurrent Mark From Roots
[2024-12-04T15:01:59.251+0100][gc,task     ] GC(2) Using 2 workers of 2 for marking
[2024-12-04T15:01:59.254+0100][gc,marking  ] GC(2) Concurrent Mark From Roots 2.558ms
[2024-12-04T15:01:59.254+0100][gc,marking  ] GC(2) Concurrent Preclean
[2024-12-04T15:01:59.254+0100][gc,marking  ] GC(2) Concurrent Preclean 0.024ms
[2024-12-04T15:01:59.254+0100][gc,start    ] GC(2) Pause Remark
[2024-12-04T15:01:59.255+0100][gc          ] GC(2) Pause Remark 11M->11M(1024M) 1.243ms
[2024-12-04T15:01:59.255+0100][gc,cpu      ] GC(2) User=0.01s Sys=0.00s Real=0.00s
[2024-12-04T15:01:59.255+0100][gc,marking  ] GC(2) Concurrent Mark 4.054ms
[2024-12-04T15:01:59.255+0100][gc,marking  ] GC(2) Concurrent Rebuild Remembered Sets and Scrub Regions
[2024-12-04T15:01:59.257+0100][gc,marking  ] GC(2) Concurrent Rebuild Remembered Sets and Scrub Regions 2.297ms
[2024-12-04T15:01:59.257+0100][gc,start    ] GC(2) Pause Cleanup
[2024-12-04T15:01:59.258+0100][gc          ] GC(2) Pause Cleanup 11M->11M(1024M) 0.143ms
[2024-12-04T15:01:59.258+0100][gc,cpu      ] GC(2) User=0.00s Sys=0.00s Real=0.00s
[2024-12-04T15:01:59.258+0100][gc,marking  ] GC(2) Concurrent Clear Claimed Marks
[2024-12-04T15:01:59.258+0100][gc,marking  ] GC(2) Concurrent Clear Claimed Marks 0.023ms
[2024-12-04T15:01:59.258+0100][gc,marking  ] GC(2) Concurrent Cleanup for Next Mark
[2024-12-04T15:01:59.262+0100][gc,marking  ] GC(2) Concurrent Cleanup for Next Mark 4.269ms
[2024-12-04T15:01:59.262+0100][gc          ] GC(2) Concurrent Mark Cycle 13.851ms
[2024-12-04T15:01:59.990+0100][gc,start    ] GC(3) Pause Young (Prepare Mixed) (G1 Evacuation Pause)
[2024-12-04T15:01:59.990+0100][gc,task     ] GC(3) Using 8 workers of 8 for evacuation
[2024-12-04T15:01:59.993+0100][gc,phases   ] GC(3)   Pre Evacuate Collection Set: 0.16ms
[2024-12-04T15:01:59.993+0100][gc,phases   ] GC(3)   Merge Heap Roots: 0.04ms
[2024-12-04T15:01:59.993+0100][gc,phases   ] GC(3)   Evacuate Collection Set: 2.09ms
[2024-12-04T15:01:59.993+0100][gc,phases   ] GC(3)   Post Evacuate Collection Set: 0.29ms
[2024-12-04T15:01:59.993+0100][gc,phases   ] GC(3)   Other: 0.05ms
[2024-12-04T15:01:59.993+0100][gc,heap     ] GC(3) Eden regions: 49->0(47)
[2024-12-04T15:01:59.993+0100][gc,heap     ] GC(3) Survivor regions: 2->4(7)
[2024-12-04T15:01:59.993+0100][gc,heap     ] GC(3) Old regions: 11->11
[2024-12-04T15:01:59.993+0100][gc,heap     ] GC(3) Humongous regions: 1->1
[2024-12-04T15:01:59.993+0100][gc,metaspace] GC(3) Metaspace: 29554K(29824K)->29554K(29824K) NonClass: 26260K(26432K)->26260K(26432K) Class: 3294K(3392K)->3294K(3392K)
[2024-12-04T15:01:59.993+0100][gc          ] GC(3) Pause Young (Prepare Mixed) (G1 Evacuation Pause) 61M->14M(1024M) 2.803ms
[2024-12-04T15:01:59.993+0100][gc,cpu      ] GC(3) User=0.02s Sys=0.00s Real=0.00s
[2024-12-04T15:02:00.396+0100][gc,start    ] GC(4) Pause Young (Mixed) (G1 Evacuation Pause)
[2024-12-04T15:02:00.396+0100][gc,task     ] GC(4) Using 8 workers of 8 for evacuation
[2024-12-04T15:02:00.402+0100][gc,phases   ] GC(4)   Pre Evacuate Collection Set: 0.23ms
[2024-12-04T15:02:00.402+0100][gc,phases   ] GC(4)   Merge Heap Roots: 0.08ms
[2024-12-04T15:02:00.402+0100][gc,phases   ] GC(4)   Evacuate Collection Set: 5.23ms
[2024-12-04T15:02:00.402+0100][gc,phases   ] GC(4)   Post Evacuate Collection Set: 0.76ms
[2024-12-04T15:02:00.402+0100][gc,phases   ] GC(4)   Other: 0.10ms
[2024-12-04T15:02:00.402+0100][gc,heap     ] GC(4) Eden regions: 47->0(45)
[2024-12-04T15:02:00.402+0100][gc,heap     ] GC(4) Survivor regions: 4->6(7)
[2024-12-04T15:02:00.402+0100][gc,heap     ] GC(4) Old regions: 11->10
[2024-12-04T15:02:00.402+0100][gc,heap     ] GC(4) Humongous regions: 12->10
[2024-12-04T15:02:00.402+0100][gc,metaspace] GC(4) Metaspace: 34725K(35008K)->34725K(35008K) NonClass: 30811K(30976K)->30811K(30976K) Class: 3914K(4032K)->3914K(4032K)
[2024-12-04T15:02:00.402+0100][gc          ] GC(4) Pause Young (Mixed) (G1 Evacuation Pause) 72M->25M(1024M) 6.719ms
[2024-12-04T15:02:00.402+0100][gc,cpu      ] GC(4) User=0.05s Sys=0.00s Real=0.01s
[2024-12-04T15:02:00.481+0100][gc,start    ] GC(5) Pause Young (Concurrent Start) (Metadata GC Threshold)
[2024-12-04T15:02:00.481+0100][gc,task     ] GC(5) Using 8 workers of 8 for evacuation
[2024-12-04T15:02:00.487+0100][gc,phases   ] GC(5)   Pre Evacuate Collection Set: 0.27ms
[2024-12-04T15:02:00.487+0100][gc,phases   ] GC(5)   Merge Heap Roots: 0.04ms
[2024-12-04T15:02:00.487+0100][gc,phases   ] GC(5)   Evacuate Collection Set: 5.31ms
[2024-12-04T15:02:00.487+0100][gc,phases   ] GC(5)   Post Evacuate Collection Set: 0.39ms
[2024-12-04T15:02:00.487+0100][gc,phases   ] GC(5)   Other: 0.07ms
[2024-12-04T15:02:00.487+0100][gc,heap     ] GC(5) Eden regions: 11->0(46)
[2024-12-04T15:02:00.487+0100][gc,heap     ] GC(5) Survivor regions: 6->5(7)
[2024-12-04T15:02:00.487+0100][gc,heap     ] GC(5) Old regions: 10->14
[2024-12-04T15:02:00.487+0100][gc,heap     ] GC(5) Humongous regions: 10->10
[2024-12-04T15:02:00.487+0100][gc,metaspace] GC(5) Metaspace: 35739K(36096K)->35739K(36096K) NonClass: 31750K(31936K)->31750K(31936K) Class: 3989K(4160K)->3989K(4160K)
[2024-12-04T15:02:00.487+0100][gc          ] GC(5) Pause Young (Concurrent Start) (Metadata GC Threshold) 36M->27M(1024M) 6.268ms
[2024-12-04T15:02:00.487+0100][gc          ] GC(6) Concurrent Mark Cycle
[2024-12-04T15:02:00.487+0100][gc,marking  ] GC(6) Concurrent Scan Root Regions
[2024-12-04T15:02:00.487+0100][gc,cpu      ] GC(5) User=0.04s Sys=0.00s Real=0.00s
[2024-12-04T15:02:00.490+0100][gc,marking  ] GC(6) Concurrent Scan Root Regions 2.717ms
[2024-12-04T15:02:00.490+0100][gc,marking  ] GC(6) Concurrent Mark
[2024-12-04T15:02:00.490+0100][gc,marking  ] GC(6) Concurrent Mark From Roots
[2024-12-04T15:02:00.490+0100][gc,task     ] GC(6) Using 2 workers of 2 for marking
[2024-12-04T15:02:00.495+0100][gc,marking  ] GC(6) Concurrent Mark From Roots 4.990ms
[2024-12-04T15:02:00.495+0100][gc,marking  ] GC(6) Concurrent Preclean
[2024-12-04T15:02:00.495+0100][gc,marking  ] GC(6) Concurrent Preclean 0.065ms
[2024-12-04T15:02:00.495+0100][gc,start    ] GC(6) Pause Remark
[2024-12-04T15:02:00.498+0100][gc          ] GC(6) Pause Remark 28M->28M(1024M) 2.411ms
[2024-12-04T15:02:00.498+0100][gc,cpu      ] GC(6) User=0.01s Sys=0.00s Real=0.00s
[2024-12-04T15:02:00.498+0100][gc,marking  ] GC(6) Concurrent Mark 7.901ms
[2024-12-04T15:02:00.498+0100][gc,marking  ] GC(6) Concurrent Rebuild Remembered Sets and Scrub Regions
[2024-12-04T15:02:00.504+0100][gc,marking  ] GC(6) Concurrent Rebuild Remembered Sets and Scrub Regions 5.783ms
[2024-12-04T15:02:00.505+0100][gc,start    ] GC(6) Pause Cleanup
[2024-12-04T15:02:00.505+0100][gc          ] GC(6) Pause Cleanup 29M->29M(1024M) 0.174ms
[2024-12-04T15:02:00.505+0100][gc,cpu      ] GC(6) User=0.00s Sys=0.00s Real=0.00s
[2024-12-04T15:02:00.505+0100][gc,marking  ] GC(6) Concurrent Clear Claimed Marks
[2024-12-04T15:02:00.505+0100][gc,marking  ] GC(6) Concurrent Clear Claimed Marks 0.062ms
[2024-12-04T15:02:00.505+0100][gc,marking  ] GC(6) Concurrent Cleanup for Next Mark
[2024-12-04T15:02:00.506+0100][gc,marking  ] GC(6) Concurrent Cleanup for Next Mark 1.277ms
[2024-12-04T15:02:00.506+0100][gc          ] GC(6) Concurrent Mark Cycle 19.186ms
[2024-12-04T15:02:16.787+0100][gc,start    ] GC(7) Pause Young (Prepare Mixed) (G1 Evacuation Pause)
[2024-12-04T15:02:16.787+0100][gc,task     ] GC(7) Using 8 workers of 8 for evacuation
[2024-12-04T15:02:16.791+0100][gc,phases   ] GC(7)   Pre Evacuate Collection Set: 0.35ms
[2024-12-04T15:02:16.791+0100][gc,phases   ] GC(7)   Merge Heap Roots: 0.05ms
[2024-12-04T15:02:16.791+0100][gc,phases   ] GC(7)   Evacuate Collection Set: 3.58ms
[2024-12-04T15:02:16.791+0100][gc,phases   ] GC(7)   Post Evacuate Collection Set: 0.45ms
[2024-12-04T15:02:16.791+0100][gc,phases   ] GC(7)   Other: 0.05ms
[2024-12-04T15:02:16.791+0100][gc,heap     ] GC(7) Eden regions: 46->0(45)
[2024-12-04T15:02:16.791+0100][gc,heap     ] GC(7) Survivor regions: 5->6(7)
[2024-12-04T15:02:16.791+0100][gc,heap     ] GC(7) Old regions: 14->16
[2024-12-04T15:02:16.791+0100][gc,heap     ] GC(7) Humongous regions: 151->139
[2024-12-04T15:02:16.791+0100][gc,metaspace] GC(7) Metaspace: 42206K(42880K)->42206K(42880K) NonClass: 37263K(37632K)->37263K(37632K) Class: 4942K(5248K)->4942K(5248K)
[2024-12-04T15:02:16.791+0100][gc          ] GC(7) Pause Young (Prepare Mixed) (G1 Evacuation Pause) 214M->159M(1024M) 4.632ms
[2024-12-04T15:02:16.791+0100][gc,cpu      ] GC(7) User=0.03s Sys=0.00s Real=0.01s
[2024-12-04T15:07:53.252+0100][gc,start    ] GC(8) Pause Young (Mixed) (G1 Evacuation Pause)
[2024-12-04T15:07:53.253+0100][gc,task     ] GC(8) Using 8 workers of 8 for evacuation
[2024-12-04T15:07:53.262+0100][gc,phases   ] GC(8)   Pre Evacuate Collection Set: 0.42ms
[2024-12-04T15:07:53.262+0100][gc,phases   ] GC(8)   Merge Heap Roots: 0.14ms
[2024-12-04T15:07:53.262+0100][gc,phases   ] GC(8)   Evacuate Collection Set: 8.06ms
[2024-12-04T15:07:53.262+0100][gc,phases   ] GC(8)   Post Evacuate Collection Set: 0.82ms
[2024-12-04T15:07:53.262+0100][gc,phases   ] GC(8)   Other: 0.10ms
[2024-12-04T15:07:53.262+0100][gc,heap     ] GC(8) Eden regions: 45->0(44)
[2024-12-04T15:07:53.262+0100][gc,heap     ] GC(8) Survivor regions: 6->7(7)
[2024-12-04T15:07:53.262+0100][gc,heap     ] GC(8) Old regions: 16->18
[2024-12-04T15:07:53.262+0100][gc,heap     ] GC(8) Humongous regions: 139->139
[2024-12-04T15:07:53.262+0100][gc,metaspace] GC(8) Metaspace: 44117K(44800K)->44117K(44800K) NonClass: 39110K(39488K)->39110K(39488K) Class: 5006K(5312K)->5006K(5312K)
[2024-12-04T15:07:53.262+0100][gc          ] GC(8) Pause Young (Mixed) (G1 Evacuation Pause) 204M->162M(1024M) 9.804ms
[2024-12-04T15:07:53.262+0100][gc,cpu      ] GC(8) User=0.06s Sys=0.00s Real=0.01s
[2024-12-04T15:13:49.516+0100][gc,start    ] GC(9) Pause Young (Normal) (G1 Evacuation Pause)
[2024-12-04T15:13:49.516+0100][gc,task     ] GC(9) Using 8 workers of 8 for evacuation
[2024-12-04T15:13:49.520+0100][gc,phases   ] GC(9)   Pre Evacuate Collection Set: 0.28ms
[2024-12-04T15:13:49.521+0100][gc,phases   ] GC(9)   Merge Heap Roots: 0.06ms
[2024-12-04T15:13:49.521+0100][gc,phases   ] GC(9)   Evacuate Collection Set: 3.33ms
[2024-12-04T15:13:49.521+0100][gc,phases   ] GC(9)   Post Evacuate Collection Set: 0.33ms
[2024-12-04T15:13:49.521+0100][gc,phases   ] GC(9)   Other: 0.05ms
[2024-12-04T15:13:49.521+0100][gc,heap     ] GC(9) Eden regions: 44->0(47)
[2024-12-04T15:13:49.521+0100][gc,heap     ] GC(9) Survivor regions: 7->4(7)
[2024-12-04T15:13:49.521+0100][gc,heap     ] GC(9) Old regions: 18->21
[2024-12-04T15:13:49.521+0100][gc,heap     ] GC(9) Humongous regions: 139->139
[2024-12-04T15:13:49.521+0100][gc,metaspace] GC(9) Metaspace: 44419K(45056K)->44419K(45056K) NonClass: 39386K(39744K)->39386K(39744K) Class: 5033K(5312K)->5033K(5312K)
[2024-12-04T15:13:49.521+0100][gc          ] GC(9) Pause Young (Normal) (G1 Evacuation Pause) 206M->163M(1024M) 4.209ms
[2024-12-04T15:13:49.521+0100][gc,cpu      ] GC(9) User=0.02s Sys=0.01s Real=0.01s
[2024-12-04T15:20:32.312+0100][gc,start    ] GC(10) Pause Young (Normal) (G1 Evacuation Pause)
[2024-12-04T15:20:32.312+0100][gc,task     ] GC(10) Using 8 workers of 8 for evacuation
[2024-12-04T15:20:32.322+0100][gc,phases   ] GC(10)   Pre Evacuate Collection Set: 0.67ms
[2024-12-04T15:20:32.322+0100][gc,phases   ] GC(10)   Merge Heap Roots: 0.10ms
[2024-12-04T15:20:32.322+0100][gc,phases   ] GC(10)   Evacuate Collection Set: 8.71ms
[2024-12-04T15:20:32.322+0100][gc,phases   ] GC(10)   Post Evacuate Collection Set: 0.46ms
[2024-12-04T15:20:32.322+0100][gc,phases   ] GC(10)   Other: 0.10ms
[2024-12-04T15:20:32.322+0100][gc,heap     ] GC(10) Eden regions: 47->0(47)
[2024-12-04T15:20:32.322+0100][gc,heap     ] GC(10) Survivor regions: 4->4(7)
[2024-12-04T15:20:32.322+0100][gc,heap     ] GC(10) Old regions: 21->21
[2024-12-04T15:20:32.322+0100][gc,heap     ] GC(10) Humongous regions: 139->139
[2024-12-04T15:20:32.322+0100][gc,metaspace] GC(10) Metaspace: 44636K(45248K)->44636K(45248K) NonClass: 39602K(39936K)->39602K(39936K) Class: 5034K(5312K)->5034K(5312K)
[2024-12-04T15:20:32.322+0100][gc          ] GC(10) Pause Young (Normal) (G1 Evacuation Pause) 210M->163M(1024M) 10.317ms
[2024-12-04T15:20:32.322+0100][gc,cpu      ] GC(10) User=0.02s Sys=0.01s Real=0.01s
[2024-12-04T15:27:27.869+0100][gc,start    ] GC(11) Pause Young (Normal) (G1 Evacuation Pause)
[2024-12-04T15:27:27.869+0100][gc,task     ] GC(11) Using 8 workers of 8 for evacuation
[2024-12-04T15:27:27.873+0100][gc,phases   ] GC(11)   Pre Evacuate Collection Set: 0.20ms
[2024-12-04T15:27:27.873+0100][gc,phases   ] GC(11)   Merge Heap Roots: 0.05ms
[2024-12-04T15:27:27.873+0100][gc,phases   ] GC(11)   Evacuate Collection Set: 3.11ms
[2024-12-04T15:27:27.873+0100][gc,phases   ] GC(11)   Post Evacuate Collection Set: 0.47ms
[2024-12-04T15:27:27.873+0100][gc,phases   ] GC(11)   Other: 0.06ms
[2024-12-04T15:27:27.873+0100][gc,heap     ] GC(11) Eden regions: 47->0(45)
[2024-12-04T15:27:27.873+0100][gc,heap     ] GC(11) Survivor regions: 4->6(7)
[2024-12-04T15:27:27.873+0100][gc,heap     ] GC(11) Old regions: 21->21
[2024-12-04T15:27:27.873+0100][gc,heap     ] GC(11) Humongous regions: 139->139
[2024-12-04T15:27:27.873+0100][gc,metaspace] GC(11) Metaspace: 44748K(45376K)->44748K(45376K) NonClass: 39714K(40064K)->39714K(40064K) Class: 5034K(5312K)->5034K(5312K)
[2024-12-04T15:27:27.873+0100][gc          ] GC(11) Pause Young (Normal) (G1 Evacuation Pause) 210M->165M(1024M) 4.031ms
[2024-12-04T15:27:27.873+0100][gc,cpu      ] GC(11) User=0.02s Sys=0.00s Real=0.00s
[2024-12-05T09:05:45.685+0100][gc,start    ] GC(12) Pause Young (Normal) (G1 Evacuation Pause)
[2024-12-05T09:05:45.685+0100][gc,task     ] GC(12) Using 8 workers of 8 for evacuation
[2024-12-05T09:05:45.690+0100][gc,phases   ] GC(12)   Pre Evacuate Collection Set: 0.43ms
[2024-12-05T09:05:45.690+0100][gc,phases   ] GC(12)   Merge Heap Roots: 0.06ms
[2024-12-05T09:05:45.690+0100][gc,phases   ] GC(12)   Evacuate Collection Set: 3.24ms
[2024-12-05T09:05:45.690+0100][gc,phases   ] GC(12)   Post Evacuate Collection Set: 0.31ms
[2024-12-05T09:05:45.690+0100][gc,phases   ] GC(12)   Other: 0.07ms
[2024-12-05T09:05:45.690+0100][gc,heap     ] GC(12) Eden regions: 45->0(68)
[2024-12-05T09:05:45.690+0100][gc,heap     ] GC(12) Survivor regions: 6->4(7)
[2024-12-05T09:05:45.690+0100][gc,heap     ] GC(12) Old regions: 21->23
[2024-12-05T09:05:45.690+0100][gc,heap     ] GC(12) Humongous regions: 139->139
[2024-12-05T09:05:45.690+0100][gc,metaspace] GC(12) Metaspace: 44788K(45440K)->44788K(45440K) NonClass: 39753K(40128K)->39753K(40128K) Class: 5034K(5312K)->5034K(5312K)
[2024-12-05T09:05:45.690+0100][gc          ] GC(12) Pause Young (Normal) (G1 Evacuation Pause) 210M->165M(1024M) 4.267ms
[2024-12-05T09:05:45.690+0100][gc,cpu      ] GC(12) User=0.03s Sys=0.00s Real=0.01s
[2024-12-05T09:08:49.390+0100][gc,heap,exit] Heap
[2024-12-05T09:08:49.390+0100][gc,heap,exit]  garbage-first heap   total reserved 1048576K, committed 1048576K, used 202288K [0x00000000c0000000, 0x0000000100000000)
[2024-12-05T09:08:49.390+0100][gc,heap,exit]   region size 1024K, 36 young (36864K), 4 survivors (4096K)
[2024-12-05T09:08:49.390+0100][gc,heap,exit]  Metaspace       used 45591K, committed 46208K, reserved 1114112K
[2024-12-05T09:08:49.390+0100][gc,heap,exit]   class space    used 5224K, committed 5504K, reserved 1048576K
