[2024-12-04T11:56:32.354+0100][gc,init] CardTable entry size: 512
[2024-12-04T11:56:32.355+0100][gc     ] Using G1
[2024-12-04T11:56:32.367+0100][gc,init] Version: 22+36-2370 (release)
[2024-12-04T11:56:32.367+0100][gc,init] CPUs: 8 total, 8 available
[2024-12-04T11:56:32.367+0100][gc,init] Memory: 15667M
[2024-12-04T11:56:32.367+0100][gc,init] Large Page Support: Disabled
[2024-12-04T11:56:32.367+0100][gc,init] NUMA Support: Disabled
[2024-12-04T11:56:32.367+0100][gc,init] Compressed Oops: Enabled (32-bit)
[2024-12-04T11:56:32.367+0100][gc,init] Heap Region Size: 1M
[2024-12-04T11:56:32.367+0100][gc,init] Heap Min Capacity: 1G
[2024-12-04T11:56:32.367+0100][gc,init] Heap Initial Capacity: 1G
[2024-12-04T11:56:32.367+0100][gc,init] Heap Max Capacity: 1G
[2024-12-04T11:56:32.367+0100][gc,init] Pre-touch: Disabled
[2024-12-04T11:56:32.367+0100][gc,init] Parallel Workers: 8
[2024-12-04T11:56:32.368+0100][gc,init] Concurrent Workers: 2
[2024-12-04T11:56:32.368+0100][gc,init] Concurrent Refinement Workers: 8
[2024-12-04T11:56:32.368+0100][gc,init] Periodic GC: Disabled
[2024-12-04T11:56:32.373+0100][gc,metaspace] CDS archive(s) mapped at: [0x00007812da000000-0x00007812dac79000-0x00007812dac79000), size 13078528, SharedBaseAddress: 0x00007812da000000, ArchiveRelocationMode: 1.
[2024-12-04T11:56:32.373+0100][gc,metaspace] Compressed class space mapped at: 0x00007812db000000-0x000078131b000000, reserved size: 1073741824
[2024-12-04T11:56:32.373+0100][gc,metaspace] Narrow klass base: 0x00007812da000000, Narrow klass shift: 0, Narrow klass range: 0x100000000
[2024-12-04T11:56:33.264+0100][gc,start    ] GC(0) Pause Young (Normal) (G1 Evacuation Pause)
[2024-12-04T11:56:33.265+0100][gc,task     ] GC(0) Using 8 workers of 8 for evacuation
[2024-12-04T11:56:33.269+0100][gc,phases   ] GC(0)   Pre Evacuate Collection Set: 0.18ms
[2024-12-04T11:56:33.269+0100][gc,phases   ] GC(0)   Merge Heap Roots: 0.06ms
[2024-12-04T11:56:33.269+0100][gc,phases   ] GC(0)   Evacuate Collection Set: 3.09ms
[2024-12-04T11:56:33.269+0100][gc,phases   ] GC(0)   Post Evacuate Collection Set: 0.49ms
[2024-12-04T11:56:33.269+0100][gc,phases   ] GC(0)   Other: 1.11ms
[2024-12-04T11:56:33.269+0100][gc,heap     ] GC(0) Eden regions: 51->0(44)
[2024-12-04T11:56:33.269+0100][gc,heap     ] GC(0) Survivor regions: 0->7(7)
[2024-12-04T11:56:33.269+0100][gc,heap     ] GC(0) Old regions: 2->4
[2024-12-04T11:56:33.269+0100][gc,heap     ] GC(0) Humongous regions: 0->0
[2024-12-04T11:56:33.269+0100][gc,metaspace] GC(0) Metaspace: 17006K(17216K)->17006K(17216K) NonClass: 15070K(15232K)->15070K(15232K) Class: 1936K(1984K)->1936K(1984K)
[2024-12-04T11:56:33.269+0100][gc          ] GC(0) Pause Young (Normal) (G1 Evacuation Pause) 52M->9M(1024M) 5.138ms
[2024-12-04T11:56:33.269+0100][gc,cpu      ] GC(0) User=0.03s Sys=0.00s Real=0.01s
[2024-12-04T11:56:33.386+0100][gc,start    ] GC(1) Pause Young (Concurrent Start) (Metadata GC Threshold)
[2024-12-04T11:56:33.386+0100][gc,task     ] GC(1) Using 8 workers of 8 for evacuation
[2024-12-04T11:56:33.390+0100][gc,phases   ] GC(1)   Pre Evacuate Collection Set: 0.32ms
[2024-12-04T11:56:33.390+0100][gc,phases   ] GC(1)   Merge Heap Roots: 0.03ms
[2024-12-04T11:56:33.390+0100][gc,phases   ] GC(1)   Evacuate Collection Set: 3.07ms
[2024-12-04T11:56:33.390+0100][gc,phases   ] GC(1)   Post Evacuate Collection Set: 0.26ms
[2024-12-04T11:56:33.390+0100][gc,phases   ] GC(1)   Other: 0.21ms
[2024-12-04T11:56:33.390+0100][gc,heap     ] GC(1) Eden regions: 15->0(49)
[2024-12-04T11:56:33.390+0100][gc,heap     ] GC(1) Survivor regions: 7->2(7)
[2024-12-04T11:56:33.390+0100][gc,heap     ] GC(1) Old regions: 4->12
[2024-12-04T11:56:33.390+0100][gc,heap     ] GC(1) Humongous regions: 0->0
[2024-12-04T11:56:33.390+0100][gc,metaspace] GC(1) Metaspace: 21305K(21504K)->21305K(21504K) NonClass: 19047K(19136K)->19047K(19136K) Class: 2258K(2368K)->2258K(2368K)
[2024-12-04T11:56:33.390+0100][gc          ] GC(1) Pause Young (Concurrent Start) (Metadata GC Threshold) 24M->11M(1024M) 4.133ms
[2024-12-04T11:56:33.390+0100][gc,cpu      ] GC(1) User=0.02s Sys=0.00s Real=0.01s
[2024-12-04T11:56:33.390+0100][gc          ] GC(2) Concurrent Mark Cycle
[2024-12-04T11:56:33.390+0100][gc,marking  ] GC(2) Concurrent Scan Root Regions
[2024-12-04T11:56:33.392+0100][gc,marking  ] GC(2) Concurrent Scan Root Regions 1.949ms
[2024-12-04T11:56:33.392+0100][gc,marking  ] GC(2) Concurrent Mark
[2024-12-04T11:56:33.392+0100][gc,marking  ] GC(2) Concurrent Mark From Roots
[2024-12-04T11:56:33.392+0100][gc,task     ] GC(2) Using 2 workers of 2 for marking
[2024-12-04T11:56:33.394+0100][gc,marking  ] GC(2) Concurrent Mark From Roots 2.029ms
[2024-12-04T11:56:33.394+0100][gc,marking  ] GC(2) Concurrent Preclean
[2024-12-04T11:56:33.394+0100][gc,marking  ] GC(2) Concurrent Preclean 0.007ms
[2024-12-04T11:56:33.395+0100][gc,start    ] GC(2) Pause Remark
[2024-12-04T11:56:33.396+0100][gc          ] GC(2) Pause Remark 12M->12M(1024M) 1.403ms
[2024-12-04T11:56:33.396+0100][gc,cpu      ] GC(2) User=0.01s Sys=0.00s Real=0.01s
[2024-12-04T11:56:33.396+0100][gc,marking  ] GC(2) Concurrent Mark 3.674ms
[2024-12-04T11:56:33.396+0100][gc,marking  ] GC(2) Concurrent Rebuild Remembered Sets and Scrub Regions
[2024-12-04T11:56:33.398+0100][gc,marking  ] GC(2) Concurrent Rebuild Remembered Sets and Scrub Regions 1.919ms
[2024-12-04T11:56:33.398+0100][gc,start    ] GC(2) Pause Cleanup
[2024-12-04T11:56:33.398+0100][gc          ] GC(2) Pause Cleanup 12M->12M(1024M) 0.167ms
[2024-12-04T11:56:33.398+0100][gc,cpu      ] GC(2) User=0.00s Sys=0.00s Real=0.00s
[2024-12-04T11:56:33.398+0100][gc,marking  ] GC(2) Concurrent Clear Claimed Marks
[2024-12-04T11:56:33.398+0100][gc,marking  ] GC(2) Concurrent Clear Claimed Marks 0.022ms
[2024-12-04T11:56:33.398+0100][gc,marking  ] GC(2) Concurrent Cleanup for Next Mark
[2024-12-04T11:56:33.402+0100][gc,marking  ] GC(2) Concurrent Cleanup for Next Mark 3.817ms
[2024-12-04T11:56:33.402+0100][gc          ] GC(2) Concurrent Mark Cycle 11.845ms
[2024-12-04T11:56:34.148+0100][gc,start    ] GC(3) Pause Young (Prepare Mixed) (G1 Evacuation Pause)
[2024-12-04T11:56:34.148+0100][gc,task     ] GC(3) Using 8 workers of 8 for evacuation
[2024-12-04T11:56:34.151+0100][gc,phases   ] GC(3)   Pre Evacuate Collection Set: 0.22ms
[2024-12-04T11:56:34.151+0100][gc,phases   ] GC(3)   Merge Heap Roots: 0.06ms
[2024-12-04T11:56:34.151+0100][gc,phases   ] GC(3)   Evacuate Collection Set: 2.55ms
[2024-12-04T11:56:34.151+0100][gc,phases   ] GC(3)   Post Evacuate Collection Set: 0.46ms
[2024-12-04T11:56:34.151+0100][gc,phases   ] GC(3)   Other: 0.06ms
[2024-12-04T11:56:34.151+0100][gc,heap     ] GC(3) Eden regions: 49->0(47)
[2024-12-04T11:56:34.151+0100][gc,heap     ] GC(3) Survivor regions: 2->4(7)
[2024-12-04T11:56:34.151+0100][gc,heap     ] GC(3) Old regions: 12->12
[2024-12-04T11:56:34.151+0100][gc,heap     ] GC(3) Humongous regions: 10->10
[2024-12-04T11:56:34.151+0100][gc,metaspace] GC(3) Metaspace: 30366K(30720K)->30366K(30720K) NonClass: 26970K(27136K)->26970K(27136K) Class: 3395K(3584K)->3395K(3584K)
[2024-12-04T11:56:34.151+0100][gc          ] GC(3) Pause Young (Prepare Mixed) (G1 Evacuation Pause) 70M->23M(1024M) 3.514ms
[2024-12-04T11:56:34.151+0100][gc,cpu      ] GC(3) User=0.02s Sys=0.00s Real=0.00s
[2024-12-04T11:56:34.528+0100][gc,start    ] GC(4) Pause Young (Mixed) (Metadata GC Threshold)
[2024-12-04T11:56:34.528+0100][gc,task     ] GC(4) Using 8 workers of 8 for evacuation
[2024-12-04T11:56:34.533+0100][gc,phases   ] GC(4)   Pre Evacuate Collection Set: 0.25ms
[2024-12-04T11:56:34.533+0100][gc,phases   ] GC(4)   Merge Heap Roots: 0.04ms
[2024-12-04T11:56:34.533+0100][gc,phases   ] GC(4)   Evacuate Collection Set: 4.30ms
[2024-12-04T11:56:34.533+0100][gc,phases   ] GC(4)   Post Evacuate Collection Set: 0.52ms
[2024-12-04T11:56:34.533+0100][gc,phases   ] GC(4)   Other: 0.06ms
[2024-12-04T11:56:34.533+0100][gc,heap     ] GC(4) Eden regions: 47->0(44)
[2024-12-04T11:56:34.533+0100][gc,heap     ] GC(4) Survivor regions: 4->7(7)
[2024-12-04T11:56:34.533+0100][gc,heap     ] GC(4) Old regions: 12->11
[2024-12-04T11:56:34.533+0100][gc,heap     ] GC(4) Humongous regions: 12->10
[2024-12-04T11:56:34.533+0100][gc,metaspace] GC(4) Metaspace: 35736K(36096K)->35736K(36096K) NonClass: 31746K(31936K)->31746K(31936K) Class: 3989K(4160K)->3989K(4160K)
[2024-12-04T11:56:34.533+0100][gc          ] GC(4) Pause Young (Mixed) (Metadata GC Threshold) 72M->27M(1024M) 5.331ms
[2024-12-04T11:56:34.533+0100][gc,cpu      ] GC(4) User=0.03s Sys=0.00s Real=0.00s
[2024-12-04T11:56:34.550+0100][gc,start    ] GC(5) Pause Young (Concurrent Start) (Metadata GC Threshold)
[2024-12-04T11:56:34.550+0100][gc,task     ] GC(5) Using 8 workers of 8 for evacuation
[2024-12-04T11:56:34.555+0100][gc,phases   ] GC(5)   Pre Evacuate Collection Set: 0.25ms
[2024-12-04T11:56:34.555+0100][gc,phases   ] GC(5)   Merge Heap Roots: 0.04ms
[2024-12-04T11:56:34.555+0100][gc,phases   ] GC(5)   Evacuate Collection Set: 4.27ms
[2024-12-04T11:56:34.555+0100][gc,phases   ] GC(5)   Post Evacuate Collection Set: 0.33ms
[2024-12-04T11:56:34.555+0100][gc,phases   ] GC(5)   Other: 0.06ms
[2024-12-04T11:56:34.555+0100][gc,heap     ] GC(5) Eden regions: 2->0(50)
[2024-12-04T11:56:34.555+0100][gc,heap     ] GC(5) Survivor regions: 7->1(7)
[2024-12-04T11:56:34.555+0100][gc,heap     ] GC(5) Old regions: 11->18
[2024-12-04T11:56:34.555+0100][gc,heap     ] GC(5) Humongous regions: 10->10
[2024-12-04T11:56:34.555+0100][gc,metaspace] GC(5) Metaspace: 36072K(36416K)->36072K(36416K) NonClass: 32066K(32256K)->32066K(32256K) Class: 4005K(4160K)->4005K(4160K)
[2024-12-04T11:56:34.555+0100][gc          ] GC(5) Pause Young (Concurrent Start) (Metadata GC Threshold) 28M->28M(1024M) 5.088ms
[2024-12-04T11:56:34.555+0100][gc          ] GC(6) Concurrent Mark Cycle
[2024-12-04T11:56:34.555+0100][gc,cpu      ] GC(5) User=0.03s Sys=0.00s Real=0.01s
[2024-12-04T11:56:34.555+0100][gc,marking  ] GC(6) Concurrent Scan Root Regions
[2024-12-04T11:56:34.559+0100][gc,marking  ] GC(6) Concurrent Scan Root Regions 4.404ms
[2024-12-04T11:56:34.559+0100][gc,marking  ] GC(6) Concurrent Mark
[2024-12-04T11:56:34.559+0100][gc,marking  ] GC(6) Concurrent Mark From Roots
[2024-12-04T11:56:34.559+0100][gc,task     ] GC(6) Using 2 workers of 2 for marking
[2024-12-04T11:56:34.565+0100][gc,marking  ] GC(6) Concurrent Mark From Roots 5.706ms
[2024-12-04T11:56:34.565+0100][gc,marking  ] GC(6) Concurrent Preclean
[2024-12-04T11:56:34.565+0100][gc,marking  ] GC(6) Concurrent Preclean 0.082ms
[2024-12-04T11:56:34.565+0100][gc,start    ] GC(6) Pause Remark
[2024-12-04T11:56:34.569+0100][gc          ] GC(6) Pause Remark 29M->29M(1024M) 3.359ms
[2024-12-04T11:56:34.569+0100][gc,cpu      ] GC(6) User=0.01s Sys=0.00s Real=0.01s
[2024-12-04T11:56:34.569+0100][gc,marking  ] GC(6) Concurrent Mark 9.436ms
[2024-12-04T11:56:34.569+0100][gc,marking  ] GC(6) Concurrent Rebuild Remembered Sets and Scrub Regions
[2024-12-04T11:56:34.577+0100][gc,marking  ] GC(6) Concurrent Rebuild Remembered Sets and Scrub Regions 7.976ms
[2024-12-04T11:56:34.577+0100][gc,start    ] GC(6) Pause Cleanup
[2024-12-04T11:56:34.577+0100][gc          ] GC(6) Pause Cleanup 29M->29M(1024M) 0.430ms
[2024-12-04T11:56:34.578+0100][gc,cpu      ] GC(6) User=0.00s Sys=0.00s Real=0.00s
[2024-12-04T11:56:34.578+0100][gc,marking  ] GC(6) Concurrent Clear Claimed Marks
[2024-12-04T11:56:34.578+0100][gc,marking  ] GC(6) Concurrent Clear Claimed Marks 0.083ms
[2024-12-04T11:56:34.578+0100][gc,marking  ] GC(6) Concurrent Cleanup for Next Mark
[2024-12-04T11:56:34.579+0100][gc,marking  ] GC(6) Concurrent Cleanup for Next Mark 1.808ms
[2024-12-04T11:56:34.580+0100][gc          ] GC(6) Concurrent Mark Cycle 24.542ms
[2024-12-04T11:57:25.180+0100][gc,start    ] GC(7) Pause Young (Prepare Mixed) (G1 Evacuation Pause)
[2024-12-04T11:57:25.180+0100][gc,task     ] GC(7) Using 8 workers of 8 for evacuation
[2024-12-04T11:57:25.183+0100][gc,phases   ] GC(7)   Pre Evacuate Collection Set: 0.38ms
[2024-12-04T11:57:25.183+0100][gc,phases   ] GC(7)   Merge Heap Roots: 0.08ms
[2024-12-04T11:57:25.183+0100][gc,phases   ] GC(7)   Evacuate Collection Set: 2.36ms
[2024-12-04T11:57:25.183+0100][gc,phases   ] GC(7)   Post Evacuate Collection Set: 0.44ms
[2024-12-04T11:57:25.183+0100][gc,phases   ] GC(7)   Other: 0.07ms
[2024-12-04T11:57:25.183+0100][gc,heap     ] GC(7) Eden regions: 50->0(47)
[2024-12-04T11:57:25.183+0100][gc,heap     ] GC(7) Survivor regions: 1->4(7)
[2024-12-04T11:57:25.183+0100][gc,heap     ] GC(7) Old regions: 18->18
[2024-12-04T11:57:25.183+0100][gc,heap     ] GC(7) Humongous regions: 151->139
[2024-12-04T11:57:25.183+0100][gc,metaspace] GC(7) Metaspace: 42711K(43392K)->42711K(43392K) NonClass: 37707K(38080K)->37707K(38080K) Class: 5003K(5312K)->5003K(5312K)
[2024-12-04T11:57:25.183+0100][gc          ] GC(7) Pause Young (Prepare Mixed) (G1 Evacuation Pause) 219M->160M(1024M) 3.526ms
[2024-12-04T11:57:25.183+0100][gc,cpu      ] GC(7) User=0.02s Sys=0.00s Real=0.00s
[2024-12-04T12:03:18.241+0100][gc,start    ] GC(8) Pause Young (Mixed) (G1 Evacuation Pause)
[2024-12-04T12:03:18.241+0100][gc,task     ] GC(8) Using 8 workers of 8 for evacuation
[2024-12-04T12:03:18.246+0100][gc,phases   ] GC(8)   Pre Evacuate Collection Set: 0.37ms
[2024-12-04T12:03:18.246+0100][gc,phases   ] GC(8)   Merge Heap Roots: 0.05ms
[2024-12-04T12:03:18.246+0100][gc,phases   ] GC(8)   Evacuate Collection Set: 3.73ms
[2024-12-04T12:03:18.246+0100][gc,phases   ] GC(8)   Post Evacuate Collection Set: 0.52ms
[2024-12-04T12:03:18.246+0100][gc,phases   ] GC(8)   Other: 0.05ms
[2024-12-04T12:03:18.246+0100][gc,heap     ] GC(8) Eden regions: 47->0(44)
[2024-12-04T12:03:18.246+0100][gc,heap     ] GC(8) Survivor regions: 4->7(7)
[2024-12-04T12:03:18.246+0100][gc,heap     ] GC(8) Old regions: 18->18
[2024-12-04T12:03:18.246+0100][gc,heap     ] GC(8) Humongous regions: 139->139
[2024-12-04T12:03:18.246+0100][gc,metaspace] GC(8) Metaspace: 45191K(45824K)->45191K(45824K) NonClass: 40048K(40384K)->40048K(40384K) Class: 5142K(5440K)->5142K(5440K)
[2024-12-04T12:03:18.246+0100][gc          ] GC(8) Pause Young (Mixed) (G1 Evacuation Pause) 207M->162M(1024M) 4.882ms
[2024-12-04T12:03:18.246+0100][gc,cpu      ] GC(8) User=0.03s Sys=0.00s Real=0.00s
[2024-12-04T12:08:30.484+0100][gc,start    ] GC(9) Pause Young (Normal) (G1 Evacuation Pause)
[2024-12-04T12:08:30.484+0100][gc,task     ] GC(9) Using 8 workers of 8 for evacuation
[2024-12-04T12:08:30.487+0100][gc,phases   ] GC(9)   Pre Evacuate Collection Set: 0.17ms
[2024-12-04T12:08:30.488+0100][gc,phases   ] GC(9)   Merge Heap Roots: 0.04ms
[2024-12-04T12:08:30.488+0100][gc,phases   ] GC(9)   Evacuate Collection Set: 3.11ms
[2024-12-04T12:08:30.488+0100][gc,phases   ] GC(9)   Post Evacuate Collection Set: 0.34ms
[2024-12-04T12:08:30.488+0100][gc,phases   ] GC(9)   Other: 0.05ms
[2024-12-04T12:08:30.488+0100][gc,heap     ] GC(9) Eden regions: 44->0(47)
[2024-12-04T12:08:30.488+0100][gc,heap     ] GC(9) Survivor regions: 7->4(7)
[2024-12-04T12:08:30.488+0100][gc,heap     ] GC(9) Old regions: 18->21
[2024-12-04T12:08:30.488+0100][gc,heap     ] GC(9) Humongous regions: 139->139
[2024-12-04T12:08:30.488+0100][gc,metaspace] GC(9) Metaspace: 45601K(46208K)->45601K(46208K) NonClass: 40401K(40704K)->40401K(40704K) Class: 5199K(5504K)->5199K(5504K)
[2024-12-04T12:08:30.488+0100][gc          ] GC(9) Pause Young (Normal) (G1 Evacuation Pause) 206M->162M(1024M) 3.840ms
[2024-12-04T12:08:30.488+0100][gc,cpu      ] GC(9) User=0.02s Sys=0.00s Real=0.01s
[2024-12-04T12:15:19.978+0100][gc,start    ] GC(10) Pause Young (Normal) (G1 Evacuation Pause)
[2024-12-04T12:15:19.978+0100][gc,task     ] GC(10) Using 8 workers of 8 for evacuation
[2024-12-04T12:15:19.981+0100][gc,phases   ] GC(10)   Pre Evacuate Collection Set: 0.45ms
[2024-12-04T12:15:19.981+0100][gc,phases   ] GC(10)   Merge Heap Roots: 0.06ms
[2024-12-04T12:15:19.981+0100][gc,phases   ] GC(10)   Evacuate Collection Set: 2.46ms
[2024-12-04T12:15:19.981+0100][gc,phases   ] GC(10)   Post Evacuate Collection Set: 0.32ms
[2024-12-04T12:15:19.981+0100][gc,phases   ] GC(10)   Other: 0.07ms
[2024-12-04T12:15:19.981+0100][gc,heap     ] GC(10) Eden regions: 47->0(46)
[2024-12-04T12:15:19.981+0100][gc,heap     ] GC(10) Survivor regions: 4->5(7)
[2024-12-04T12:15:19.981+0100][gc,heap     ] GC(10) Old regions: 21->21
[2024-12-04T12:15:19.981+0100][gc,heap     ] GC(10) Humongous regions: 139->139
[2024-12-04T12:15:19.981+0100][gc,metaspace] GC(10) Metaspace: 45789K(46464K)->45789K(46464K) NonClass: 40588K(40960K)->40588K(40960K) Class: 5200K(5504K)->5200K(5504K)
[2024-12-04T12:15:19.981+0100][gc          ] GC(10) Pause Young (Normal) (G1 Evacuation Pause) 209M->163M(1024M) 3.521ms
[2024-12-04T12:15:19.981+0100][gc,cpu      ] GC(10) User=0.02s Sys=0.00s Real=0.00s
[2024-12-04T12:22:05.179+0100][gc,start    ] GC(11) Pause Young (Normal) (G1 Evacuation Pause)
[2024-12-04T12:22:05.179+0100][gc,task     ] GC(11) Using 8 workers of 8 for evacuation
[2024-12-04T12:22:05.184+0100][gc,phases   ] GC(11)   Pre Evacuate Collection Set: 0.39ms
[2024-12-04T12:22:05.184+0100][gc,phases   ] GC(11)   Merge Heap Roots: 0.07ms
[2024-12-04T12:22:05.184+0100][gc,phases   ] GC(11)   Evacuate Collection Set: 3.54ms
[2024-12-04T12:22:05.184+0100][gc,phases   ] GC(11)   Post Evacuate Collection Set: 0.35ms
[2024-12-04T12:22:05.184+0100][gc,phases   ] GC(11)   Other: 0.08ms
[2024-12-04T12:22:05.184+0100][gc,heap     ] GC(11) Eden regions: 46->0(63)
[2024-12-04T12:22:05.184+0100][gc,heap     ] GC(11) Survivor regions: 5->4(7)
[2024-12-04T12:22:05.184+0100][gc,heap     ] GC(11) Old regions: 21->22
[2024-12-04T12:22:05.184+0100][gc,heap     ] GC(11) Humongous regions: 139->139
[2024-12-04T12:22:05.184+0100][gc,metaspace] GC(11) Metaspace: 45898K(46528K)->45898K(46528K) NonClass: 40698K(41024K)->40698K(41024K) Class: 5200K(5504K)->5200K(5504K)
[2024-12-04T12:22:05.184+0100][gc          ] GC(11) Pause Young (Normal) (G1 Evacuation Pause) 209M->164M(1024M) 4.597ms
[2024-12-04T12:22:05.184+0100][gc,cpu      ] GC(11) User=0.02s Sys=0.00s Real=0.00s
[2024-12-04T12:30:59.267+0100][gc,start    ] GC(12) Pause Young (Normal) (G1 Evacuation Pause)
[2024-12-04T12:30:59.267+0100][gc,task     ] GC(12) Using 8 workers of 8 for evacuation
[2024-12-04T12:30:59.274+0100][gc,phases   ] GC(12)   Pre Evacuate Collection Set: 0.33ms
[2024-12-04T12:30:59.274+0100][gc,phases   ] GC(12)   Merge Heap Roots: 0.14ms
[2024-12-04T12:30:59.274+0100][gc,phases   ] GC(12)   Evacuate Collection Set: 5.94ms
[2024-12-04T12:30:59.274+0100][gc,phases   ] GC(12)   Post Evacuate Collection Set: 0.43ms
[2024-12-04T12:30:59.274+0100][gc,phases   ] GC(12)   Other: 0.10ms
[2024-12-04T12:30:59.274+0100][gc,heap     ] GC(12) Eden regions: 58->0(58)
[2024-12-04T12:30:59.274+0100][gc,heap     ] GC(12) Survivor regions: 4->6(8)
[2024-12-04T12:30:59.274+0100][gc,heap     ] GC(12) Old regions: 22->22
[2024-12-04T12:30:59.274+0100][gc,heap     ] GC(12) Humongous regions: 139->139
[2024-12-04T12:30:59.274+0100][gc,metaspace] GC(12) Metaspace: 45971K(46592K)->45971K(46592K) NonClass: 40770K(41088K)->40770K(41088K) Class: 5201K(5504K)->5201K(5504K)
[2024-12-04T12:30:59.274+0100][gc          ] GC(12) Pause Young (Normal) (G1 Evacuation Pause) 222M->165M(1024M) 7.223ms
[2024-12-04T12:30:59.274+0100][gc,cpu      ] GC(12) User=0.04s Sys=0.00s Real=0.01s
[2024-12-04T12:33:20.218+0100][gc,heap,exit] Heap
[2024-12-04T12:33:20.219+0100][gc,heap,exit]  garbage-first heap   total reserved 1048576K, committed 1048576K, used 198284K [0x00000000c0000000, 0x0000000100000000)
[2024-12-04T12:33:20.219+0100][gc,heap,exit]   region size 1024K, 35 young (35840K), 6 survivors (6144K)
[2024-12-04T12:33:20.219+0100][gc,heap,exit]  Metaspace       used 46757K, committed 47424K, reserved 1114112K
[2024-12-04T12:33:20.219+0100][gc,heap,exit]   class space    used 5388K, committed 5696K, reserved 1048576K
