[2024-12-04T09:36:13.627+0100][gc,init] CardTable entry size: 512
[2024-12-04T09:36:13.627+0100][gc     ] Using G1
[2024-12-04T09:36:13.641+0100][gc,init] Version: 22+36-2370 (release)
[2024-12-04T09:36:13.641+0100][gc,init] CPUs: 8 total, 8 available
[2024-12-04T09:36:13.641+0100][gc,init] Memory: 15667M
[2024-12-04T09:36:13.641+0100][gc,init] Large Page Support: Disabled
[2024-12-04T09:36:13.641+0100][gc,init] NUMA Support: Disabled
[2024-12-04T09:36:13.641+0100][gc,init] Compressed Oops: Enabled (32-bit)
[2024-12-04T09:36:13.641+0100][gc,init] Heap Region Size: 1M
[2024-12-04T09:36:13.641+0100][gc,init] Heap Min Capacity: 1G
[2024-12-04T09:36:13.641+0100][gc,init] Heap Initial Capacity: 1G
[2024-12-04T09:36:13.641+0100][gc,init] Heap Max Capacity: 1G
[2024-12-04T09:36:13.641+0100][gc,init] Pre-touch: Disabled
[2024-12-04T09:36:13.641+0100][gc,init] Parallel Workers: 8
[2024-12-04T09:36:13.641+0100][gc,init] Concurrent Workers: 2
[2024-12-04T09:36:13.641+0100][gc,init] Concurrent Refinement Workers: 8
[2024-12-04T09:36:13.641+0100][gc,init] Periodic GC: Disabled
[2024-12-04T09:36:13.646+0100][gc,metaspace] CDS archive(s) mapped at: [0x0000783142000000-0x0000783142c79000-0x0000783142c79000), size 13078528, SharedBaseAddress: 0x0000783142000000, ArchiveRelocationMode: 1.
[2024-12-04T09:36:13.646+0100][gc,metaspace] Compressed class space mapped at: 0x0000783143000000-0x0000783183000000, reserved size: 1073741824
[2024-12-04T09:36:13.646+0100][gc,metaspace] Narrow klass base: 0x0000783142000000, Narrow klass shift: 0, Narrow klass range: 0x100000000
[2024-12-04T09:36:14.462+0100][gc,start    ] GC(0) Pause Young (Normal) (G1 Evacuation Pause)
[2024-12-04T09:36:14.463+0100][gc,task     ] GC(0) Using 8 workers of 8 for evacuation
[2024-12-04T09:36:14.467+0100][gc,phases   ] GC(0)   Pre Evacuate Collection Set: 0.15ms
[2024-12-04T09:36:14.467+0100][gc,phases   ] GC(0)   Merge Heap Roots: 0.06ms
[2024-12-04T09:36:14.467+0100][gc,phases   ] GC(0)   Evacuate Collection Set: 3.13ms
[2024-12-04T09:36:14.467+0100][gc,phases   ] GC(0)   Post Evacuate Collection Set: 0.44ms
[2024-12-04T09:36:14.467+0100][gc,phases   ] GC(0)   Other: 1.18ms
[2024-12-04T09:36:14.467+0100][gc,heap     ] GC(0) Eden regions: 51->0(44)
[2024-12-04T09:36:14.467+0100][gc,heap     ] GC(0) Survivor regions: 0->7(7)
[2024-12-04T09:36:14.467+0100][gc,heap     ] GC(0) Old regions: 2->4
[2024-12-04T09:36:14.467+0100][gc,heap     ] GC(0) Humongous regions: 0->0
[2024-12-04T09:36:14.467+0100][gc,metaspace] GC(0) Metaspace: 16992K(17152K)->16992K(17152K) NonClass: 15055K(15168K)->15055K(15168K) Class: 1936K(1984K)->1936K(1984K)
[2024-12-04T09:36:14.467+0100][gc          ] GC(0) Pause Young (Normal) (G1 Evacuation Pause) 52M->9M(1024M) 5.173ms
[2024-12-04T09:36:14.467+0100][gc,cpu      ] GC(0) User=0.01s Sys=0.02s Real=0.01s
[2024-12-04T09:36:14.588+0100][gc,start    ] GC(1) Pause Young (Concurrent Start) (Metadata GC Threshold)
[2024-12-04T09:36:14.588+0100][gc,task     ] GC(1) Using 8 workers of 8 for evacuation
[2024-12-04T09:36:14.591+0100][gc,phases   ] GC(1)   Pre Evacuate Collection Set: 0.21ms
[2024-12-04T09:36:14.591+0100][gc,phases   ] GC(1)   Merge Heap Roots: 0.04ms
[2024-12-04T09:36:14.591+0100][gc,phases   ] GC(1)   Evacuate Collection Set: 2.72ms
[2024-12-04T09:36:14.591+0100][gc,phases   ] GC(1)   Post Evacuate Collection Set: 0.29ms
[2024-12-04T09:36:14.591+0100][gc,phases   ] GC(1)   Other: 0.10ms
[2024-12-04T09:36:14.591+0100][gc,heap     ] GC(1) Eden regions: 15->0(49)
[2024-12-04T09:36:14.591+0100][gc,heap     ] GC(1) Survivor regions: 7->2(7)
[2024-12-04T09:36:14.591+0100][gc,heap     ] GC(1) Old regions: 4->11
[2024-12-04T09:36:14.591+0100][gc,heap     ] GC(1) Humongous regions: 0->0
[2024-12-04T09:36:14.591+0100][gc,metaspace] GC(1) Metaspace: 21288K(21504K)->21288K(21504K) NonClass: 19029K(19136K)->19029K(19136K) Class: 2258K(2368K)->2258K(2368K)
[2024-12-04T09:36:14.591+0100][gc          ] GC(1) Pause Young (Concurrent Start) (Metadata GC Threshold) 24M->11M(1024M) 3.519ms
[2024-12-04T09:36:14.591+0100][gc,cpu      ] GC(1) User=0.01s Sys=0.00s Real=0.00s
[2024-12-04T09:36:14.591+0100][gc          ] GC(2) Concurrent Mark Cycle
[2024-12-04T09:36:14.591+0100][gc,marking  ] GC(2) Concurrent Scan Root Regions
[2024-12-04T09:36:14.593+0100][gc,marking  ] GC(2) Concurrent Scan Root Regions 2.063ms
[2024-12-04T09:36:14.594+0100][gc,marking  ] GC(2) Concurrent Mark
[2024-12-04T09:36:14.594+0100][gc,marking  ] GC(2) Concurrent Mark From Roots
[2024-12-04T09:36:14.594+0100][gc,task     ] GC(2) Using 2 workers of 2 for marking
[2024-12-04T09:36:14.596+0100][gc,marking  ] GC(2) Concurrent Mark From Roots 2.091ms
[2024-12-04T09:36:14.596+0100][gc,marking  ] GC(2) Concurrent Preclean
[2024-12-04T09:36:14.596+0100][gc,marking  ] GC(2) Concurrent Preclean 0.010ms
[2024-12-04T09:36:14.596+0100][gc,start    ] GC(2) Pause Remark
[2024-12-04T09:36:14.597+0100][gc          ] GC(2) Pause Remark 11M->11M(1024M) 1.301ms
[2024-12-04T09:36:14.597+0100][gc,cpu      ] GC(2) User=0.00s Sys=0.00s Real=0.00s
[2024-12-04T09:36:14.597+0100][gc,marking  ] GC(2) Concurrent Mark 3.523ms
[2024-12-04T09:36:14.597+0100][gc,marking  ] GC(2) Concurrent Rebuild Remembered Sets and Scrub Regions
[2024-12-04T09:36:14.599+0100][gc,marking  ] GC(2) Concurrent Rebuild Remembered Sets and Scrub Regions 1.900ms
[2024-12-04T09:36:14.599+0100][gc,start    ] GC(2) Pause Cleanup
[2024-12-04T09:36:14.599+0100][gc          ] GC(2) Pause Cleanup 11M->11M(1024M) 0.155ms
[2024-12-04T09:36:14.599+0100][gc,cpu      ] GC(2) User=0.00s Sys=0.00s Real=0.00s
[2024-12-04T09:36:14.599+0100][gc,marking  ] GC(2) Concurrent Clear Claimed Marks
[2024-12-04T09:36:14.599+0100][gc,marking  ] GC(2) Concurrent Clear Claimed Marks 0.020ms
[2024-12-04T09:36:14.599+0100][gc,marking  ] GC(2) Concurrent Cleanup for Next Mark
[2024-12-04T09:36:14.603+0100][gc,marking  ] GC(2) Concurrent Cleanup for Next Mark 4.063ms
[2024-12-04T09:36:14.603+0100][gc          ] GC(2) Concurrent Mark Cycle 12.024ms
[2024-12-04T09:36:15.207+0100][gc,start    ] GC(3) Pause Young (Prepare Mixed) (G1 Evacuation Pause)
[2024-12-04T09:36:15.207+0100][gc,task     ] GC(3) Using 8 workers of 8 for evacuation
[2024-12-04T09:36:15.211+0100][gc,phases   ] GC(3)   Pre Evacuate Collection Set: 0.20ms
[2024-12-04T09:36:15.211+0100][gc,phases   ] GC(3)   Merge Heap Roots: 0.05ms
[2024-12-04T09:36:15.211+0100][gc,phases   ] GC(3)   Evacuate Collection Set: 2.60ms
[2024-12-04T09:36:15.211+0100][gc,phases   ] GC(3)   Post Evacuate Collection Set: 0.38ms
[2024-12-04T09:36:15.211+0100][gc,phases   ] GC(3)   Other: 0.05ms
[2024-12-04T09:36:15.211+0100][gc,heap     ] GC(3) Eden regions: 49->0(46)
[2024-12-04T09:36:15.211+0100][gc,heap     ] GC(3) Survivor regions: 2->5(7)
[2024-12-04T09:36:15.211+0100][gc,heap     ] GC(3) Old regions: 11->11
[2024-12-04T09:36:15.211+0100][gc,heap     ] GC(3) Humongous regions: 9->9
[2024-12-04T09:36:15.211+0100][gc,metaspace] GC(3) Metaspace: 32175K(32512K)->32175K(32512K) NonClass: 28531K(28736K)->28531K(28736K) Class: 3644K(3776K)->3644K(3776K)
[2024-12-04T09:36:15.211+0100][gc          ] GC(3) Pause Young (Prepare Mixed) (G1 Evacuation Pause) 69M->23M(1024M) 3.421ms
[2024-12-04T09:36:15.211+0100][gc,cpu      ] GC(3) User=0.03s Sys=0.00s Real=0.00s
[2024-12-04T09:36:15.363+0100][gc,start    ] GC(4) Pause Young (Mixed) (Metadata GC Threshold)
[2024-12-04T09:36:15.363+0100][gc,task     ] GC(4) Using 8 workers of 8 for evacuation
[2024-12-04T09:36:15.367+0100][gc,phases   ] GC(4)   Pre Evacuate Collection Set: 0.21ms
[2024-12-04T09:36:15.367+0100][gc,phases   ] GC(4)   Merge Heap Roots: 0.04ms
[2024-12-04T09:36:15.367+0100][gc,phases   ] GC(4)   Evacuate Collection Set: 3.60ms
[2024-12-04T09:36:15.367+0100][gc,phases   ] GC(4)   Post Evacuate Collection Set: 0.33ms
[2024-12-04T09:36:15.367+0100][gc,phases   ] GC(4)   Other: 0.06ms
[2024-12-04T09:36:15.367+0100][gc,heap     ] GC(4) Eden regions: 23->0(44)
[2024-12-04T09:36:15.367+0100][gc,heap     ] GC(4) Survivor regions: 5->7(7)
[2024-12-04T09:36:15.367+0100][gc,heap     ] GC(4) Old regions: 11->11
[2024-12-04T09:36:15.367+0100][gc,heap     ] GC(4) Humongous regions: 9->9
[2024-12-04T09:36:15.367+0100][gc,metaspace] GC(4) Metaspace: 35800K(36096K)->35800K(36096K) NonClass: 31774K(31936K)->31774K(31936K) Class: 4025K(4160K)->4025K(4160K)
[2024-12-04T09:36:15.367+0100][gc          ] GC(4) Pause Young (Mixed) (Metadata GC Threshold) 46M->26M(1024M) 4.425ms
[2024-12-04T09:36:15.367+0100][gc,cpu      ] GC(4) User=0.03s Sys=0.01s Real=0.01s
[2024-12-04T09:36:15.374+0100][gc,start    ] GC(5) Pause Young (Concurrent Start) (Metadata GC Threshold)
[2024-12-04T09:36:15.374+0100][gc,task     ] GC(5) Using 8 workers of 8 for evacuation
[2024-12-04T09:36:15.378+0100][gc,phases   ] GC(5)   Pre Evacuate Collection Set: 0.21ms
[2024-12-04T09:36:15.378+0100][gc,phases   ] GC(5)   Merge Heap Roots: 0.03ms
[2024-12-04T09:36:15.378+0100][gc,phases   ] GC(5)   Evacuate Collection Set: 2.90ms
[2024-12-04T09:36:15.378+0100][gc,phases   ] GC(5)   Post Evacuate Collection Set: 0.51ms
[2024-12-04T09:36:15.378+0100][gc,phases   ] GC(5)   Other: 0.10ms
[2024-12-04T09:36:15.378+0100][gc,heap     ] GC(5) Eden regions: 2->0(46)
[2024-12-04T09:36:15.378+0100][gc,heap     ] GC(5) Survivor regions: 7->5(7)
[2024-12-04T09:36:15.378+0100][gc,heap     ] GC(5) Old regions: 11->14
[2024-12-04T09:36:15.378+0100][gc,heap     ] GC(5) Humongous regions: 9->9
[2024-12-04T09:36:15.378+0100][gc,metaspace] GC(5) Metaspace: 36073K(36416K)->36073K(36416K) NonClass: 32044K(32256K)->32044K(32256K) Class: 4028K(4160K)->4028K(4160K)
[2024-12-04T09:36:15.378+0100][gc          ] GC(5) Pause Young (Concurrent Start) (Metadata GC Threshold) 28M->27M(1024M) 3.936ms
[2024-12-04T09:36:15.378+0100][gc          ] GC(6) Concurrent Mark Cycle
[2024-12-04T09:36:15.378+0100][gc,marking  ] GC(6) Concurrent Scan Root Regions
[2024-12-04T09:36:15.378+0100][gc,cpu      ] GC(5) User=0.03s Sys=0.00s Real=0.00s
[2024-12-04T09:36:15.381+0100][gc,marking  ] GC(6) Concurrent Scan Root Regions 2.953ms
[2024-12-04T09:36:15.381+0100][gc,marking  ] GC(6) Concurrent Mark
[2024-12-04T09:36:15.381+0100][gc,marking  ] GC(6) Concurrent Mark From Roots
[2024-12-04T09:36:15.381+0100][gc,task     ] GC(6) Using 2 workers of 2 for marking
[2024-12-04T09:36:15.386+0100][gc,marking  ] GC(6) Concurrent Mark From Roots 5.132ms
[2024-12-04T09:36:15.386+0100][gc,marking  ] GC(6) Concurrent Preclean
[2024-12-04T09:36:15.386+0100][gc,marking  ] GC(6) Concurrent Preclean 0.052ms
[2024-12-04T09:36:15.386+0100][gc,start    ] GC(6) Pause Remark
[2024-12-04T09:36:15.388+0100][gc          ] GC(6) Pause Remark 27M->27M(1024M) 1.350ms
[2024-12-04T09:36:15.388+0100][gc,cpu      ] GC(6) User=0.00s Sys=0.00s Real=0.00s
[2024-12-04T09:36:15.388+0100][gc,marking  ] GC(6) Concurrent Mark 6.694ms
[2024-12-04T09:36:15.388+0100][gc,marking  ] GC(6) Concurrent Rebuild Remembered Sets and Scrub Regions
[2024-12-04T09:36:15.393+0100][gc,marking  ] GC(6) Concurrent Rebuild Remembered Sets and Scrub Regions 4.714ms
[2024-12-04T09:36:15.393+0100][gc,start    ] GC(6) Pause Cleanup
[2024-12-04T09:36:15.393+0100][gc          ] GC(6) Pause Cleanup 29M->29M(1024M) 0.161ms
[2024-12-04T09:36:15.393+0100][gc,cpu      ] GC(6) User=0.01s Sys=0.00s Real=0.00s
[2024-12-04T09:36:15.393+0100][gc,marking  ] GC(6) Concurrent Clear Claimed Marks
[2024-12-04T09:36:15.393+0100][gc,marking  ] GC(6) Concurrent Clear Claimed Marks 0.034ms
[2024-12-04T09:36:15.393+0100][gc,marking  ] GC(6) Concurrent Cleanup for Next Mark
[2024-12-04T09:36:15.395+0100][gc,marking  ] GC(6) Concurrent Cleanup for Next Mark 1.586ms
[2024-12-04T09:36:15.395+0100][gc          ] GC(6) Concurrent Mark Cycle 16.500ms
[2024-12-04T09:44:31.859+0100][gc,start    ] GC(7) Pause Young (Prepare Mixed) (G1 Evacuation Pause)
[2024-12-04T09:44:31.859+0100][gc,task     ] GC(7) Using 8 workers of 8 for evacuation
[2024-12-04T09:44:31.864+0100][gc,phases   ] GC(7)   Pre Evacuate Collection Set: 0.52ms
[2024-12-04T09:44:31.864+0100][gc,phases   ] GC(7)   Merge Heap Roots: 0.10ms
[2024-12-04T09:44:31.864+0100][gc,phases   ] GC(7)   Evacuate Collection Set: 3.72ms
[2024-12-04T09:44:31.864+0100][gc,phases   ] GC(7)   Post Evacuate Collection Set: 0.38ms
[2024-12-04T09:44:31.864+0100][gc,phases   ] GC(7)   Other: 0.07ms
[2024-12-04T09:44:31.864+0100][gc,heap     ] GC(7) Eden regions: 46->0(48)
[2024-12-04T09:44:31.864+0100][gc,heap     ] GC(7) Survivor regions: 5->3(7)
[2024-12-04T09:44:31.864+0100][gc,heap     ] GC(7) Old regions: 14->18
[2024-12-04T09:44:31.864+0100][gc,heap     ] GC(7) Humongous regions: 138->138
[2024-12-04T09:44:31.864+0100][gc,metaspace] GC(7) Metaspace: 39407K(39808K)->39407K(39808K) NonClass: 35109K(35328K)->35109K(35328K) Class: 4297K(4480K)->4297K(4480K)
[2024-12-04T09:44:31.864+0100][gc          ] GC(7) Pause Young (Prepare Mixed) (G1 Evacuation Pause) 202M->157M(1024M) 4.957ms
[2024-12-04T09:44:31.864+0100][gc,cpu      ] GC(7) User=0.03s Sys=0.00s Real=0.00s
[2024-12-04T09:56:30.499+0100][gc,start    ] GC(8) Pause Young (Mixed) (G1 Evacuation Pause)
[2024-12-04T09:56:30.499+0100][gc,task     ] GC(8) Using 8 workers of 8 for evacuation
[2024-12-04T09:56:30.502+0100][gc,phases   ] GC(8)   Pre Evacuate Collection Set: 0.52ms
[2024-12-04T09:56:30.502+0100][gc,phases   ] GC(8)   Merge Heap Roots: 0.07ms
[2024-12-04T09:56:30.502+0100][gc,phases   ] GC(8)   Evacuate Collection Set: 2.07ms
[2024-12-04T09:56:30.502+0100][gc,phases   ] GC(8)   Post Evacuate Collection Set: 0.37ms
[2024-12-04T09:56:30.502+0100][gc,phases   ] GC(8)   Other: 0.06ms
[2024-12-04T09:56:30.502+0100][gc,heap     ] GC(8) Eden regions: 48->0(47)
[2024-12-04T09:56:30.502+0100][gc,heap     ] GC(8) Survivor regions: 3->4(7)
[2024-12-04T09:56:30.502+0100][gc,heap     ] GC(8) Old regions: 18->18
[2024-12-04T09:56:30.502+0100][gc,heap     ] GC(8) Humongous regions: 138->138
[2024-12-04T09:56:30.502+0100][gc,metaspace] GC(8) Metaspace: 39782K(40192K)->39782K(40192K) NonClass: 35473K(35712K)->35473K(35712K) Class: 4309K(4480K)->4309K(4480K)
[2024-12-04T09:56:30.502+0100][gc          ] GC(8) Pause Young (Mixed) (G1 Evacuation Pause) 205M->158M(1024M) 3.246ms
[2024-12-04T09:56:30.502+0100][gc,cpu      ] GC(8) User=0.01s Sys=0.01s Real=0.00s
[2024-12-04T10:09:05.075+0100][gc,start    ] GC(9) Pause Young (Normal) (G1 Evacuation Pause)
[2024-12-04T10:09:05.075+0100][gc,task     ] GC(9) Using 8 workers of 8 for evacuation
[2024-12-04T10:09:05.079+0100][gc,phases   ] GC(9)   Pre Evacuate Collection Set: 0.24ms
[2024-12-04T10:09:05.079+0100][gc,phases   ] GC(9)   Merge Heap Roots: 0.05ms
[2024-12-04T10:09:05.079+0100][gc,phases   ] GC(9)   Evacuate Collection Set: 2.83ms
[2024-12-04T10:09:05.079+0100][gc,phases   ] GC(9)   Post Evacuate Collection Set: 0.30ms
[2024-12-04T10:09:05.079+0100][gc,phases   ] GC(9)   Other: 0.07ms
[2024-12-04T10:09:05.079+0100][gc,heap     ] GC(9) Eden regions: 47->0(47)
[2024-12-04T10:09:05.079+0100][gc,heap     ] GC(9) Survivor regions: 4->4(7)
[2024-12-04T10:09:05.079+0100][gc,heap     ] GC(9) Old regions: 18->18
[2024-12-04T10:09:05.079+0100][gc,heap     ] GC(9) Humongous regions: 138->138
[2024-12-04T10:09:05.079+0100][gc,metaspace] GC(9) Metaspace: 39892K(40256K)->39892K(40256K) NonClass: 35583K(35776K)->35583K(35776K) Class: 4309K(4480K)->4309K(4480K)
[2024-12-04T10:09:05.079+0100][gc          ] GC(9) Pause Young (Normal) (G1 Evacuation Pause) 205M->159M(1024M) 3.630ms
[2024-12-04T10:09:05.079+0100][gc,cpu      ] GC(9) User=0.01s Sys=0.00s Real=0.00s
[2024-12-04T10:22:07.160+0100][gc,start    ] GC(10) Pause Young (Normal) (G1 Evacuation Pause)
[2024-12-04T10:22:07.160+0100][gc,task     ] GC(10) Using 8 workers of 8 for evacuation
[2024-12-04T10:22:07.167+0100][gc,phases   ] GC(10)   Pre Evacuate Collection Set: 0.35ms
[2024-12-04T10:22:07.167+0100][gc,phases   ] GC(10)   Merge Heap Roots: 0.08ms
[2024-12-04T10:22:07.167+0100][gc,phases   ] GC(10)   Evacuate Collection Set: 5.67ms
[2024-12-04T10:22:07.167+0100][gc,phases   ] GC(10)   Post Evacuate Collection Set: 0.48ms
[2024-12-04T10:22:07.167+0100][gc,phases   ] GC(10)   Other: 0.09ms
[2024-12-04T10:22:07.167+0100][gc,heap     ] GC(10) Eden regions: 47->0(46)
[2024-12-04T10:22:07.167+0100][gc,heap     ] GC(10) Survivor regions: 4->5(7)
[2024-12-04T10:22:07.167+0100][gc,heap     ] GC(10) Old regions: 18->18
[2024-12-04T10:22:07.167+0100][gc,heap     ] GC(10) Humongous regions: 138->138
[2024-12-04T10:22:07.167+0100][gc,metaspace] GC(10) Metaspace: 39927K(40320K)->39927K(40320K) NonClass: 35618K(35840K)->35618K(35840K) Class: 4309K(4480K)->4309K(4480K)
[2024-12-04T10:22:07.167+0100][gc          ] GC(10) Pause Young (Normal) (G1 Evacuation Pause) 206M->160M(1024M) 6.990ms
[2024-12-04T10:22:07.167+0100][gc,cpu      ] GC(10) User=0.04s Sys=0.00s Real=0.00s
[2024-12-04T10:35:33.637+0100][gc,start    ] GC(11) Pause Young (Normal) (G1 Evacuation Pause)
[2024-12-04T10:35:33.637+0100][gc,task     ] GC(11) Using 8 workers of 8 for evacuation
[2024-12-04T10:35:33.642+0100][gc,phases   ] GC(11)   Pre Evacuate Collection Set: 0.21ms
[2024-12-04T10:35:33.642+0100][gc,phases   ] GC(11)   Merge Heap Roots: 0.17ms
[2024-12-04T10:35:33.642+0100][gc,phases   ] GC(11)   Evacuate Collection Set: 4.11ms
[2024-12-04T10:35:33.642+0100][gc,phases   ] GC(11)   Post Evacuate Collection Set: 0.39ms
[2024-12-04T10:35:33.642+0100][gc,phases   ] GC(11)   Other: 0.07ms
[2024-12-04T10:35:33.642+0100][gc,heap     ] GC(11) Eden regions: 46->0(63)
[2024-12-04T10:35:33.642+0100][gc,heap     ] GC(11) Survivor regions: 5->4(7)
[2024-12-04T10:35:33.642+0100][gc,heap     ] GC(11) Old regions: 18->19
[2024-12-04T10:35:33.642+0100][gc,heap     ] GC(11) Humongous regions: 138->138
[2024-12-04T10:35:33.642+0100][gc,metaspace] GC(11) Metaspace: 39975K(40384K)->39975K(40384K) NonClass: 35665K(35904K)->35665K(35904K) Class: 4310K(4480K)->4310K(4480K)
[2024-12-04T10:35:33.642+0100][gc          ] GC(11) Pause Young (Normal) (G1 Evacuation Pause) 206M->160M(1024M) 5.126ms
[2024-12-04T10:35:33.642+0100][gc,cpu      ] GC(11) User=0.03s Sys=0.00s Real=0.00s
[2024-12-04T10:55:15.661+0100][gc,start    ] GC(12) Pause Young (Normal) (G1 Evacuation Pause)
[2024-12-04T10:55:15.661+0100][gc,task     ] GC(12) Using 8 workers of 8 for evacuation
[2024-12-04T10:55:15.668+0100][gc,phases   ] GC(12)   Pre Evacuate Collection Set: 0.40ms
[2024-12-04T10:55:15.668+0100][gc,phases   ] GC(12)   Merge Heap Roots: 0.18ms
[2024-12-04T10:55:15.668+0100][gc,phases   ] GC(12)   Evacuate Collection Set: 5.82ms
[2024-12-04T10:55:15.668+0100][gc,phases   ] GC(12)   Post Evacuate Collection Set: 0.32ms
[2024-12-04T10:55:15.668+0100][gc,phases   ] GC(12)   Other: 0.11ms
[2024-12-04T10:55:15.668+0100][gc,heap     ] GC(12) Eden regions: 69->0(96)
[2024-12-04T10:55:15.668+0100][gc,heap     ] GC(12) Survivor regions: 4->5(10)
[2024-12-04T10:55:15.668+0100][gc,heap     ] GC(12) Old regions: 19->19
[2024-12-04T10:55:15.668+0100][gc,heap     ] GC(12) Humongous regions: 147->147
[2024-12-04T10:55:15.668+0100][gc,metaspace] GC(12) Metaspace: 40345K(40704K)->40345K(40704K) NonClass: 35965K(36160K)->35965K(36160K) Class: 4379K(4544K)->4379K(4544K)
[2024-12-04T10:55:15.668+0100][gc          ] GC(12) Pause Young (Normal) (G1 Evacuation Pause) 238M->170M(1024M) 6.990ms
[2024-12-04T10:55:15.668+0100][gc,cpu      ] GC(12) User=0.04s Sys=0.00s Real=0.01s
[2024-12-04T11:06:41.958+0100][gc,start    ] GC(13) Pause Young (Normal) (G1 Evacuation Pause)
[2024-12-04T11:06:41.958+0100][gc,task     ] GC(13) Using 8 workers of 8 for evacuation
[2024-12-04T11:06:41.965+0100][gc,phases   ] GC(13)   Pre Evacuate Collection Set: 0.23ms
[2024-12-04T11:06:41.965+0100][gc,phases   ] GC(13)   Merge Heap Roots: 0.11ms
[2024-12-04T11:06:41.965+0100][gc,phases   ] GC(13)   Evacuate Collection Set: 5.38ms
[2024-12-04T11:06:41.965+0100][gc,phases   ] GC(13)   Post Evacuate Collection Set: 0.57ms
[2024-12-04T11:06:41.965+0100][gc,phases   ] GC(13)   Other: 0.07ms
[2024-12-04T11:06:41.965+0100][gc,heap     ] GC(13) Eden regions: 88->0(70)
[2024-12-04T11:06:41.965+0100][gc,heap     ] GC(13) Survivor regions: 5->9(12)
[2024-12-04T11:06:41.965+0100][gc,heap     ] GC(13) Old regions: 19->19
[2024-12-04T11:06:41.965+0100][gc,heap     ] GC(13) Humongous regions: 147->147
[2024-12-04T11:06:41.965+0100][gc,metaspace] GC(13) Metaspace: 45048K(45696K)->45048K(45696K) NonClass: 39946K(40320K)->39946K(40320K) Class: 5102K(5376K)->5102K(5376K)
[2024-12-04T11:06:41.965+0100][gc          ] GC(13) Pause Young (Normal) (G1 Evacuation Pause) 258M->174M(1024M) 6.513ms
[2024-12-04T11:06:41.965+0100][gc,cpu      ] GC(13) User=0.03s Sys=0.00s Real=0.00s
[2024-12-04T11:11:01.808+0100][gc,heap,exit] Heap
[2024-12-04T11:11:01.808+0100][gc,heap,exit]  garbage-first heap   total reserved 1048576K, committed 1048576K, used 224765K [0x00000000c0000000, 0x0000000100000000)
[2024-12-04T11:11:01.808+0100][gc,heap,exit]   region size 1024K, 55 young (56320K), 9 survivors (9216K)
[2024-12-04T11:11:01.808+0100][gc,heap,exit]  Metaspace       used 46396K, committed 47104K, reserved 1114112K
[2024-12-04T11:11:01.808+0100][gc,heap,exit]   class space    used 5381K, committed 5696K, reserved 1048576K
