[2024-11-27T15:54:36.376+0100][gc,init] CardTable entry size: 512
[2024-11-27T15:54:36.376+0100][gc     ] Using G1
[2024-11-27T15:54:36.384+0100][gc,init] Version: 22+36-2370 (release)
[2024-11-27T15:54:36.384+0100][gc,init] CPUs: 8 total, 8 available
[2024-11-27T15:54:36.384+0100][gc,init] Memory: 15667M
[2024-11-27T15:54:36.384+0100][gc,init] Large Page Support: Disabled
[2024-11-27T15:54:36.384+0100][gc,init] NUMA Support: Disabled
[2024-11-27T15:54:36.384+0100][gc,init] Compressed Oops: Enabled (32-bit)
[2024-11-27T15:54:36.384+0100][gc,init] Heap Region Size: 1M
[2024-11-27T15:54:36.384+0100][gc,init] Heap Min Capacity: 1G
[2024-11-27T15:54:36.384+0100][gc,init] Heap Initial Capacity: 1G
[2024-11-27T15:54:36.384+0100][gc,init] Heap Max Capacity: 1G
[2024-11-27T15:54:36.384+0100][gc,init] Pre-touch: Disabled
[2024-11-27T15:54:36.384+0100][gc,init] Parallel Workers: 8
[2024-11-27T15:54:36.384+0100][gc,init] Concurrent Workers: 2
[2024-11-27T15:54:36.384+0100][gc,init] Concurrent Refinement Workers: 8
[2024-11-27T15:54:36.384+0100][gc,init] Periodic GC: Disabled
[2024-11-27T15:54:36.389+0100][gc,metaspace] CDS archive(s) mapped at: [0x00007e8bf6000000-0x00007e8bf6c79000-0x00007e8bf6c79000), size 13078528, SharedBaseAddress: 0x00007e8bf6000000, ArchiveRelocationMode: 1.
[2024-11-27T15:54:36.389+0100][gc,metaspace] Compressed class space mapped at: 0x00007e8bf7000000-0x00007e8c37000000, reserved size: 1073741824
[2024-11-27T15:54:36.389+0100][gc,metaspace] Narrow klass base: 0x00007e8bf6000000, Narrow klass shift: 0, Narrow klass range: 0x100000000
[2024-11-27T15:54:37.418+0100][gc,start    ] GC(0) Pause Young (Normal) (G1 Evacuation Pause)
[2024-11-27T15:54:37.419+0100][gc,task     ] GC(0) Using 8 workers of 8 for evacuation
[2024-11-27T15:54:37.424+0100][gc,phases   ] GC(0)   Pre Evacuate Collection Set: 0.20ms
[2024-11-27T15:54:37.424+0100][gc,phases   ] GC(0)   Merge Heap Roots: 0.06ms
[2024-11-27T15:54:37.424+0100][gc,phases   ] GC(0)   Evacuate Collection Set: 3.61ms
[2024-11-27T15:54:37.424+0100][gc,phases   ] GC(0)   Post Evacuate Collection Set: 0.47ms
[2024-11-27T15:54:37.424+0100][gc,phases   ] GC(0)   Other: 0.60ms
[2024-11-27T15:54:37.424+0100][gc,heap     ] GC(0) Eden regions: 51->0(44)
[2024-11-27T15:54:37.424+0100][gc,heap     ] GC(0) Survivor regions: 0->7(7)
[2024-11-27T15:54:37.424+0100][gc,heap     ] GC(0) Old regions: 2->4
[2024-11-27T15:54:37.424+0100][gc,heap     ] GC(0) Humongous regions: 0->0
[2024-11-27T15:54:37.424+0100][gc,metaspace] GC(0) Metaspace: 17015K(17216K)->17015K(17216K) NonClass: 15078K(15232K)->15078K(15232K) Class: 1936K(1984K)->1936K(1984K)
[2024-11-27T15:54:37.424+0100][gc          ] GC(0) Pause Young (Normal) (G1 Evacuation Pause) 52M->9M(1024M) 5.144ms
[2024-11-27T15:54:37.424+0100][gc,cpu      ] GC(0) User=0.03s Sys=0.00s Real=0.00s
[2024-11-27T15:54:37.546+0100][gc,start    ] GC(1) Pause Young (Concurrent Start) (Metadata GC Threshold)
[2024-11-27T15:54:37.546+0100][gc,task     ] GC(1) Using 8 workers of 8 for evacuation
[2024-11-27T15:54:37.549+0100][gc,phases   ] GC(1)   Pre Evacuate Collection Set: 0.28ms
[2024-11-27T15:54:37.549+0100][gc,phases   ] GC(1)   Merge Heap Roots: 0.06ms
[2024-11-27T15:54:37.549+0100][gc,phases   ] GC(1)   Evacuate Collection Set: 2.76ms
[2024-11-27T15:54:37.549+0100][gc,phases   ] GC(1)   Post Evacuate Collection Set: 0.32ms
[2024-11-27T15:54:37.549+0100][gc,phases   ] GC(1)   Other: 0.08ms
[2024-11-27T15:54:37.549+0100][gc,heap     ] GC(1) Eden regions: 15->0(49)
[2024-11-27T15:54:37.549+0100][gc,heap     ] GC(1) Survivor regions: 7->2(7)
[2024-11-27T15:54:37.549+0100][gc,heap     ] GC(1) Old regions: 4->11
[2024-11-27T15:54:37.549+0100][gc,heap     ] GC(1) Humongous regions: 0->0
[2024-11-27T15:54:37.549+0100][gc,metaspace] GC(1) Metaspace: 21302K(21504K)->21302K(21504K) NonClass: 19044K(19136K)->19044K(19136K) Class: 2258K(2368K)->2258K(2368K)
[2024-11-27T15:54:37.549+0100][gc          ] GC(1) Pause Young (Concurrent Start) (Metadata GC Threshold) 24M->10M(1024M) 3.654ms
[2024-11-27T15:54:37.550+0100][gc,cpu      ] GC(1) User=0.02s Sys=0.00s Real=0.00s
[2024-11-27T15:54:37.550+0100][gc          ] GC(2) Concurrent Mark Cycle
[2024-11-27T15:54:37.550+0100][gc,marking  ] GC(2) Concurrent Scan Root Regions
[2024-11-27T15:54:37.552+0100][gc,marking  ] GC(2) Concurrent Scan Root Regions 2.400ms
[2024-11-27T15:54:37.552+0100][gc,marking  ] GC(2) Concurrent Mark
[2024-11-27T15:54:37.552+0100][gc,marking  ] GC(2) Concurrent Mark From Roots
[2024-11-27T15:54:37.552+0100][gc,task     ] GC(2) Using 2 workers of 2 for marking
[2024-11-27T15:54:37.555+0100][gc,marking  ] GC(2) Concurrent Mark From Roots 2.924ms
[2024-11-27T15:54:37.555+0100][gc,marking  ] GC(2) Concurrent Preclean
[2024-11-27T15:54:37.555+0100][gc,marking  ] GC(2) Concurrent Preclean 0.007ms
[2024-11-27T15:54:37.555+0100][gc,start    ] GC(2) Pause Remark
[2024-11-27T15:54:37.557+0100][gc          ] GC(2) Pause Remark 11M->11M(1024M) 1.229ms
[2024-11-27T15:54:37.557+0100][gc,cpu      ] GC(2) User=0.00s Sys=0.00s Real=0.00s
[2024-11-27T15:54:37.557+0100][gc,marking  ] GC(2) Concurrent Mark 4.520ms
[2024-11-27T15:54:37.557+0100][gc,marking  ] GC(2) Concurrent Rebuild Remembered Sets and Scrub Regions
[2024-11-27T15:54:37.559+0100][gc,marking  ] GC(2) Concurrent Rebuild Remembered Sets and Scrub Regions 2.533ms
[2024-11-27T15:54:37.559+0100][gc,start    ] GC(2) Pause Cleanup
[2024-11-27T15:54:37.560+0100][gc          ] GC(2) Pause Cleanup 11M->11M(1024M) 0.147ms
[2024-11-27T15:54:37.560+0100][gc,cpu      ] GC(2) User=0.00s Sys=0.00s Real=0.00s
[2024-11-27T15:54:37.560+0100][gc,marking  ] GC(2) Concurrent Clear Claimed Marks
[2024-11-27T15:54:37.560+0100][gc,marking  ] GC(2) Concurrent Clear Claimed Marks 0.019ms
[2024-11-27T15:54:37.560+0100][gc,marking  ] GC(2) Concurrent Cleanup for Next Mark
[2024-11-27T15:54:37.564+0100][gc,marking  ] GC(2) Concurrent Cleanup for Next Mark 4.383ms
[2024-11-27T15:54:37.564+0100][gc          ] GC(2) Concurrent Mark Cycle 14.523ms
[2024-11-27T15:54:38.257+0100][gc,start    ] GC(3) Pause Young (Prepare Mixed) (G1 Evacuation Pause)
[2024-11-27T15:54:38.257+0100][gc,task     ] GC(3) Using 8 workers of 8 for evacuation
[2024-11-27T15:54:38.260+0100][gc,phases   ] GC(3)   Pre Evacuate Collection Set: 0.25ms
[2024-11-27T15:54:38.260+0100][gc,phases   ] GC(3)   Merge Heap Roots: 0.19ms
[2024-11-27T15:54:38.260+0100][gc,phases   ] GC(3)   Evacuate Collection Set: 2.16ms
[2024-11-27T15:54:38.260+0100][gc,phases   ] GC(3)   Post Evacuate Collection Set: 0.37ms
[2024-11-27T15:54:38.260+0100][gc,phases   ] GC(3)   Other: 0.05ms
[2024-11-27T15:54:38.260+0100][gc,heap     ] GC(3) Eden regions: 49->0(47)
[2024-11-27T15:54:38.260+0100][gc,heap     ] GC(3) Survivor regions: 2->4(7)
[2024-11-27T15:54:38.260+0100][gc,heap     ] GC(3) Old regions: 11->11
[2024-11-27T15:54:38.260+0100][gc,heap     ] GC(3) Humongous regions: 10->10
[2024-11-27T15:54:38.260+0100][gc,metaspace] GC(3) Metaspace: 30622K(30976K)->30622K(30976K) NonClass: 27176K(27392K)->27176K(27392K) Class: 3445K(3584K)->3445K(3584K)
[2024-11-27T15:54:38.260+0100][gc          ] GC(3) Pause Young (Prepare Mixed) (G1 Evacuation Pause) 69M->23M(1024M) 3.168ms
[2024-11-27T15:54:38.260+0100][gc,cpu      ] GC(3) User=0.01s Sys=0.01s Real=0.00s
[2024-11-27T15:54:38.622+0100][gc,start    ] GC(4) Pause Young (Mixed) (Metadata GC Threshold)
[2024-11-27T15:54:38.622+0100][gc,task     ] GC(4) Using 8 workers of 8 for evacuation
[2024-11-27T15:54:38.627+0100][gc,phases   ] GC(4)   Pre Evacuate Collection Set: 0.28ms
[2024-11-27T15:54:38.627+0100][gc,phases   ] GC(4)   Merge Heap Roots: 0.04ms
[2024-11-27T15:54:38.627+0100][gc,phases   ] GC(4)   Evacuate Collection Set: 3.78ms
[2024-11-27T15:54:38.627+0100][gc,phases   ] GC(4)   Post Evacuate Collection Set: 0.69ms
[2024-11-27T15:54:38.627+0100][gc,phases   ] GC(4)   Other: 0.07ms
[2024-11-27T15:54:38.627+0100][gc,heap     ] GC(4) Eden regions: 44->0(44)
[2024-11-27T15:54:38.627+0100][gc,heap     ] GC(4) Survivor regions: 4->7(7)
[2024-11-27T15:54:38.627+0100][gc,heap     ] GC(4) Old regions: 11->10
[2024-11-27T15:54:38.627+0100][gc,heap     ] GC(4) Humongous regions: 12->10
[2024-11-27T15:54:38.627+0100][gc,metaspace] GC(4) Metaspace: 35802K(36160K)->35802K(36160K) NonClass: 31809K(32000K)->31809K(32000K) Class: 3993K(4160K)->3993K(4160K)
[2024-11-27T15:54:38.627+0100][gc          ] GC(4) Pause Young (Mixed) (Metadata GC Threshold) 68M->26M(1024M) 5.057ms
[2024-11-27T15:54:38.627+0100][gc,cpu      ] GC(4) User=0.03s Sys=0.00s Real=0.01s
[2024-11-27T15:54:38.642+0100][gc,start    ] GC(5) Pause Young (Concurrent Start) (Metadata GC Threshold)
[2024-11-27T15:54:38.642+0100][gc,task     ] GC(5) Using 8 workers of 8 for evacuation
[2024-11-27T15:54:38.646+0100][gc,phases   ] GC(5)   Pre Evacuate Collection Set: 0.22ms
[2024-11-27T15:54:38.646+0100][gc,phases   ] GC(5)   Merge Heap Roots: 0.03ms
[2024-11-27T15:54:38.646+0100][gc,phases   ] GC(5)   Evacuate Collection Set: 3.78ms
[2024-11-27T15:54:38.646+0100][gc,phases   ] GC(5)   Post Evacuate Collection Set: 0.23ms
[2024-11-27T15:54:38.646+0100][gc,phases   ] GC(5)   Other: 0.14ms
[2024-11-27T15:54:38.646+0100][gc,heap     ] GC(5) Eden regions: 2->0(49)
[2024-11-27T15:54:38.646+0100][gc,heap     ] GC(5) Survivor regions: 7->2(7)
[2024-11-27T15:54:38.646+0100][gc,heap     ] GC(5) Old regions: 10->18
[2024-11-27T15:54:38.646+0100][gc,heap     ] GC(5) Humongous regions: 10->10
[2024-11-27T15:54:38.646+0100][gc,metaspace] GC(5) Metaspace: 36136K(36480K)->36136K(36480K) NonClass: 32129K(32320K)->32129K(32320K) Class: 4007K(4160K)->4007K(4160K)
[2024-11-27T15:54:38.646+0100][gc          ] GC(5) Pause Young (Concurrent Start) (Metadata GC Threshold) 28M->28M(1024M) 4.534ms
[2024-11-27T15:54:38.646+0100][gc          ] GC(6) Concurrent Mark Cycle
[2024-11-27T15:54:38.646+0100][gc,cpu      ] GC(5) User=0.03s Sys=0.01s Real=0.01s
[2024-11-27T15:54:38.646+0100][gc,marking  ] GC(6) Concurrent Scan Root Regions
[2024-11-27T15:54:38.649+0100][gc,marking  ] GC(6) Concurrent Scan Root Regions 2.699ms
[2024-11-27T15:54:38.649+0100][gc,marking  ] GC(6) Concurrent Mark
[2024-11-27T15:54:38.649+0100][gc,marking  ] GC(6) Concurrent Mark From Roots
[2024-11-27T15:54:38.649+0100][gc,task     ] GC(6) Using 2 workers of 2 for marking
[2024-11-27T15:54:38.655+0100][gc,marking  ] GC(6) Concurrent Mark From Roots 6.087ms
[2024-11-27T15:54:38.655+0100][gc,marking  ] GC(6) Concurrent Preclean
[2024-11-27T15:54:38.655+0100][gc,marking  ] GC(6) Concurrent Preclean 0.072ms
[2024-11-27T15:54:38.656+0100][gc,start    ] GC(6) Pause Remark
[2024-11-27T15:54:38.658+0100][gc          ] GC(6) Pause Remark 28M->28M(1024M) 1.958ms
[2024-11-27T15:54:38.658+0100][gc,cpu      ] GC(6) User=0.01s Sys=0.00s Real=0.00s
[2024-11-27T15:54:38.658+0100][gc,marking  ] GC(6) Concurrent Mark 8.371ms
[2024-11-27T15:54:38.658+0100][gc,marking  ] GC(6) Concurrent Rebuild Remembered Sets and Scrub Regions
[2024-11-27T15:54:38.663+0100][gc,marking  ] GC(6) Concurrent Rebuild Remembered Sets and Scrub Regions 5.816ms
[2024-11-27T15:54:38.664+0100][gc,start    ] GC(6) Pause Cleanup
[2024-11-27T15:54:38.664+0100][gc          ] GC(6) Pause Cleanup 29M->29M(1024M) 0.207ms
[2024-11-27T15:54:38.664+0100][gc,cpu      ] GC(6) User=0.00s Sys=0.00s Real=0.00s
[2024-11-27T15:54:38.664+0100][gc,marking  ] GC(6) Concurrent Clear Claimed Marks
[2024-11-27T15:54:38.664+0100][gc,marking  ] GC(6) Concurrent Clear Claimed Marks 0.042ms
[2024-11-27T15:54:38.664+0100][gc,marking  ] GC(6) Concurrent Cleanup for Next Mark
[2024-11-27T15:54:38.665+0100][gc,marking  ] GC(6) Concurrent Cleanup for Next Mark 1.531ms
[2024-11-27T15:54:38.666+0100][gc          ] GC(6) Concurrent Mark Cycle 19.033ms
[2024-11-27T15:54:45.167+0100][gc,start    ] GC(7) Pause Young (Prepare Mixed) (G1 Evacuation Pause)
[2024-11-27T15:54:45.167+0100][gc,task     ] GC(7) Using 8 workers of 8 for evacuation
[2024-11-27T15:54:45.170+0100][gc,phases   ] GC(7)   Pre Evacuate Collection Set: 0.21ms
[2024-11-27T15:54:45.170+0100][gc,phases   ] GC(7)   Merge Heap Roots: 0.06ms
[2024-11-27T15:54:45.170+0100][gc,phases   ] GC(7)   Evacuate Collection Set: 2.56ms
[2024-11-27T15:54:45.170+0100][gc,phases   ] GC(7)   Post Evacuate Collection Set: 0.38ms
[2024-11-27T15:54:45.170+0100][gc,phases   ] GC(7)   Other: 0.08ms
[2024-11-27T15:54:45.170+0100][gc,heap     ] GC(7) Eden regions: 49->0(47)
[2024-11-27T15:54:45.170+0100][gc,heap     ] GC(7) Survivor regions: 2->4(7)
[2024-11-27T15:54:45.170+0100][gc,heap     ] GC(7) Old regions: 18->18
[2024-11-27T15:54:45.170+0100][gc,heap     ] GC(7) Humongous regions: 151->139
[2024-11-27T15:54:45.170+0100][gc,metaspace] GC(7) Metaspace: 42339K(42944K)->42339K(42944K) NonClass: 37468K(37824K)->37468K(37824K) Class: 4871K(5120K)->4871K(5120K)
[2024-11-27T15:54:45.170+0100][gc          ] GC(7) Pause Young (Prepare Mixed) (G1 Evacuation Pause) 218M->159M(1024M) 3.446ms
[2024-11-27T15:54:45.170+0100][gc,cpu      ] GC(7) User=0.02s Sys=0.00s Real=0.00s
[2024-11-27T15:58:56.973+0100][gc,start    ] GC(8) Pause Young (Mixed) (G1 Evacuation Pause)
[2024-11-27T15:58:56.973+0100][gc,task     ] GC(8) Using 8 workers of 8 for evacuation
[2024-11-27T15:58:56.977+0100][gc,phases   ] GC(8)   Pre Evacuate Collection Set: 0.19ms
[2024-11-27T15:58:56.977+0100][gc,phases   ] GC(8)   Merge Heap Roots: 0.08ms
[2024-11-27T15:58:56.977+0100][gc,phases   ] GC(8)   Evacuate Collection Set: 3.20ms
[2024-11-27T15:58:56.977+0100][gc,phases   ] GC(8)   Post Evacuate Collection Set: 0.39ms
[2024-11-27T15:58:56.977+0100][gc,phases   ] GC(8)   Other: 0.07ms
[2024-11-27T15:58:56.977+0100][gc,heap     ] GC(8) Eden regions: 47->0(45)
[2024-11-27T15:58:56.977+0100][gc,heap     ] GC(8) Survivor regions: 4->6(7)
[2024-11-27T15:58:56.977+0100][gc,heap     ] GC(8) Old regions: 18->17
[2024-11-27T15:58:56.977+0100][gc,heap     ] GC(8) Humongous regions: 139->139
[2024-11-27T15:58:56.977+0100][gc,metaspace] GC(8) Metaspace: 45376K(46080K)->45376K(46080K) NonClass: 40193K(40576K)->40193K(40576K) Class: 5183K(5504K)->5183K(5504K)
[2024-11-27T15:58:56.977+0100][gc          ] GC(8) Pause Young (Mixed) (G1 Evacuation Pause) 206M->161M(1024M) 4.148ms
[2024-11-27T15:58:56.977+0100][gc,cpu      ] GC(8) User=0.03s Sys=0.00s Real=0.01s
[2024-11-27T16:03:36.087+0100][gc,start    ] GC(9) Pause Young (Normal) (G1 Evacuation Pause)
[2024-11-27T16:03:36.087+0100][gc,task     ] GC(9) Using 8 workers of 8 for evacuation
[2024-11-27T16:03:36.092+0100][gc,phases   ] GC(9)   Pre Evacuate Collection Set: 0.42ms
[2024-11-27T16:03:36.092+0100][gc,phases   ] GC(9)   Merge Heap Roots: 0.09ms
[2024-11-27T16:03:36.092+0100][gc,phases   ] GC(9)   Evacuate Collection Set: 4.89ms
[2024-11-27T16:03:36.092+0100][gc,phases   ] GC(9)   Post Evacuate Collection Set: 0.38ms
[2024-11-27T16:03:36.092+0100][gc,phases   ] GC(9)   Other: 0.07ms
[2024-11-27T16:03:36.093+0100][gc,heap     ] GC(9) Eden regions: 45->0(47)
[2024-11-27T16:03:36.093+0100][gc,heap     ] GC(9) Survivor regions: 6->4(7)
[2024-11-27T16:03:36.093+0100][gc,heap     ] GC(9) Old regions: 17->20
[2024-11-27T16:03:36.093+0100][gc,heap     ] GC(9) Humongous regions: 139->139
[2024-11-27T16:03:36.093+0100][gc,metaspace] GC(9) Metaspace: 45525K(46208K)->45525K(46208K) NonClass: 40340K(40704K)->40340K(40704K) Class: 5184K(5504K)->5184K(5504K)
[2024-11-27T16:03:36.093+0100][gc          ] GC(9) Pause Young (Normal) (G1 Evacuation Pause) 206M->162M(1024M) 6.035ms
[2024-11-27T16:03:36.093+0100][gc,cpu      ] GC(9) User=0.02s Sys=0.01s Real=0.00s
[2024-11-27T16:12:13.122+0100][gc,start    ] GC(10) Pause Young (Normal) (G1 Evacuation Pause)
[2024-11-27T16:12:13.123+0100][gc,task     ] GC(10) Using 8 workers of 8 for evacuation
[2024-11-27T16:12:13.126+0100][gc,phases   ] GC(10)   Pre Evacuate Collection Set: 0.20ms
[2024-11-27T16:12:13.126+0100][gc,phases   ] GC(10)   Merge Heap Roots: 0.05ms
[2024-11-27T16:12:13.126+0100][gc,phases   ] GC(10)   Evacuate Collection Set: 2.57ms
[2024-11-27T16:12:13.126+0100][gc,phases   ] GC(10)   Post Evacuate Collection Set: 0.33ms
[2024-11-27T16:12:13.126+0100][gc,phases   ] GC(10)   Other: 0.06ms
[2024-11-27T16:12:13.126+0100][gc,heap     ] GC(10) Eden regions: 47->0(46)
[2024-11-27T16:12:13.126+0100][gc,heap     ] GC(10) Survivor regions: 4->5(7)
[2024-11-27T16:12:13.126+0100][gc,heap     ] GC(10) Old regions: 20->20
[2024-11-27T16:12:13.126+0100][gc,heap     ] GC(10) Humongous regions: 139->139
[2024-11-27T16:12:13.126+0100][gc,metaspace] GC(10) Metaspace: 45822K(46464K)->45822K(46464K) NonClass: 40613K(40960K)->40613K(40960K) Class: 5209K(5504K)->5209K(5504K)
[2024-11-27T16:12:13.126+0100][gc          ] GC(10) Pause Young (Normal) (G1 Evacuation Pause) 209M->163M(1024M) 3.368ms
[2024-11-27T16:12:13.126+0100][gc,cpu      ] GC(10) User=0.02s Sys=0.00s Real=0.01s
[2024-11-27T16:18:59.154+0100][gc,start    ] GC(11) Pause Young (Normal) (G1 Evacuation Pause)
[2024-11-27T16:18:59.154+0100][gc,task     ] GC(11) Using 8 workers of 8 for evacuation
[2024-11-27T16:18:59.158+0100][gc,phases   ] GC(11)   Pre Evacuate Collection Set: 0.39ms
[2024-11-27T16:18:59.158+0100][gc,phases   ] GC(11)   Merge Heap Roots: 0.05ms
[2024-11-27T16:18:59.158+0100][gc,phases   ] GC(11)   Evacuate Collection Set: 3.16ms
[2024-11-27T16:18:59.158+0100][gc,phases   ] GC(11)   Post Evacuate Collection Set: 0.31ms
[2024-11-27T16:18:59.158+0100][gc,phases   ] GC(11)   Other: 0.06ms
[2024-11-27T16:18:59.158+0100][gc,heap     ] GC(11) Eden regions: 46->0(48)
[2024-11-27T16:18:59.158+0100][gc,heap     ] GC(11) Survivor regions: 5->5(7)
[2024-11-27T16:18:59.158+0100][gc,heap     ] GC(11) Old regions: 20->21
[2024-11-27T16:18:59.158+0100][gc,heap     ] GC(11) Humongous regions: 139->139
[2024-11-27T16:18:59.158+0100][gc,metaspace] GC(11) Metaspace: 45930K(46528K)->45930K(46528K) NonClass: 40720K(41024K)->40720K(41024K) Class: 5209K(5504K)->5209K(5504K)
[2024-11-27T16:18:59.158+0100][gc          ] GC(11) Pause Young (Normal) (G1 Evacuation Pause) 209M->164M(1024M) 4.102ms
[2024-11-27T16:18:59.158+0100][gc,cpu      ] GC(11) User=0.03s Sys=0.00s Real=0.00s
[2024-11-27T16:28:46.876+0100][gc,start    ] GC(12) Pause Young (Normal) (G1 Evacuation Pause)
[2024-11-27T16:28:46.876+0100][gc,task     ] GC(12) Using 8 workers of 8 for evacuation
[2024-11-27T16:28:46.880+0100][gc,phases   ] GC(12)   Pre Evacuate Collection Set: 0.20ms
[2024-11-27T16:28:46.880+0100][gc,phases   ] GC(12)   Merge Heap Roots: 0.05ms
[2024-11-27T16:28:46.880+0100][gc,phases   ] GC(12)   Evacuate Collection Set: 2.76ms
[2024-11-27T16:28:46.880+0100][gc,phases   ] GC(12)   Post Evacuate Collection Set: 0.30ms
[2024-11-27T16:28:46.880+0100][gc,phases   ] GC(12)   Other: 0.06ms
[2024-11-27T16:28:46.880+0100][gc,heap     ] GC(12) Eden regions: 47->0(70)
[2024-11-27T16:28:46.880+0100][gc,heap     ] GC(12) Survivor regions: 5->5(7)
[2024-11-27T16:28:46.880+0100][gc,heap     ] GC(12) Old regions: 21->23
[2024-11-27T16:28:46.880+0100][gc,heap     ] GC(12) Humongous regions: 139->139
[2024-11-27T16:28:46.880+0100][gc,metaspace] GC(12) Metaspace: 45950K(46592K)->45950K(46592K) NonClass: 40740K(41088K)->40740K(41088K) Class: 5209K(5504K)->5209K(5504K)
[2024-11-27T16:28:46.880+0100][gc          ] GC(12) Pause Young (Normal) (G1 Evacuation Pause) 211M->165M(1024M) 3.526ms
[2024-11-27T16:28:46.880+0100][gc,cpu      ] GC(12) User=0.02s Sys=0.00s Real=0.00s
[2024-11-27T16:40:28.817+0100][gc,start    ] GC(13) Pause Young (Normal) (G1 Evacuation Pause)
[2024-11-27T16:40:28.817+0100][gc,task     ] GC(13) Using 8 workers of 8 for evacuation
[2024-11-27T16:40:28.824+0100][gc,phases   ] GC(13)   Pre Evacuate Collection Set: 0.38ms
[2024-11-27T16:40:28.824+0100][gc,phases   ] GC(13)   Merge Heap Roots: 0.16ms
[2024-11-27T16:40:28.824+0100][gc,phases   ] GC(13)   Evacuate Collection Set: 5.87ms
[2024-11-27T16:40:28.824+0100][gc,phases   ] GC(13)   Post Evacuate Collection Set: 0.47ms
[2024-11-27T16:40:28.824+0100][gc,phases   ] GC(13)   Other: 0.09ms
[2024-11-27T16:40:28.824+0100][gc,heap     ] GC(13) Eden regions: 52->0(112)
[2024-11-27T16:40:28.824+0100][gc,heap     ] GC(13) Survivor regions: 5->5(8)
[2024-11-27T16:40:28.824+0100][gc,heap     ] GC(13) Old regions: 23->24
[2024-11-27T16:40:28.824+0100][gc,heap     ] GC(13) Humongous regions: 139->139
[2024-11-27T16:40:28.824+0100][gc,metaspace] GC(13) Metaspace: 45991K(46656K)->45991K(46656K) NonClass: 40781K(41152K)->40781K(41152K) Class: 5210K(5504K)->5210K(5504K)
[2024-11-27T16:40:28.824+0100][gc          ] GC(13) Pause Young (Normal) (G1 Evacuation Pause) 217M->166M(1024M) 7.215ms
[2024-11-27T16:40:28.824+0100][gc,cpu      ] GC(13) User=0.05s Sys=0.00s Real=0.00s
[2024-11-27T18:42:19.646+0100][gc,start    ] GC(14) Pause Young (Normal) (G1 Evacuation Pause)
[2024-11-27T18:42:19.646+0100][gc,task     ] GC(14) Using 8 workers of 8 for evacuation
[2024-11-27T18:42:19.651+0100][gc,phases   ] GC(14)   Pre Evacuate Collection Set: 0.51ms
[2024-11-27T18:42:19.651+0100][gc,phases   ] GC(14)   Merge Heap Roots: 0.10ms
[2024-11-27T18:42:19.651+0100][gc,phases   ] GC(14)   Evacuate Collection Set: 4.00ms
[2024-11-27T18:42:19.651+0100][gc,phases   ] GC(14)   Post Evacuate Collection Set: 0.27ms
[2024-11-27T18:42:19.651+0100][gc,phases   ] GC(14)   Other: 0.12ms
[2024-11-27T18:42:19.651+0100][gc,heap     ] GC(14) Eden regions: 69->0(90)
[2024-11-27T18:42:19.651+0100][gc,heap     ] GC(14) Survivor regions: 5->7(10)
[2024-11-27T18:42:19.651+0100][gc,heap     ] GC(14) Old regions: 24->24
[2024-11-27T18:42:19.651+0100][gc,heap     ] GC(14) Humongous regions: 139->139
[2024-11-27T18:42:19.651+0100][gc,metaspace] GC(14) Metaspace: 46076K(46720K)->46076K(46720K) NonClass: 40865K(41216K)->40865K(41216K) Class: 5210K(5504K)->5210K(5504K)
[2024-11-27T18:42:19.651+0100][gc          ] GC(14) Pause Young (Normal) (G1 Evacuation Pause) 235M->168M(1024M) 5.263ms
[2024-11-27T18:42:19.651+0100][gc,cpu      ] GC(14) User=0.02s Sys=0.00s Real=0.01s
[2024-11-28T09:06:17.229+0100][gc,start    ] GC(15) Pause Young (Normal) (G1 Evacuation Pause)
[2024-11-28T09:06:17.230+0100][gc,task     ] GC(15) Using 8 workers of 8 for evacuation
[2024-11-28T09:06:17.236+0100][gc,phases   ] GC(15)   Pre Evacuate Collection Set: 0.18ms
[2024-11-28T09:06:17.236+0100][gc,phases   ] GC(15)   Merge Heap Roots: 0.06ms
[2024-11-28T09:06:17.236+0100][gc,phases   ] GC(15)   Evacuate Collection Set: 5.64ms
[2024-11-28T09:06:17.236+0100][gc,phases   ] GC(15)   Post Evacuate Collection Set: 0.40ms
[2024-11-28T09:06:17.236+0100][gc,phases   ] GC(15)   Other: 0.12ms
[2024-11-28T09:06:17.236+0100][gc,heap     ] GC(15) Eden regions: 102->0(94)
[2024-11-28T09:06:17.236+0100][gc,heap     ] GC(15) Survivor regions: 7->12(14)
[2024-11-28T09:06:17.236+0100][gc,heap     ] GC(15) Old regions: 24->24
[2024-11-28T09:06:17.236+0100][gc,heap     ] GC(15) Humongous regions: 148->148
[2024-11-28T09:06:17.236+0100][gc,metaspace] GC(15) Metaspace: 46423K(47104K)->46423K(47104K) NonClass: 41163K(41536K)->41163K(41536K) Class: 5260K(5568K)->5260K(5568K)
[2024-11-28T09:06:17.236+0100][gc          ] GC(15) Pause Young (Normal) (G1 Evacuation Pause) 279M->183M(1024M) 6.597ms
[2024-11-28T09:06:17.236+0100][gc,cpu      ] GC(15) User=0.05s Sys=0.00s Real=0.01s
[2024-11-28T09:14:15.544+0100][gc,heap,exit] Heap
[2024-11-28T09:14:15.544+0100][gc,heap,exit]  garbage-first heap   total reserved 1048576K, committed 1048576K, used 235420K [0x00000000c0000000, 0x0000000100000000)
[2024-11-28T09:14:15.544+0100][gc,heap,exit]   region size 1024K, 59 young (60416K), 12 survivors (12288K)
[2024-11-28T09:14:15.544+0100][gc,heap,exit]  Metaspace       used 47185K, committed 47872K, reserved 1114112K
[2024-11-28T09:14:15.544+0100][gc,heap,exit]   class space    used 5446K, committed 5760K, reserved 1048576K
