[2024-12-16T11:29:44.325+0100][gc,init] CardTable entry size: 512
[2024-12-16T11:29:44.325+0100][gc     ] Using G1
[2024-12-16T11:29:44.339+0100][gc,init] Version: 22+36-2370 (release)
[2024-12-16T11:29:44.339+0100][gc,init] CPUs: 8 total, 8 available
[2024-12-16T11:29:44.339+0100][gc,init] Memory: 15667M
[2024-12-16T11:29:44.339+0100][gc,init] Large Page Support: Disabled
[2024-12-16T11:29:44.339+0100][gc,init] NUMA Support: Disabled
[2024-12-16T11:29:44.339+0100][gc,init] Compressed Oops: Enabled (32-bit)
[2024-12-16T11:29:44.339+0100][gc,init] Heap Region Size: 1M
[2024-12-16T11:29:44.339+0100][gc,init] Heap Min Capacity: 1G
[2024-12-16T11:29:44.339+0100][gc,init] Heap Initial Capacity: 1G
[2024-12-16T11:29:44.339+0100][gc,init] Heap Max Capacity: 1G
[2024-12-16T11:29:44.339+0100][gc,init] Pre-touch: Disabled
[2024-12-16T11:29:44.339+0100][gc,init] Parallel Workers: 8
[2024-12-16T11:29:44.339+0100][gc,init] Concurrent Workers: 2
[2024-12-16T11:29:44.339+0100][gc,init] Concurrent Refinement Workers: 8
[2024-12-16T11:29:44.339+0100][gc,init] Periodic GC: Disabled
[2024-12-16T11:29:44.344+0100][gc,metaspace] CDS archive(s) mapped at: [0x00007087c2000000-0x00007087c2c79000-0x00007087c2c79000), size 13078528, SharedBaseAddress: 0x00007087c2000000, ArchiveRelocationMode: 1.
[2024-12-16T11:29:44.344+0100][gc,metaspace] Compressed class space mapped at: 0x00007087c3000000-0x0000708803000000, reserved size: 1073741824
[2024-12-16T11:29:44.344+0100][gc,metaspace] Narrow klass base: 0x00007087c2000000, Narrow klass shift: 0, Narrow klass range: 0x100000000
[2024-12-16T11:29:45.192+0100][gc,start    ] GC(0) Pause Young (Normal) (G1 Evacuation Pause)
[2024-12-16T11:29:45.193+0100][gc,task     ] GC(0) Using 8 workers of 8 for evacuation
[2024-12-16T11:29:45.197+0100][gc,phases   ] GC(0)   Pre Evacuate Collection Set: 0.15ms
[2024-12-16T11:29:45.197+0100][gc,phases   ] GC(0)   Merge Heap Roots: 0.06ms
[2024-12-16T11:29:45.197+0100][gc,phases   ] GC(0)   Evacuate Collection Set: 3.11ms
[2024-12-16T11:29:45.197+0100][gc,phases   ] GC(0)   Post Evacuate Collection Set: 0.42ms
[2024-12-16T11:29:45.197+0100][gc,phases   ] GC(0)   Other: 0.64ms
[2024-12-16T11:29:45.197+0100][gc,heap     ] GC(0) Eden regions: 51->0(44)
[2024-12-16T11:29:45.197+0100][gc,heap     ] GC(0) Survivor regions: 0->7(7)
[2024-12-16T11:29:45.197+0100][gc,heap     ] GC(0) Old regions: 2->4
[2024-12-16T11:29:45.197+0100][gc,heap     ] GC(0) Humongous regions: 0->0
[2024-12-16T11:29:45.197+0100][gc,metaspace] GC(0) Metaspace: 16995K(17152K)->16995K(17152K) NonClass: 15058K(15168K)->15058K(15168K) Class: 1936K(1984K)->1936K(1984K)
[2024-12-16T11:29:45.197+0100][gc          ] GC(0) Pause Young (Normal) (G1 Evacuation Pause) 52M->9M(1024M) 4.591ms
[2024-12-16T11:29:45.197+0100][gc,cpu      ] GC(0) User=0.02s Sys=0.00s Real=0.00s
[2024-12-16T11:29:45.320+0100][gc,start    ] GC(1) Pause Young (Concurrent Start) (Metadata GC Threshold)
[2024-12-16T11:29:45.320+0100][gc,task     ] GC(1) Using 8 workers of 8 for evacuation
[2024-12-16T11:29:45.323+0100][gc,phases   ] GC(1)   Pre Evacuate Collection Set: 0.21ms
[2024-12-16T11:29:45.323+0100][gc,phases   ] GC(1)   Merge Heap Roots: 0.03ms
[2024-12-16T11:29:45.323+0100][gc,phases   ] GC(1)   Evacuate Collection Set: 2.51ms
[2024-12-16T11:29:45.323+0100][gc,phases   ] GC(1)   Post Evacuate Collection Set: 0.26ms
[2024-12-16T11:29:45.323+0100][gc,phases   ] GC(1)   Other: 0.22ms
[2024-12-16T11:29:45.323+0100][gc,heap     ] GC(1) Eden regions: 15->0(49)
[2024-12-16T11:29:45.323+0100][gc,heap     ] GC(1) Survivor regions: 7->2(7)
[2024-12-16T11:29:45.323+0100][gc,heap     ] GC(1) Old regions: 4->11
[2024-12-16T11:29:45.323+0100][gc,heap     ] GC(1) Humongous regions: 0->0
[2024-12-16T11:29:45.323+0100][gc,metaspace] GC(1) Metaspace: 21285K(21504K)->21285K(21504K) NonClass: 19027K(19136K)->19027K(19136K) Class: 2258K(2368K)->2258K(2368K)
[2024-12-16T11:29:45.323+0100][gc          ] GC(1) Pause Young (Concurrent Start) (Metadata GC Threshold) 24M->10M(1024M) 3.465ms
[2024-12-16T11:29:45.323+0100][gc,cpu      ] GC(1) User=0.02s Sys=0.01s Real=0.00s
[2024-12-16T11:29:45.323+0100][gc          ] GC(2) Concurrent Mark Cycle
[2024-12-16T11:29:45.323+0100][gc,marking  ] GC(2) Concurrent Scan Root Regions
[2024-12-16T11:29:45.325+0100][gc,marking  ] GC(2) Concurrent Scan Root Regions 1.962ms
[2024-12-16T11:29:45.325+0100][gc,marking  ] GC(2) Concurrent Mark
[2024-12-16T11:29:45.325+0100][gc,marking  ] GC(2) Concurrent Mark From Roots
[2024-12-16T11:29:45.325+0100][gc,task     ] GC(2) Using 2 workers of 2 for marking
[2024-12-16T11:29:45.327+0100][gc,marking  ] GC(2) Concurrent Mark From Roots 2.213ms
[2024-12-16T11:29:45.327+0100][gc,marking  ] GC(2) Concurrent Preclean
[2024-12-16T11:29:45.327+0100][gc,marking  ] GC(2) Concurrent Preclean 0.010ms
[2024-12-16T11:29:45.328+0100][gc,start    ] GC(2) Pause Remark
[2024-12-16T11:29:45.329+0100][gc          ] GC(2) Pause Remark 11M->11M(1024M) 1.196ms
[2024-12-16T11:29:45.329+0100][gc,cpu      ] GC(2) User=0.01s Sys=0.00s Real=0.00s
[2024-12-16T11:29:45.329+0100][gc,marking  ] GC(2) Concurrent Mark 3.630ms
[2024-12-16T11:29:45.329+0100][gc,marking  ] GC(2) Concurrent Rebuild Remembered Sets and Scrub Regions
[2024-12-16T11:29:45.331+0100][gc,marking  ] GC(2) Concurrent Rebuild Remembered Sets and Scrub Regions 1.942ms
[2024-12-16T11:29:45.331+0100][gc,start    ] GC(2) Pause Cleanup
[2024-12-16T11:29:45.331+0100][gc          ] GC(2) Pause Cleanup 11M->11M(1024M) 0.214ms
[2024-12-16T11:29:45.331+0100][gc,cpu      ] GC(2) User=0.00s Sys=0.00s Real=0.00s
[2024-12-16T11:29:45.331+0100][gc,marking  ] GC(2) Concurrent Clear Claimed Marks
[2024-12-16T11:29:45.331+0100][gc,marking  ] GC(2) Concurrent Clear Claimed Marks 0.021ms
[2024-12-16T11:29:45.331+0100][gc,marking  ] GC(2) Concurrent Cleanup for Next Mark
[2024-12-16T11:29:45.335+0100][gc,marking  ] GC(2) Concurrent Cleanup for Next Mark 3.611ms
[2024-12-16T11:29:45.335+0100][gc          ] GC(2) Concurrent Mark Cycle 11.759ms
[2024-12-16T11:29:45.920+0100][gc,start    ] GC(3) Pause Young (Prepare Mixed) (G1 Evacuation Pause)
[2024-12-16T11:29:45.920+0100][gc,task     ] GC(3) Using 8 workers of 8 for evacuation
[2024-12-16T11:29:45.923+0100][gc,phases   ] GC(3)   Pre Evacuate Collection Set: 0.16ms
[2024-12-16T11:29:45.923+0100][gc,phases   ] GC(3)   Merge Heap Roots: 0.04ms
[2024-12-16T11:29:45.923+0100][gc,phases   ] GC(3)   Evacuate Collection Set: 2.44ms
[2024-12-16T11:29:45.923+0100][gc,phases   ] GC(3)   Post Evacuate Collection Set: 0.32ms
[2024-12-16T11:29:45.923+0100][gc,phases   ] GC(3)   Other: 0.06ms
[2024-12-16T11:29:45.923+0100][gc,heap     ] GC(3) Eden regions: 49->0(46)
[2024-12-16T11:29:45.923+0100][gc,heap     ] GC(3) Survivor regions: 2->5(7)
[2024-12-16T11:29:45.923+0100][gc,heap     ] GC(3) Old regions: 11->11
[2024-12-16T11:29:45.923+0100][gc,heap     ] GC(3) Humongous regions: 9->9
[2024-12-16T11:29:45.923+0100][gc,metaspace] GC(3) Metaspace: 32167K(32512K)->32167K(32512K) NonClass: 28521K(28736K)->28521K(28736K) Class: 3645K(3776K)->3645K(3776K)
[2024-12-16T11:29:45.923+0100][gc          ] GC(3) Pause Young (Prepare Mixed) (G1 Evacuation Pause) 68M->22M(1024M) 3.151ms
[2024-12-16T11:29:45.923+0100][gc,cpu      ] GC(3) User=0.02s Sys=0.00s Real=0.00s
[2024-12-16T11:29:46.074+0100][gc,start    ] GC(4) Pause Young (Mixed) (Metadata GC Threshold)
[2024-12-16T11:29:46.074+0100][gc,task     ] GC(4) Using 8 workers of 8 for evacuation
[2024-12-16T11:29:46.078+0100][gc,phases   ] GC(4)   Pre Evacuate Collection Set: 0.27ms
[2024-12-16T11:29:46.079+0100][gc,phases   ] GC(4)   Merge Heap Roots: 0.04ms
[2024-12-16T11:29:46.079+0100][gc,phases   ] GC(4)   Evacuate Collection Set: 3.54ms
[2024-12-16T11:29:46.079+0100][gc,phases   ] GC(4)   Post Evacuate Collection Set: 0.40ms
[2024-12-16T11:29:46.079+0100][gc,phases   ] GC(4)   Other: 0.06ms
[2024-12-16T11:29:46.079+0100][gc,heap     ] GC(4) Eden regions: 24->0(44)
[2024-12-16T11:29:46.079+0100][gc,heap     ] GC(4) Survivor regions: 5->7(7)
[2024-12-16T11:29:46.079+0100][gc,heap     ] GC(4) Old regions: 11->11
[2024-12-16T11:29:46.079+0100][gc,heap     ] GC(4) Humongous regions: 9->9
[2024-12-16T11:29:46.079+0100][gc,metaspace] GC(4) Metaspace: 35802K(36096K)->35802K(36096K) NonClass: 31778K(31936K)->31778K(31936K) Class: 4024K(4160K)->4024K(4160K)
[2024-12-16T11:29:46.079+0100][gc          ] GC(4) Pause Young (Mixed) (Metadata GC Threshold) 46M->26M(1024M) 4.457ms
[2024-12-16T11:29:46.079+0100][gc,cpu      ] GC(4) User=0.03s Sys=0.00s Real=0.01s
[2024-12-16T11:29:46.083+0100][gc,start    ] GC(5) Pause Young (Concurrent Start) (Metadata GC Threshold)
[2024-12-16T11:29:46.083+0100][gc,task     ] GC(5) Using 8 workers of 8 for evacuation
[2024-12-16T11:29:46.087+0100][gc,phases   ] GC(5)   Pre Evacuate Collection Set: 0.27ms
[2024-12-16T11:29:46.087+0100][gc,phases   ] GC(5)   Merge Heap Roots: 0.03ms
[2024-12-16T11:29:46.087+0100][gc,phases   ] GC(5)   Evacuate Collection Set: 2.93ms
[2024-12-16T11:29:46.087+0100][gc,phases   ] GC(5)   Post Evacuate Collection Set: 0.21ms
[2024-12-16T11:29:46.087+0100][gc,phases   ] GC(5)   Other: 0.14ms
[2024-12-16T11:29:46.087+0100][gc,heap     ] GC(5) Eden regions: 1->0(50)
[2024-12-16T11:29:46.087+0100][gc,heap     ] GC(5) Survivor regions: 7->1(7)
[2024-12-16T11:29:46.087+0100][gc,heap     ] GC(5) Old regions: 11->18
[2024-12-16T11:29:46.087+0100][gc,heap     ] GC(5) Humongous regions: 9->9
[2024-12-16T11:29:46.087+0100][gc,metaspace] GC(5) Metaspace: 36124K(36416K)->36124K(36416K) NonClass: 32097K(32256K)->32097K(32256K) Class: 4026K(4160K)->4026K(4160K)
[2024-12-16T11:29:46.087+0100][gc          ] GC(5) Pause Young (Concurrent Start) (Metadata GC Threshold) 26M->27M(1024M) 3.742ms
[2024-12-16T11:29:46.087+0100][gc          ] GC(6) Concurrent Mark Cycle
[2024-12-16T11:29:46.087+0100][gc,cpu      ] GC(5) User=0.01s Sys=0.02s Real=0.01s
[2024-12-16T11:29:46.087+0100][gc,marking  ] GC(6) Concurrent Scan Root Regions
[2024-12-16T11:29:46.089+0100][gc,marking  ] GC(6) Concurrent Scan Root Regions 2.101ms
[2024-12-16T11:29:46.089+0100][gc,marking  ] GC(6) Concurrent Mark
[2024-12-16T11:29:46.089+0100][gc,marking  ] GC(6) Concurrent Mark From Roots
[2024-12-16T11:29:46.089+0100][gc,task     ] GC(6) Using 2 workers of 2 for marking
[2024-12-16T11:29:46.095+0100][gc,marking  ] GC(6) Concurrent Mark From Roots 5.416ms
[2024-12-16T11:29:46.095+0100][gc,marking  ] GC(6) Concurrent Preclean
[2024-12-16T11:29:46.095+0100][gc,marking  ] GC(6) Concurrent Preclean 0.063ms
[2024-12-16T11:29:46.095+0100][gc,start    ] GC(6) Pause Remark
[2024-12-16T11:29:46.096+0100][gc          ] GC(6) Pause Remark 28M->28M(1024M) 1.395ms
[2024-12-16T11:29:46.096+0100][gc,cpu      ] GC(6) User=0.00s Sys=0.00s Real=0.00s
[2024-12-16T11:29:46.096+0100][gc,marking  ] GC(6) Concurrent Mark 7.098ms
[2024-12-16T11:29:46.096+0100][gc,marking  ] GC(6) Concurrent Rebuild Remembered Sets and Scrub Regions
[2024-12-16T11:29:46.103+0100][gc,marking  ] GC(6) Concurrent Rebuild Remembered Sets and Scrub Regions 6.867ms
[2024-12-16T11:29:46.103+0100][gc,start    ] GC(6) Pause Cleanup
[2024-12-16T11:29:46.104+0100][gc          ] GC(6) Pause Cleanup 29M->29M(1024M) 0.137ms
[2024-12-16T11:29:46.104+0100][gc,cpu      ] GC(6) User=0.00s Sys=0.00s Real=0.00s
[2024-12-16T11:29:46.104+0100][gc,marking  ] GC(6) Concurrent Clear Claimed Marks
[2024-12-16T11:29:46.104+0100][gc,marking  ] GC(6) Concurrent Clear Claimed Marks 0.032ms
[2024-12-16T11:29:46.104+0100][gc,marking  ] GC(6) Concurrent Cleanup for Next Mark
[2024-12-16T11:29:46.105+0100][gc,marking  ] GC(6) Concurrent Cleanup for Next Mark 1.531ms
[2024-12-16T11:29:46.105+0100][gc          ] GC(6) Concurrent Mark Cycle 18.186ms
[2024-12-16T11:33:50.622+0100][gc,start    ] GC(7) Pause Young (Prepare Mixed) (G1 Evacuation Pause)
[2024-12-16T11:33:50.622+0100][gc,task     ] GC(7) Using 8 workers of 8 for evacuation
[2024-12-16T11:33:50.627+0100][gc,phases   ] GC(7)   Pre Evacuate Collection Set: 0.39ms
[2024-12-16T11:33:50.627+0100][gc,phases   ] GC(7)   Merge Heap Roots: 0.12ms
[2024-12-16T11:33:50.627+0100][gc,phases   ] GC(7)   Evacuate Collection Set: 3.10ms
[2024-12-16T11:33:50.627+0100][gc,phases   ] GC(7)   Post Evacuate Collection Set: 0.82ms
[2024-12-16T11:33:50.627+0100][gc,phases   ] GC(7)   Other: 0.11ms
[2024-12-16T11:33:50.627+0100][gc,heap     ] GC(7) Eden regions: 50->0(47)
[2024-12-16T11:33:50.627+0100][gc,heap     ] GC(7) Survivor regions: 1->4(7)
[2024-12-16T11:33:50.627+0100][gc,heap     ] GC(7) Old regions: 18->18
[2024-12-16T11:33:50.627+0100][gc,heap     ] GC(7) Humongous regions: 138->138
[2024-12-16T11:33:50.627+0100][gc,metaspace] GC(7) Metaspace: 41241K(41664K)->41241K(41664K) NonClass: 36553K(36800K)->36553K(36800K) Class: 4688K(4864K)->4688K(4864K)
[2024-12-16T11:33:50.627+0100][gc          ] GC(7) Pause Young (Prepare Mixed) (G1 Evacuation Pause) 206M->159M(1024M) 4.897ms
[2024-12-16T11:33:50.627+0100][gc,cpu      ] GC(7) User=0.02s Sys=0.00s Real=0.01s
[2024-12-16T11:39:16.662+0100][gc,start    ] GC(8) Pause Young (Mixed) (G1 Evacuation Pause)
[2024-12-16T11:39:16.662+0100][gc,task     ] GC(8) Using 8 workers of 8 for evacuation
[2024-12-16T11:39:16.666+0100][gc,phases   ] GC(8)   Pre Evacuate Collection Set: 0.40ms
[2024-12-16T11:39:16.666+0100][gc,phases   ] GC(8)   Merge Heap Roots: 0.07ms
[2024-12-16T11:39:16.666+0100][gc,phases   ] GC(8)   Evacuate Collection Set: 3.37ms
[2024-12-16T11:39:16.666+0100][gc,phases   ] GC(8)   Post Evacuate Collection Set: 0.49ms
[2024-12-16T11:39:16.666+0100][gc,phases   ] GC(8)   Other: 0.07ms
[2024-12-16T11:39:16.666+0100][gc,heap     ] GC(8) Eden regions: 47->0(45)
[2024-12-16T11:39:16.666+0100][gc,heap     ] GC(8) Survivor regions: 4->6(7)
[2024-12-16T11:39:16.666+0100][gc,heap     ] GC(8) Old regions: 18->18
[2024-12-16T11:39:16.666+0100][gc,heap     ] GC(8) Humongous regions: 138->138
[2024-12-16T11:39:16.666+0100][gc,metaspace] GC(8) Metaspace: 44520K(45120K)->44520K(45120K) NonClass: 39470K(39808K)->39470K(39808K) Class: 5049K(5312K)->5049K(5312K)
[2024-12-16T11:39:16.666+0100][gc          ] GC(8) Pause Young (Mixed) (G1 Evacuation Pause) 206M->161M(1024M) 4.569ms
[2024-12-16T11:39:16.666+0100][gc,cpu      ] GC(8) User=0.03s Sys=0.00s Real=0.01s
[2024-12-16T11:45:25.941+0100][gc,start    ] GC(9) Pause Young (Normal) (G1 Evacuation Pause)
[2024-12-16T11:45:25.941+0100][gc,task     ] GC(9) Using 8 workers of 8 for evacuation
[2024-12-16T11:45:25.946+0100][gc,phases   ] GC(9)   Pre Evacuate Collection Set: 0.25ms
[2024-12-16T11:45:25.946+0100][gc,phases   ] GC(9)   Merge Heap Roots: 0.08ms
[2024-12-16T11:45:25.946+0100][gc,phases   ] GC(9)   Evacuate Collection Set: 4.09ms
[2024-12-16T11:45:25.946+0100][gc,phases   ] GC(9)   Post Evacuate Collection Set: 0.34ms
[2024-12-16T11:45:25.946+0100][gc,phases   ] GC(9)   Other: 0.08ms
[2024-12-16T11:45:25.946+0100][gc,heap     ] GC(9) Eden regions: 45->0(47)
[2024-12-16T11:45:25.946+0100][gc,heap     ] GC(9) Survivor regions: 6->4(7)
[2024-12-16T11:45:25.946+0100][gc,heap     ] GC(9) Old regions: 18->21
[2024-12-16T11:45:25.946+0100][gc,heap     ] GC(9) Humongous regions: 138->138
[2024-12-16T11:45:25.946+0100][gc,metaspace] GC(9) Metaspace: 44734K(45312K)->44734K(45312K) NonClass: 39660K(40000K)->39660K(40000K) Class: 5074K(5312K)->5074K(5312K)
[2024-12-16T11:45:25.946+0100][gc          ] GC(9) Pause Young (Normal) (G1 Evacuation Pause) 206M->162M(1024M) 4.987ms
[2024-12-16T11:45:25.946+0100][gc,cpu      ] GC(9) User=0.02s Sys=0.01s Real=0.01s
[2024-12-16T11:52:08.415+0100][gc,start    ] GC(10) Pause Young (Normal) (G1 Evacuation Pause)
[2024-12-16T11:52:08.415+0100][gc,task     ] GC(10) Using 8 workers of 8 for evacuation
[2024-12-16T11:52:08.418+0100][gc,phases   ] GC(10)   Pre Evacuate Collection Set: 0.23ms
[2024-12-16T11:52:08.418+0100][gc,phases   ] GC(10)   Merge Heap Roots: 0.07ms
[2024-12-16T11:52:08.418+0100][gc,phases   ] GC(10)   Evacuate Collection Set: 2.57ms
[2024-12-16T11:52:08.418+0100][gc,phases   ] GC(10)   Post Evacuate Collection Set: 0.33ms
[2024-12-16T11:52:08.418+0100][gc,phases   ] GC(10)   Other: 0.06ms
[2024-12-16T11:52:08.418+0100][gc,heap     ] GC(10) Eden regions: 47->0(47)
[2024-12-16T11:52:08.418+0100][gc,heap     ] GC(10) Survivor regions: 4->4(7)
[2024-12-16T11:52:08.418+0100][gc,heap     ] GC(10) Old regions: 21->21
[2024-12-16T11:52:08.418+0100][gc,heap     ] GC(10) Humongous regions: 138->138
[2024-12-16T11:52:08.418+0100][gc,metaspace] GC(10) Metaspace: 44873K(45440K)->44873K(45440K) NonClass: 39799K(40128K)->39799K(40128K) Class: 5074K(5312K)->5074K(5312K)
[2024-12-16T11:52:08.418+0100][gc          ] GC(10) Pause Young (Normal) (G1 Evacuation Pause) 209M->162M(1024M) 3.423ms
[2024-12-16T11:52:08.418+0100][gc,cpu      ] GC(10) User=0.02s Sys=0.00s Real=0.01s
[2024-12-16T11:59:05.924+0100][gc,start    ] GC(11) Pause Young (Normal) (G1 Evacuation Pause)
[2024-12-16T11:59:05.924+0100][gc,task     ] GC(11) Using 8 workers of 8 for evacuation
[2024-12-16T11:59:05.928+0100][gc,phases   ] GC(11)   Pre Evacuate Collection Set: 0.26ms
[2024-12-16T11:59:05.928+0100][gc,phases   ] GC(11)   Merge Heap Roots: 0.06ms
[2024-12-16T11:59:05.928+0100][gc,phases   ] GC(11)   Evacuate Collection Set: 3.37ms
[2024-12-16T11:59:05.928+0100][gc,phases   ] GC(11)   Post Evacuate Collection Set: 0.49ms
[2024-12-16T11:59:05.928+0100][gc,phases   ] GC(11)   Other: 0.06ms
[2024-12-16T11:59:05.928+0100][gc,heap     ] GC(11) Eden regions: 47->0(45)
[2024-12-16T11:59:05.928+0100][gc,heap     ] GC(11) Survivor regions: 4->6(7)
[2024-12-16T11:59:05.928+0100][gc,heap     ] GC(11) Old regions: 21->21
[2024-12-16T11:59:05.928+0100][gc,heap     ] GC(11) Humongous regions: 138->138
[2024-12-16T11:59:05.928+0100][gc,metaspace] GC(11) Metaspace: 44972K(45504K)->44972K(45504K) NonClass: 39898K(40192K)->39898K(40192K) Class: 5074K(5312K)->5074K(5312K)
[2024-12-16T11:59:05.928+0100][gc          ] GC(11) Pause Young (Normal) (G1 Evacuation Pause) 209M->164M(1024M) 4.395ms
[2024-12-16T11:59:05.928+0100][gc,cpu      ] GC(11) User=0.02s Sys=0.00s Real=0.01s
[2024-12-16T12:05:49.399+0100][gc,start    ] GC(12) Pause Young (Normal) (G1 Evacuation Pause)
[2024-12-16T12:05:49.399+0100][gc,task     ] GC(12) Using 8 workers of 8 for evacuation
[2024-12-16T12:05:49.403+0100][gc,phases   ] GC(12)   Pre Evacuate Collection Set: 0.20ms
[2024-12-16T12:05:49.403+0100][gc,phases   ] GC(12)   Merge Heap Roots: 0.06ms
[2024-12-16T12:05:49.403+0100][gc,phases   ] GC(12)   Evacuate Collection Set: 3.63ms
[2024-12-16T12:05:49.403+0100][gc,phases   ] GC(12)   Post Evacuate Collection Set: 0.28ms
[2024-12-16T12:05:49.403+0100][gc,phases   ] GC(12)   Other: 0.05ms
[2024-12-16T12:05:49.403+0100][gc,heap     ] GC(12) Eden regions: 45->0(96)
[2024-12-16T12:05:49.403+0100][gc,heap     ] GC(12) Survivor regions: 6->3(7)
[2024-12-16T12:05:49.403+0100][gc,heap     ] GC(12) Old regions: 21->24
[2024-12-16T12:05:49.403+0100][gc,heap     ] GC(12) Humongous regions: 138->138
[2024-12-16T12:05:49.403+0100][gc,metaspace] GC(12) Metaspace: 45048K(45632K)->45048K(45632K) NonClass: 39974K(40320K)->39974K(40320K) Class: 5074K(5312K)->5074K(5312K)
[2024-12-16T12:05:49.403+0100][gc          ] GC(12) Pause Young (Normal) (G1 Evacuation Pause) 209M->164M(1024M) 4.395ms
[2024-12-16T12:05:49.403+0100][gc,cpu      ] GC(12) User=0.03s Sys=0.00s Real=0.00s
[2024-12-16T12:21:31.362+0100][gc,start    ] GC(13) Pause Young (Normal) (G1 Evacuation Pause)
[2024-12-16T12:21:31.362+0100][gc,task     ] GC(13) Using 8 workers of 8 for evacuation
[2024-12-16T12:21:31.368+0100][gc,phases   ] GC(13)   Pre Evacuate Collection Set: 0.41ms
[2024-12-16T12:21:31.368+0100][gc,phases   ] GC(13)   Merge Heap Roots: 0.07ms
[2024-12-16T12:21:31.368+0100][gc,phases   ] GC(13)   Evacuate Collection Set: 4.44ms
[2024-12-16T12:21:31.368+0100][gc,phases   ] GC(13)   Post Evacuate Collection Set: 0.39ms
[2024-12-16T12:21:31.368+0100][gc,phases   ] GC(13)   Other: 0.16ms
[2024-12-16T12:21:31.368+0100][gc,heap     ] GC(13) Eden regions: 99->0(96)
[2024-12-16T12:21:31.368+0100][gc,heap     ] GC(13) Survivor regions: 3->6(13)
[2024-12-16T12:21:31.368+0100][gc,heap     ] GC(13) Old regions: 24->24
[2024-12-16T12:21:31.368+0100][gc,heap     ] GC(13) Humongous regions: 138->138
[2024-12-16T12:21:31.368+0100][gc,metaspace] GC(13) Metaspace: 45358K(46016K)->45358K(46016K) NonClass: 40273K(40640K)->40273K(40640K) Class: 5084K(5376K)->5084K(5376K)
[2024-12-16T12:21:31.368+0100][gc          ] GC(13) Pause Young (Normal) (G1 Evacuation Pause) 263M->166M(1024M) 5.689ms
[2024-12-16T12:21:31.368+0100][gc,cpu      ] GC(13) User=0.03s Sys=0.00s Real=0.01s
[2024-12-16T17:16:17.063+0100][gc,start    ] GC(14) Pause Young (Normal) (G1 Evacuation Pause)
[2024-12-16T17:16:17.064+0100][gc,task     ] GC(14) Using 8 workers of 8 for evacuation
[2024-12-16T17:16:17.073+0100][gc,phases   ] GC(14)   Pre Evacuate Collection Set: 0.30ms
[2024-12-16T17:16:17.073+0100][gc,phases   ] GC(14)   Merge Heap Roots: 0.11ms
[2024-12-16T17:16:17.073+0100][gc,phases   ] GC(14)   Evacuate Collection Set: 8.23ms
[2024-12-16T17:16:17.073+0100][gc,phases   ] GC(14)   Post Evacuate Collection Set: 0.36ms
[2024-12-16T17:16:17.073+0100][gc,phases   ] GC(14)   Other: 0.07ms
[2024-12-16T17:16:17.073+0100][gc,heap     ] GC(14) Eden regions: 93->0(96)
[2024-12-16T17:16:17.073+0100][gc,heap     ] GC(14) Survivor regions: 6->11(13)
[2024-12-16T17:16:17.073+0100][gc,heap     ] GC(14) Old regions: 24->24
[2024-12-16T17:16:17.073+0100][gc,heap     ] GC(14) Humongous regions: 147->147
[2024-12-16T17:16:17.073+0100][gc,metaspace] GC(14) Metaspace: 45554K(46144K)->45554K(46144K) NonClass: 40438K(40768K)->40438K(40768K) Class: 5116K(5376K)->5116K(5376K)
[2024-12-16T17:16:17.073+0100][gc          ] GC(14) Pause Young (Normal) (G1 Evacuation Pause) 268M->181M(1024M) 9.257ms
[2024-12-16T17:16:17.073+0100][gc,cpu      ] GC(14) User=0.04s Sys=0.00s Real=0.01s
[2024-12-16T17:31:03.837+0100][gc,start    ] GC(15) Pause Young (Normal) (G1 Evacuation Pause)
[2024-12-16T17:31:03.838+0100][gc,task     ] GC(15) Using 8 workers of 8 for evacuation
[2024-12-16T17:31:03.849+0100][gc,phases   ] GC(15)   Pre Evacuate Collection Set: 0.36ms
[2024-12-16T17:31:03.849+0100][gc,phases   ] GC(15)   Merge Heap Roots: 0.15ms
[2024-12-16T17:31:03.849+0100][gc,phases   ] GC(15)   Evacuate Collection Set: 10.05ms
[2024-12-16T17:31:03.849+0100][gc,phases   ] GC(15)   Post Evacuate Collection Set: 0.50ms
[2024-12-16T17:31:03.849+0100][gc,phases   ] GC(15)   Other: 0.10ms
[2024-12-16T17:31:03.849+0100][gc,heap     ] GC(15) Eden regions: 91->0(155)
[2024-12-16T17:31:03.849+0100][gc,heap     ] GC(15) Survivor regions: 11->7(13)
[2024-12-16T17:31:03.849+0100][gc,heap     ] GC(15) Old regions: 24->28
[2024-12-16T17:31:03.849+0100][gc,heap     ] GC(15) Humongous regions: 147->147
[2024-12-16T17:31:03.849+0100][gc,metaspace] GC(15) Metaspace: 45585K(46208K)->45585K(46208K) NonClass: 40469K(40832K)->40469K(40832K) Class: 5116K(5376K)->5116K(5376K)
[2024-12-16T17:31:03.849+0100][gc          ] GC(15) Pause Young (Normal) (G1 Evacuation Pause) 272M->180M(1024M) 11.436ms
[2024-12-16T17:31:03.849+0100][gc,cpu      ] GC(15) User=0.07s Sys=0.00s Real=0.02s
[2024-12-16T17:51:13.862+0100][gc,start    ] GC(16) Pause Young (Normal) (G1 Evacuation Pause)
[2024-12-16T17:51:13.862+0100][gc,task     ] GC(16) Using 8 workers of 8 for evacuation
[2024-12-16T17:51:13.869+0100][gc,phases   ] GC(16)   Pre Evacuate Collection Set: 0.23ms
[2024-12-16T17:51:13.869+0100][gc,phases   ] GC(16)   Merge Heap Roots: 0.10ms
[2024-12-16T17:51:13.869+0100][gc,phases   ] GC(16)   Evacuate Collection Set: 6.26ms
[2024-12-16T17:51:13.869+0100][gc,phases   ] GC(16)   Post Evacuate Collection Set: 0.49ms
[2024-12-16T17:51:13.869+0100][gc,phases   ] GC(16)   Other: 0.10ms
[2024-12-16T17:51:13.869+0100][gc,heap     ] GC(16) Eden regions: 123->0(240)
[2024-12-16T17:51:13.869+0100][gc,heap     ] GC(16) Survivor regions: 7->8(17)
[2024-12-16T17:51:13.869+0100][gc,heap     ] GC(16) Old regions: 28->28
[2024-12-16T17:51:13.869+0100][gc,heap     ] GC(16) Humongous regions: 147->147
[2024-12-16T17:51:13.869+0100][gc,metaspace] GC(16) Metaspace: 45618K(46208K)->45618K(46208K) NonClass: 40502K(40832K)->40502K(40832K) Class: 5116K(5376K)->5116K(5376K)
[2024-12-16T17:51:13.869+0100][gc          ] GC(16) Pause Young (Normal) (G1 Evacuation Pause) 303M->181M(1024M) 7.405ms
[2024-12-16T17:51:13.869+0100][gc,cpu      ] GC(16) User=0.03s Sys=0.00s Real=0.01s
[2024-12-16T19:40:49.644+0100][gc,start    ] GC(17) Pause Young (Normal) (G1 Evacuation Pause)
[2024-12-16T19:40:49.644+0100][gc,task     ] GC(17) Using 8 workers of 8 for evacuation
[2024-12-16T19:40:49.648+0100][gc,phases   ] GC(17)   Pre Evacuate Collection Set: 0.20ms
[2024-12-16T19:40:49.648+0100][gc,phases   ] GC(17)   Merge Heap Roots: 0.08ms
[2024-12-16T19:40:49.648+0100][gc,phases   ] GC(17)   Evacuate Collection Set: 4.05ms
[2024-12-16T19:40:49.648+0100][gc,phases   ] GC(17)   Post Evacuate Collection Set: 0.46ms
[2024-12-16T19:40:49.649+0100][gc,phases   ] GC(17)   Other: 0.10ms
[2024-12-16T19:40:49.649+0100][gc,heap     ] GC(17) Eden regions: 224->0(608)
[2024-12-16T19:40:49.649+0100][gc,heap     ] GC(17) Survivor regions: 8->6(29)
[2024-12-16T19:40:49.649+0100][gc,heap     ] GC(17) Old regions: 28->28
[2024-12-16T19:40:49.649+0100][gc,heap     ] GC(17) Humongous regions: 147->147
[2024-12-16T19:40:49.649+0100][gc,metaspace] GC(17) Metaspace: 45814K(46400K)->45814K(46400K) NonClass: 40674K(41024K)->40674K(41024K) Class: 5140K(5376K)->5140K(5376K)
[2024-12-16T19:40:49.649+0100][gc          ] GC(17) Pause Young (Normal) (G1 Evacuation Pause) 405M->180M(1024M) 5.068ms
[2024-12-16T19:40:49.649+0100][gc,cpu      ] GC(17) User=0.03s Sys=0.00s Real=0.01s
